Archive member included to satisfy reference by file (symbol)

c:/st/stm32cubeide_1.6.0/stm32cubeide/plugins/com.st.stm32cube.ide.mcu.externaltools.gnu-tools-for-stm32.9-2020-q2-update.win32_1.5.0.202011040924/tools/bin/../lib/gcc/arm-none-eabi/9.3.1/../../../../arm-none-eabi/lib/thumb/v7-m/nofp\libc_nano.a(lib_a-errno.o)
                              Core/Src/syscalls.o (__errno)
c:/st/stm32cubeide_1.6.0/stm32cubeide/plugins/com.st.stm32cube.ide.mcu.externaltools.gnu-tools-for-stm32.9-2020-q2-update.win32_1.5.0.202011040924/tools/bin/../lib/gcc/arm-none-eabi/9.3.1/../../../../arm-none-eabi/lib/thumb/v7-m/nofp\libc_nano.a(lib_a-exit.o)
                              c:/st/stm32cubeide_1.6.0/stm32cubeide/plugins/com.st.stm32cube.ide.mcu.externaltools.gnu-tools-for-stm32.9-2020-q2-update.win32_1.5.0.202011040924/tools/bin/../lib/gcc/arm-none-eabi/9.3.1/../../../../arm-none-eabi/lib/thumb/v7-m/nofp/crt0.o (exit)
c:/st/stm32cubeide_1.6.0/stm32cubeide/plugins/com.st.stm32cube.ide.mcu.externaltools.gnu-tools-for-stm32.9-2020-q2-update.win32_1.5.0.202011040924/tools/bin/../lib/gcc/arm-none-eabi/9.3.1/../../../../arm-none-eabi/lib/thumb/v7-m/nofp\libc_nano.a(lib_a-impure.o)
                              c:/st/stm32cubeide_1.6.0/stm32cubeide/plugins/com.st.stm32cube.ide.mcu.externaltools.gnu-tools-for-stm32.9-2020-q2-update.win32_1.5.0.202011040924/tools/bin/../lib/gcc/arm-none-eabi/9.3.1/../../../../arm-none-eabi/lib/thumb/v7-m/nofp\libc_nano.a(lib_a-exit.o) (_global_impure_ptr)
c:/st/stm32cubeide_1.6.0/stm32cubeide/plugins/com.st.stm32cube.ide.mcu.externaltools.gnu-tools-for-stm32.9-2020-q2-update.win32_1.5.0.202011040924/tools/bin/../lib/gcc/arm-none-eabi/9.3.1/../../../../arm-none-eabi/lib/thumb/v7-m/nofp\libc_nano.a(lib_a-init.o)
                              c:/st/stm32cubeide_1.6.0/stm32cubeide/plugins/com.st.stm32cube.ide.mcu.externaltools.gnu-tools-for-stm32.9-2020-q2-update.win32_1.5.0.202011040924/tools/bin/../lib/gcc/arm-none-eabi/9.3.1/../../../../arm-none-eabi/lib/thumb/v7-m/nofp/crt0.o (__libc_init_array)
c:/st/stm32cubeide_1.6.0/stm32cubeide/plugins/com.st.stm32cube.ide.mcu.externaltools.gnu-tools-for-stm32.9-2020-q2-update.win32_1.5.0.202011040924/tools/bin/../lib/gcc/arm-none-eabi/9.3.1/../../../../arm-none-eabi/lib/thumb/v7-m/nofp\libc_nano.a(lib_a-memset.o)
                              c:/st/stm32cubeide_1.6.0/stm32cubeide/plugins/com.st.stm32cube.ide.mcu.externaltools.gnu-tools-for-stm32.9-2020-q2-update.win32_1.5.0.202011040924/tools/bin/../lib/gcc/arm-none-eabi/9.3.1/../../../../arm-none-eabi/lib/thumb/v7-m/nofp/crt0.o (memset)
c:/st/stm32cubeide_1.6.0/stm32cubeide/plugins/com.st.stm32cube.ide.mcu.externaltools.gnu-tools-for-stm32.9-2020-q2-update.win32_1.5.0.202011040924/tools/bin/../lib/gcc/arm-none-eabi/9.3.1/../../../../arm-none-eabi/lib/thumb/v7-m/nofp\libc_nano.a(lib_a-stpcpy.o)
                              Core/Src/ui_fsm.o (stpcpy)
c:/st/stm32cubeide_1.6.0/stm32cubeide/plugins/com.st.stm32cube.ide.mcu.externaltools.gnu-tools-for-stm32.9-2020-q2-update.win32_1.5.0.202011040924/tools/bin/../lib/gcc/arm-none-eabi/9.3.1/../../../../arm-none-eabi/lib/thumb/v7-m/nofp\libc_nano.a(lib_a-strcat.o)
                              Core/Src/ui_fsm.o (strcat)
c:/st/stm32cubeide_1.6.0/stm32cubeide/plugins/com.st.stm32cube.ide.mcu.externaltools.gnu-tools-for-stm32.9-2020-q2-update.win32_1.5.0.202011040924/tools/bin/../lib/gcc/arm-none-eabi/9.3.1/../../../../arm-none-eabi/lib/thumb/v7-m/nofp\libc_nano.a(lib_a-strcpy.o)
                              Core/Src/ui_fsm.o (strcpy)

Allocating common symbols
Common symbol       size              file

op                  0x1c0             Core/Src/audio_out.o
op_sustain          0x4               Core/Src/audio_out.o
algo                0x1               Core/Src/audio_out.o
env_period          0x2               Core/Src/audio_out.o
fsm_op              0x1               Core/Src/main.o
hi2c2               0x54              Core/Src/main.o
inc_dec             0x1               Core/Src/main.o
op_release          0x4               Core/Src/audio_out.o
display_i2c         0x4               Core/Src/main.o
ui_menu_env_op_converted
                    0xcc              Core/Src/main.o
uwTick              0x4               Drivers/STM32F1xx_HAL_Driver/Src/stm32f1xx_hal.o
temp                0x4               Core/Src/main.o
op_attack           0x4               Core/Src/audio_out.o
midi_buffer_write   0x1               Core/Src/main.o
pFlash              0x20              Drivers/STM32F1xx_HAL_Driver/Src/stm32f1xx_hal_flash.o
fsm_env_op          0x1               Core/Src/main.o
ui_set_converted    0xcc              Core/Src/main.o
present_state       0x1               Core/Src/main.o
op_release_inc      0x8               Core/Src/audio_out.o
hdma_i2c2_tx        0x44              Core/Src/main.o
ui_menu_amp_converted
                    0xcc              Core/Src/main.o
ui_menu_env_converted
                    0xcc              Core/Src/main.o
[...]
Memory Configuration

Name             Origin             Length             Attributes
RAM              0x0000000020000000 0x0000000000005000 xrw
FLASH            0x0000000008000000 0x0000000000020000 xr
*default*        0x0000000000000000 0xffffffffffffffff

Linker script and memory map

LOAD c:/st/stm32cubeide_1.6.0/stm32cubeide/plugins/com.st.stm32cube.ide.mcu.externaltools.gnu-tools-for-stm32.9-2020-q2-update.win32_1.5.0.202011040924/tools/bin/../lib/gcc/arm-none-eabi/9.3.1/thumb/v7-m/nofp/crti.o
LOAD c:/st/stm32cubeide_1.6.0/stm32cubeide/plugins/com.st.stm32cube.ide.mcu.externaltools.gnu-tools-for-stm32.9-2020-q2-update.win32_1.5.0.202011040924/tools/bin/../lib/gcc/arm-none-eabi/9.3.1/thumb/v7-m/nofp/crtbegin.o
LOAD c:/st/stm32cubeide_1.6.0/stm32cubeide/plugins/com.st.stm32cube.ide.mcu.externaltools.gnu-tools-for-stm32.9-2020-q2-update.win32_1.5.0.202011040924/tools/bin/../lib/gcc/arm-none-eabi/9.3.1/../../../../arm-none-eabi/lib/thumb/v7-m/nofp/crt0.o
LOAD Core/Src/audio_out.o
LOAD Core/Src/envelope.o
LOAD Core/Src/main.o
LOAD Core/Src/midi.o
LOAD Core/Src/phase.o
LOAD Core/Src/stm32f1xx_hal_msp.o
LOAD Core/Src/stm32f1xx_it.o
LOAD Core/Src/synth.o
LOAD Core/Src/syscalls.o
LOAD Core/Src/sysmem.o
LOAD Core/Src/system_stm32f1xx.o
LOAD Core/Src/ui.o
LOAD Core/Src/ui_fsm.o
LOAD Core/Startup/startup_stm32f103cbtx.o
LOAD Drivers/STM32F1xx_HAL_Driver/Src/stm32f1xx_hal.o
LOAD Drivers/STM32F1xx_HAL_Driver/Src/stm32f1xx_hal_cortex.o
LOAD Drivers/STM32F1xx_HAL_Driver/Src/stm32f1xx_hal_dma.o
LOAD Drivers/STM32F1xx_HAL_Driver/Src/stm32f1xx_hal_exti.o
LOAD Drivers/STM32F1xx_HAL_Driver/Src/stm32f1xx_hal_flash.o
LOAD Drivers/STM32F1xx_HAL_Driver/Src/stm32f1xx_hal_flash_ex.o
LOAD Drivers/STM32F1xx_HAL_Driver/Src/stm32f1xx_hal_gpio.o
LOAD Drivers/STM32F1xx_HAL_Driver/Src/stm32f1xx_hal_gpio_ex.o
LOAD Drivers/STM32F1xx_HAL_Driver/Src/stm32f1xx_hal_i2c.o
LOAD Drivers/STM32F1xx_HAL_Driver/Src/stm32f1xx_hal_pwr.o
LOAD Drivers/STM32F1xx_HAL_Driver/Src/stm32f1xx_hal_rcc.o
LOAD Drivers/STM32F1xx_HAL_Driver/Src/stm32f1xx_hal_rcc_ex.o
LOAD Drivers/STM32F1xx_HAL_Driver/Src/stm32f1xx_hal_spi.o
LOAD Drivers/STM32F1xx_HAL_Driver/Src/stm32f1xx_hal_tim.o
LOAD Drivers/STM32F1xx_HAL_Driver/Src/stm32f1xx_hal_tim_ex.o
LOAD Drivers/STM32F1xx_HAL_Driver/Src/stm32f1xx_hal_uart.o
START GROUP
LOAD c:/st/stm32cubeide_1.6.0/stm32cubeide/plugins/com.st.stm32cube.ide.mcu.externaltools.gnu-tools-for-stm32.9-2020-q2-update.win32_1.5.0.202011040924/tools/bin/../lib/gcc/arm-none-eabi/9.3.1/../../../../arm-none-eabi/lib/thumb/v7-m/nofp\libc_nano.a
LOAD c:/st/stm32cubeide_1.6.0/stm32cubeide/plugins/com.st.stm32cube.ide.mcu.externaltools.gnu-tools-for-stm32.9-2020-q2-update.win32_1.5.0.202011040924/tools/bin/../lib/gcc/arm-none-eabi/9.3.1/../../../../arm-none-eabi/lib/thumb/v7-m/nofp\libm.a
END GROUP
START GROUP
LOAD c:/st/stm32cubeide_1.6.0/stm32cubeide/plugins/com.st.stm32cube.ide.mcu.externaltools.gnu-tools-for-stm32.9-2020-q2-update.win32_1.5.0.202011040924/tools/bin/../lib/gcc/arm-none-eabi/9.3.1/thumb/v7-m/nofp\libgcc.a
LOAD c:/st/stm32cubeide_1.6.0/stm32cubeide/plugins/com.st.stm32cube.ide.mcu.externaltools.gnu-tools-for-stm32.9-2020-q2-update.win32_1.5.0.202011040924/tools/bin/../lib/gcc/arm-none-eabi/9.3.1/../../../../arm-none-eabi/lib/thumb/v7-m/nofp\libc_nano.a
END GROUP
START GROUP
LOAD c:/st/stm32cubeide_1.6.0/stm32cubeide/plugins/com.st.stm32cube.ide.mcu.externaltools.gnu-tools-for-stm32.9-2020-q2-update.win32_1.5.0.202011040924/tools/bin/../lib/gcc/arm-none-eabi/9.3.1/thumb/v7-m/nofp\libgcc.a
LOAD c:/st/stm32cubeide_1.6.0/stm32cubeide/plugins/com.st.stm32cube.ide.mcu.externaltools.gnu-tools-for-stm32.9-2020-q2-update.win32_1.5.0.202011040924/tools/bin/../lib/gcc/arm-none-eabi/9.3.1/../../../../arm-none-eabi/lib/thumb/v7-m/nofp\libc_nano.a
LOAD c:/st/stm32cubeide_1.6.0/stm32cubeide/plugins/com.st.stm32cube.ide.mcu.externaltools.gnu-tools-for-stm32.9-2020-q2-update.win32_1.5.0.202011040924/tools/bin/../lib/gcc/arm-none-eabi/9.3.1/../../../../arm-none-eabi/lib/thumb/v7-m/nofp\libnosys.a
END GROUP
START GROUP
LOAD c:/st/stm32cubeide_1.6.0/stm32cubeide/plugins/com.st.stm32cube.ide.mcu.externaltools.gnu-tools-for-stm32.9-2020-q2-update.win32_1.5.0.202011040924/tools/bin/../lib/gcc/arm-none-eabi/9.3.1/thumb/v7-m/nofp\libgcc.a
LOAD c:/st/stm32cubeide_1.6.0/stm32cubeide/plugins/com.st.stm32cube.ide.mcu.externaltools.gnu-tools-for-stm32.9-2020-q2-update.win32_1.5.0.202011040924/tools/bin/../lib/gcc/arm-none-eabi/9.3.1/../../../../arm-none-eabi/lib/thumb/v7-m/nofp\libc_nano.a
LOAD c:/st/stm32cubeide_1.6.0/stm32cubeide/plugins/com.st.stm32cube.ide.mcu.externaltools.gnu-tools-for-stm32.9-2020-q2-update.win32_1.5.0.202011040924/tools/bin/../lib/gcc/arm-none-eabi/9.3.1/../../../../arm-none-eabi/lib/thumb/v7-m/nofp\libnosys.a
END GROUP
LOAD c:/st/stm32cubeide_1.6.0/stm32cubeide/plugins/com.st.stm32cube.ide.mcu.externaltools.gnu-tools-for-stm32.9-2020-q2-update.win32_1.5.0.202011040924/tools/bin/../lib/gcc/arm-none-eabi/9.3.1/thumb/v7-m/nofp/crtend.o
LOAD c:/st/stm32cubeide_1.6.0/stm32cubeide/plugins/com.st.stm32cube.ide.mcu.externaltools.gnu-tools-for-stm32.9-2020-q2-update.win32_1.5.0.202011040924/tools/bin/../lib/gcc/arm-none-eabi/9.3.1/thumb/v7-m/nofp/crtn.o
                0x0000000020005000                _estack = (ORIGIN (RAM) + LENGTH (RAM))
                0x0000000000000200                _Min_Heap_Size = 0x200
                0x0000000000000400                _Min_Stack_Size = 0x400

.isr_vector     0x0000000008000000      0x10c
                0x0000000008000000                . = ALIGN (0x4)
 *(.isr_vector)
 .isr_vector    0x0000000008000000      0x10c Core/Startup/startup_stm32f103cbtx.o
                0x0000000008000000                g_pfnVectors
                0x000000000800010c                . = ALIGN (0x4)

.text           0x000000000800010c     0x4e2c
                0x000000000800010c                . = ALIGN (0x4)
 *(.text)
 .text          0x000000000800010c       0x40 c:/st/stm32cubeide_1.6.0/stm32cubeide/plugins/com.st.stm32cube.ide.mcu.externaltools.gnu-tools-for-stm32.9-2020-q2-update.win32_1.5.0.202011040924/tools/bin/../lib/gcc/arm-none-eabi/9.3.1/thumb/v7-m/nofp/crtbegin.o
 *(.text*)
 .text.init_audio_out
                0x000000000800014c       0x28 Core/Src/audio_out.o
                0x000000000800014c                init_audio_out
 .text.update_volume
                0x0000000008000174       0x30 Core/Src/audio_out.o
                0x0000000008000174                update_volume
 .text.SystemClock_Config
                0x00000000080001a4       0x6c Core/Src/main.o
                0x00000000080001a4                SystemClock_Config
 .text.startup.main
                0x0000000008000210      0x240 Core/Src/main.o
                0x0000000008000210                main
 .text.HAL_GPIO_EXTI_Callback
                0x0000000008000450       0xc0 Core/Src/main.o
                0x0000000008000450                HAL_GPIO_EXTI_Callback
 .text.HAL_UART_RxCpltCallback
                0x0000000008000510       0x24 Core/Src/main.o
                0x0000000008000510                HAL_UART_RxCpltCallback
 .text.sample   0x0000000008000534        0xc Core/Src/main.o
                0x0000000008000534                sample
 .text.Error_Handler
                0x0000000008000540        0x4 Core/Src/main.o
                0x0000000008000540                Error_Handler
 .text.init_midi
                0x0000000008000544       0x44 Core/Src/midi.o
                0x0000000008000544                init_midi
 .text.process_midi_byte
                0x0000000008000588      0x120 Core/Src/midi.o
                0x0000000008000588                process_midi_byte
 .text.note_to_freq
                0x00000000080006a8        0xc Core/Src/phase.o
                0x00000000080006a8                note_to_freq
 .text.calculate_delta
                0x00000000080006b4       0x14 Core/Src/phase.o
                0x00000000080006b4                calculate_delta
 .text.HAL_MspInit
                0x00000000080006c8       0x44 Core/Src/stm32f1xx_hal_msp.o
                0x00000000080006c8                HAL_MspInit
 .text.HAL_I2C_MspInit
                0x000000000800070c       0xb4 Core/Src/stm32f1xx_hal_msp.o
                0x000000000800070c                HAL_I2C_MspInit
 .text.HAL_SPI_MspInit
                0x00000000080007c0       0x68 Core/Src/stm32f1xx_hal_msp.o
                0x00000000080007c0                HAL_SPI_MspInit
 .text.HAL_TIM_Base_MspInit
                0x0000000008000828       0x3c Core/Src/stm32f1xx_hal_msp.o
                0x0000000008000828                HAL_TIM_Base_MspInit
 .text.HAL_UART_MspInit
                0x0000000008000864       0x90 Core/Src/stm32f1xx_hal_msp.o
                0x0000000008000864                HAL_UART_MspInit
 .text.NMI_Handler
                0x00000000080008f4        0x4 Core/Src/stm32f1xx_it.o
                0x00000000080008f4                NMI_Handler
 .text.HardFault_Handler
                0x00000000080008f8        0x4 Core/Src/stm32f1xx_it.o
                0x00000000080008f8                HardFault_Handler
 .text.MemManage_Handler
                0x00000000080008fc        0x4 Core/Src/stm32f1xx_it.o
                0x00000000080008fc                MemManage_Handler
 .text.BusFault_Handler
                0x0000000008000900        0x4 Core/Src/stm32f1xx_it.o
                0x0000000008000900                BusFault_Handler
 .text.UsageFault_Handler
                0x0000000008000904        0x4 Core/Src/stm32f1xx_it.o
                0x0000000008000904                UsageFault_Handler
 .text.SVC_Handler
                0x0000000008000908        0x4 Core/Src/stm32f1xx_it.o
                0x0000000008000908                SVC_Handler
 .text.DebugMon_Handler
                0x000000000800090c        0x4 Core/Src/stm32f1xx_it.o
                0x000000000800090c                DebugMon_Handler
 .text.PendSV_Handler
                0x0000000008000910        0x4 Core/Src/stm32f1xx_it.o
                0x0000000008000910                PendSV_Handler
 .text.SysTick_Handler
                0x0000000008000914        0x4 Core/Src/stm32f1xx_it.o
                0x0000000008000914                SysTick_Handler
 .text.EXTI3_IRQHandler
                0x0000000008000918        0x8 Core/Src/stm32f1xx_it.o
                0x0000000008000918                EXTI3_IRQHandler
 .text.DMA1_Channel4_IRQHandler
                0x0000000008000920        0xc Core/Src/stm32f1xx_it.o
                0x0000000008000920                DMA1_Channel4_IRQHandler
 .text.EXTI9_5_IRQHandler
                0x000000000800092c       0x24 Core/Src/stm32f1xx_it.o
                0x000000000800092c                EXTI9_5_IRQHandler
 .text.TIM2_IRQHandler
                0x0000000008000950        0x4 Core/Src/stm32f1xx_it.o
                0x0000000008000950                TIM2_IRQHandler
 .text.I2C2_EV_IRQHandler
                0x0000000008000954        0xc Core/Src/stm32f1xx_it.o
                0x0000000008000954                I2C2_EV_IRQHandler
 .text.USART1_IRQHandler
                0x0000000008000960        0xc Core/Src/stm32f1xx_it.o
                0x0000000008000960                USART1_IRQHandler
 .text.EXTI15_10_IRQHandler
                0x000000000800096c       0x18 Core/Src/stm32f1xx_it.o
                0x000000000800096c                EXTI15_10_IRQHandler
 .text.modulate
                0x0000000008000984      0x41c Core/Src/synth.o
 .text.init_synth
                0x0000000008000da0      0x33c Core/Src/synth.o
                0x0000000008000da0                init_synth
 .text.clear_voices
                0x00000000080010dc       0x24 Core/Src/synth.o
                0x00000000080010dc                clear_voices
 .text.add_voice
                0x0000000008001100      0x1fc Core/Src/synth.o
                0x0000000008001100                add_voice
 .text.release_voice
                0x00000000080012fc       0x7c Core/Src/synth.o
                0x00000000080012fc                release_voice
 .text.synth_sample
                0x0000000008001378      0x3cc Core/Src/synth.o
                0x0000000008001378                synth_sample
 .text.SystemInit
                0x0000000008001744        0x4 Core/Src/system_stm32f1xx.o
                0x0000000008001744                SystemInit
 .text.display_send_command
                0x0000000008001748       0xa8 Core/Src/ui.o
                0x0000000008001748                display_send_command
 .text.init_display
                0x00000000080017f0       0x34 Core/Src/ui.o
                0x00000000080017f0                init_display
 .text.display_i2c_dma_write
                0x0000000008001824       0x18 Core/Src/ui.o
                0x0000000008001824                display_i2c_dma_write
 .text.display_convert_cmd
                0x000000000800183c       0x50 Core/Src/ui.o
                0x000000000800183c                display_convert_cmd
 .text.display_convert_data
                0x000000000800188c       0x50 Core/Src/ui.o
                0x000000000800188c                display_convert_data
 .text.input_invalid
                0x00000000080018dc        0x4 Core/Src/ui_fsm.o
                0x00000000080018dc                input_invalid
 .text.change_inc_dec
                0x00000000080018e0       0x14 Core/Src/ui_fsm.o
                0x00000000080018e0                change_inc_dec
 .text.temp_set_algo
                0x00000000080018f4       0x18 Core/Src/ui_fsm.o
                0x00000000080018f4                temp_set_algo
 .text.select_menu_amp
                0x000000000800190c        0xc Core/Src/ui_fsm.o
                0x000000000800190c                select_menu_amp
 .text.select_menu_ratio
                0x0000000008001918        0xc Core/Src/ui_fsm.o
                0x0000000008001918                select_menu_ratio
 .text.select_menu_detune
                0x0000000008001924        0xc Core/Src/ui_fsm.o
                0x0000000008001924                select_menu_detune
 .text.select_menu_env
                0x0000000008001930        0xc Core/Src/ui_fsm.o
                0x0000000008001930                select_menu_env
 .text.select_menu_algo
                0x000000000800193c        0xc Core/Src/ui_fsm.o
                0x000000000800193c                select_menu_algo
 .text.select_menu_instr
                0x0000000008001948        0xc Core/Src/ui_fsm.o
                0x0000000008001948                select_menu_instr
 .text.enter_menu_instr
                0x0000000008001954        0x4 Core/Src/ui_fsm.o
                0x0000000008001954                enter_menu_instr
 .text.inc_set_instr
                0x0000000008001958        0x4 Core/Src/ui_fsm.o
                0x0000000008001958                inc_set_instr
 .text.dec_set_instr
                0x000000000800195c        0x4 Core/Src/ui_fsm.o
                0x000000000800195c                dec_set_instr
 .text.temp_set_instr
                0x0000000008001960        0x4 Core/Src/ui_fsm.o
                0x0000000008001960                temp_set_instr
 .text.enter_menu_env
                0x0000000008001964       0x58 Core/Src/ui_fsm.o
                0x0000000008001964                enter_menu_env
 .text.enter_menu_algo
                0x00000000080019bc       0x60 Core/Src/ui_fsm.o
                0x00000000080019bc                enter_menu_algo
 .text.inc_set_algo
                0x0000000008001a1c       0x68 Core/Src/ui_fsm.o
                0x0000000008001a1c                inc_set_algo
 .text.inc_menu_env_op
                0x0000000008001a84       0x68 Core/Src/ui_fsm.o
                0x0000000008001a84                inc_menu_env_op
 .text.enter_menu_amp
                0x0000000008001aec       0x70 Core/Src/ui_fsm.o
                0x0000000008001aec                enter_menu_amp
 .text.enter_menu_ratio
                0x0000000008001b5c       0x70 Core/Src/ui_fsm.o
                0x0000000008001b5c                enter_menu_ratio
 .text.enter_menu_detune
                0x0000000008001bcc       0x74 Core/Src/ui_fsm.o
                0x0000000008001bcc                enter_menu_detune
 .text.temp_set_detune
                0x0000000008001c40       0x78 Core/Src/ui_fsm.o
                0x0000000008001c40                temp_set_detune
 .text.temp_set_amp
                0x0000000008001cb8       0x74 Core/Src/ui_fsm.o
                0x0000000008001cb8                temp_set_amp
 .text.temp_set_ratio
                0x0000000008001d2c       0x74 Core/Src/ui_fsm.o
                0x0000000008001d2c                temp_set_ratio
 .text.inc_set_amp
                0x0000000008001da0       0x84 Core/Src/ui_fsm.o
                0x0000000008001da0                inc_set_amp
 .text.dec_set_amp
                0x0000000008001e24       0x84 Core/Src/ui_fsm.o
                0x0000000008001e24                dec_set_amp
 .text.dec_set_detune
                0x0000000008001ea8       0x8c Core/Src/ui_fsm.o
                0x0000000008001ea8                dec_set_detune
 .text.inc_set_detune
                0x0000000008001f34       0x8c Core/Src/ui_fsm.o
                0x0000000008001f34                inc_set_detune
 .text.inc_set_ratio
                0x0000000008001fc0       0x90 Core/Src/ui_fsm.o
                0x0000000008001fc0                inc_set_ratio
 .text.dec_set_ratio
                0x0000000008002050       0x94 Core/Src/ui_fsm.o
                0x0000000008002050                dec_set_ratio
 .text.init_ui  0x00000000080020e4       0xa8 Core/Src/ui_fsm.o
                0x00000000080020e4                init_ui
 .text.fsm      0x000000000800218c       0x50 Core/Src/ui_fsm.o
                0x000000000800218c                fsm
 .text.display_update_menu_env_op
                0x00000000080021dc       0x94 Core/Src/ui_fsm.o
                0x00000000080021dc                display_update_menu_env_op
 .text.enter_menu_env_op
                0x0000000008002270       0x4c Core/Src/ui_fsm.o
                0x0000000008002270                enter_menu_env_op
 .text.inc_set_env
                0x00000000080022bc      0x108 Core/Src/ui_fsm.o
                0x00000000080022bc                inc_set_env
 .text.dec_set_env
                0x00000000080023c4      0x10c Core/Src/ui_fsm.o
                0x00000000080023c4                dec_set_env
 .text.temp_set_env
                0x00000000080024d0       0x60 Core/Src/ui_fsm.o
                0x00000000080024d0                temp_set_env
 .text.Reset_Handler
                0x0000000008002530       0x48 Core/Startup/startup_stm32f103cbtx.o
                0x0000000008002530                Reset_Handler
 .text.Default_Handler
                0x0000000008002578        0x2 Core/Startup/startup_stm32f103cbtx.o
                0x0000000008002578                RTC_Alarm_IRQHandler
                0x0000000008002578                EXTI2_IRQHandler
                0x0000000008002578                TIM1_CC_IRQHandler
                0x0000000008002578                PVD_IRQHandler
                0x0000000008002578                EXTI0_IRQHandler
                0x0000000008002578                ADC1_2_IRQHandler
                0x0000000008002578                SPI1_IRQHandler
                0x0000000008002578                TAMPER_IRQHandler
                0x0000000008002578                USART3_IRQHandler
                0x0000000008002578                RTC_IRQHandler
                0x0000000008002578                DMA1_Channel7_IRQHandler
                0x0000000008002578                CAN1_RX1_IRQHandler
                0x0000000008002578                TIM4_IRQHandler
                0x0000000008002578                I2C1_EV_IRQHandler
                0x0000000008002578                DMA1_Channel6_IRQHandler
                0x0000000008002578                TIM3_IRQHandler
                0x0000000008002578                RCC_IRQHandler
                0x0000000008002578                TIM1_TRG_COM_IRQHandler
                0x0000000008002578                DMA1_Channel1_IRQHandler
                0x0000000008002578                Default_Handler
                0x0000000008002578                SPI2_IRQHandler
                0x0000000008002578                DMA1_Channel5_IRQHandler
                0x0000000008002578                EXTI4_IRQHandler
                0x0000000008002578                USB_LP_CAN1_RX0_IRQHandler
                0x0000000008002578                USB_HP_CAN1_TX_IRQHandler
                0x0000000008002578                DMA1_Channel3_IRQHandler
                0x0000000008002578                TIM1_UP_IRQHandler
                0x0000000008002578                WWDG_IRQHandler
                0x0000000008002578                TIM1_BRK_IRQHandler
                0x0000000008002578                EXTI1_IRQHandler
                0x0000000008002578                USART2_IRQHandler
                0x0000000008002578                I2C2_ER_IRQHandler
                0x0000000008002578                DMA1_Channel2_IRQHandler
                0x0000000008002578                CAN1_SCE_IRQHandler
                0x0000000008002578                FLASH_IRQHandler
                0x0000000008002578                I2C1_ER_IRQHandler
                0x0000000008002578                USBWakeUp_IRQHandler
 *fill*         0x000000000800257a        0x2 
 .text.HAL_InitTick
                0x000000000800257c       0x48 Drivers/STM32F1xx_HAL_Driver/Src/stm32f1xx_hal.o
                0x000000000800257c                HAL_InitTick
 .text.HAL_Init
                0x00000000080025c4       0x24 Drivers/STM32F1xx_HAL_Driver/Src/stm32f1xx_hal.o
                0x00000000080025c4                HAL_Init
 .text.HAL_IncTick
                0x00000000080025e8       0x18 Drivers/STM32F1xx_HAL_Driver/Src/stm32f1xx_hal.o
                0x00000000080025e8                HAL_IncTick
 .text.HAL_GetTick
                0x0000000008002600        0xc Drivers/STM32F1xx_HAL_Driver/Src/stm32f1xx_hal.o
                0x0000000008002600                HAL_GetTick
 .text.HAL_Delay
                0x000000000800260c       0x24 Drivers/STM32F1xx_HAL_Driver/Src/stm32f1xx_hal.o
                0x000000000800260c                HAL_Delay
 .text.HAL_NVIC_SetPriorityGrouping
                0x0000000008002630       0x24 Drivers/STM32F1xx_HAL_Driver/Src/stm32f1xx_hal_cortex.o
                0x0000000008002630                HAL_NVIC_SetPriorityGrouping
 .text.HAL_NVIC_SetPriority
                0x0000000008002654       0x70 Drivers/STM32F1xx_HAL_Driver/Src/stm32f1xx_hal_cortex.o
                0x0000000008002654                HAL_NVIC_SetPriority
 .text.HAL_NVIC_EnableIRQ
                0x00000000080026c4       0x1c Drivers/STM32F1xx_HAL_Driver/Src/stm32f1xx_hal_cortex.o
                0x00000000080026c4                HAL_NVIC_EnableIRQ
 .text.HAL_SYSTICK_Config
                0x00000000080026e0       0x30 Drivers/STM32F1xx_HAL_Driver/Src/stm32f1xx_hal_cortex.o
                0x00000000080026e0                HAL_SYSTICK_Config
 .text.HAL_DMA_Init
                0x0000000008002710       0x64 Drivers/STM32F1xx_HAL_Driver/Src/stm32f1xx_hal_dma.o
                0x0000000008002710                HAL_DMA_Init
 .text.HAL_DMA_Start_IT
                0x0000000008002774       0x84 Drivers/STM32F1xx_HAL_Driver/Src/stm32f1xx_hal_dma.o
                0x0000000008002774                HAL_DMA_Start_IT
 .text.HAL_DMA_Abort
                0x00000000080027f8       0x44 Drivers/STM32F1xx_HAL_Driver/Src/stm32f1xx_hal_dma.o
                0x00000000080027f8                HAL_DMA_Abort
 .text.HAL_DMA_Abort_IT
                0x000000000800283c       0x94 Drivers/STM32F1xx_HAL_Driver/Src/stm32f1xx_hal_dma.o
                0x000000000800283c                HAL_DMA_Abort_IT
 .text.HAL_DMA_IRQHandler
                0x00000000080028d0      0x128 Drivers/STM32F1xx_HAL_Driver/Src/stm32f1xx_hal_dma.o
                0x00000000080028d0                HAL_DMA_IRQHandler
 .text.HAL_DMA_GetState
                0x00000000080029f8        0x8 Drivers/STM32F1xx_HAL_Driver/Src/stm32f1xx_hal_dma.o
                0x00000000080029f8                HAL_DMA_GetState
 .text.HAL_GPIO_Init
                0x0000000008002a00      0x218 Drivers/STM32F1xx_HAL_Driver/Src/stm32f1xx_hal_gpio.o
                0x0000000008002a00                HAL_GPIO_Init
 .text.HAL_GPIO_WritePin
                0x0000000008002c18        0x8 Drivers/STM32F1xx_HAL_Driver/Src/stm32f1xx_hal_gpio.o
                0x0000000008002c18                HAL_GPIO_WritePin
 .text.HAL_GPIO_EXTI_IRQHandler
                0x0000000008002c20       0x18 Drivers/STM32F1xx_HAL_Driver/Src/stm32f1xx_hal_gpio.o
                0x0000000008002c20                HAL_GPIO_EXTI_IRQHandler
 .text.I2C_WaitOnMasterAddressFlagUntilTimeout.constprop.0
                0x0000000008002c38       0x8c Drivers/STM32F1xx_HAL_Driver/Src/stm32f1xx_hal_i2c.o
 .text.I2C_WaitOnMasterAddressFlagUntilTimeout.constprop.1
                0x0000000008002cc4       0x8c Drivers/STM32F1xx_HAL_Driver/Src/stm32f1xx_hal_i2c.o
 .text.HAL_I2C_Init
                0x0000000008002d50      0x188 Drivers/STM32F1xx_HAL_Driver/Src/stm32f1xx_hal_i2c.o
                0x0000000008002d50                HAL_I2C_Init
 .text.HAL_I2C_Master_Transmit
                0x0000000008002ed8      0x298 Drivers/STM32F1xx_HAL_Driver/Src/stm32f1xx_hal_i2c.o
                0x0000000008002ed8                HAL_I2C_Master_Transmit
 .text.HAL_I2C_Master_Transmit_DMA
                0x0000000008003170      0x164 Drivers/STM32F1xx_HAL_Driver/Src/stm32f1xx_hal_i2c.o
                0x0000000008003170                HAL_I2C_Master_Transmit_DMA
 .text.HAL_I2C_MasterTxCpltCallback
                0x00000000080032d4        0x4 Drivers/STM32F1xx_HAL_Driver/Src/stm32f1xx_hal_i2c.o
                0x00000000080032d4                HAL_I2C_MasterTxCpltCallback
 .text.HAL_I2C_MasterRxCpltCallback
                0x00000000080032d8        0x4 Drivers/STM32F1xx_HAL_Driver/Src/stm32f1xx_hal_i2c.o
                0x00000000080032d8                HAL_I2C_MasterRxCpltCallback
 .text.HAL_I2C_SlaveTxCpltCallback
                0x00000000080032dc        0x4 Drivers/STM32F1xx_HAL_Driver/Src/stm32f1xx_hal_i2c.o
                0x00000000080032dc                HAL_I2C_SlaveTxCpltCallback
 .text.HAL_I2C_SlaveRxCpltCallback
                0x00000000080032e0        0x4 Drivers/STM32F1xx_HAL_Driver/Src/stm32f1xx_hal_i2c.o
                0x00000000080032e0                HAL_I2C_SlaveRxCpltCallback
 .text.HAL_I2C_AddrCallback
                0x00000000080032e4        0x4 Drivers/STM32F1xx_HAL_Driver/Src/stm32f1xx_hal_i2c.o
                0x00000000080032e4                HAL_I2C_AddrCallback
 .text.HAL_I2C_ListenCpltCallback
                0x00000000080032e8        0x4 Drivers/STM32F1xx_HAL_Driver/Src/stm32f1xx_hal_i2c.o
                0x00000000080032e8                HAL_I2C_ListenCpltCallback
 .text.HAL_I2C_MemTxCpltCallback
                0x00000000080032ec        0x4 Drivers/STM32F1xx_HAL_Driver/Src/stm32f1xx_hal_i2c.o
                0x00000000080032ec                HAL_I2C_MemTxCpltCallback
 .text.I2C_MemoryTransmit_TXE_BTF
                0x00000000080032f0       0xb8 Drivers/STM32F1xx_HAL_Driver/Src/stm32f1xx_hal_i2c.o
 .text.HAL_I2C_MemRxCpltCallback
                0x00000000080033a8        0x4 Drivers/STM32F1xx_HAL_Driver/Src/stm32f1xx_hal_i2c.o
                0x00000000080033a8                HAL_I2C_MemRxCpltCallback
 .text.HAL_I2C_ErrorCallback
                0x00000000080033ac        0x4 Drivers/STM32F1xx_HAL_Driver/Src/stm32f1xx_hal_i2c.o
                0x00000000080033ac                HAL_I2C_ErrorCallback
 .text.I2C_DMAError
                0x00000000080033b0       0x3c Drivers/STM32F1xx_HAL_Driver/Src/stm32f1xx_hal_i2c.o
 .text.I2C_DMAXferCplt
                0x00000000080033ec      0x110 Drivers/STM32F1xx_HAL_Driver/Src/stm32f1xx_hal_i2c.o
 .text.HAL_I2C_AbortCpltCallback
                0x00000000080034fc        0x4 Drivers/STM32F1xx_HAL_Driver/Src/stm32f1xx_hal_i2c.o
                0x00000000080034fc                HAL_I2C_AbortCpltCallback
 .text.I2C_DMAAbort
                0x0000000008003500       0xf4 Drivers/STM32F1xx_HAL_Driver/Src/stm32f1xx_hal_i2c.o
 .text.I2C_ITError
                0x00000000080035f4      0x16c Drivers/STM32F1xx_HAL_Driver/Src/stm32f1xx_hal_i2c.o
 .text.HAL_I2C_EV_IRQHandler
                0x0000000008003760      0x974 Drivers/STM32F1xx_HAL_Driver/Src/stm32f1xx_hal_i2c.o
                0x0000000008003760                HAL_I2C_EV_IRQHandler
 .text.HAL_RCC_OscConfig
                0x00000000080040d4      0x400 Drivers/STM32F1xx_HAL_Driver/Src/stm32f1xx_hal_rcc.o
                0x00000000080040d4                HAL_RCC_OscConfig
 .text.HAL_RCC_ClockConfig
                0x00000000080044d4      0x19c Drivers/STM32F1xx_HAL_Driver/Src/stm32f1xx_hal_rcc.o
                0x00000000080044d4                HAL_RCC_ClockConfig
 .text.HAL_RCC_GetPCLK1Freq
                0x0000000008004670       0x20 Drivers/STM32F1xx_HAL_Driver/Src/stm32f1xx_hal_rcc.o
                0x0000000008004670                HAL_RCC_GetPCLK1Freq
 .text.HAL_RCC_GetPCLK2Freq
                0x0000000008004690       0x20 Drivers/STM32F1xx_HAL_Driver/Src/stm32f1xx_hal_rcc.o
                0x0000000008004690                HAL_RCC_GetPCLK2Freq
 .text.HAL_SPI_Init
                0x00000000080046b0       0xb4 Drivers/STM32F1xx_HAL_Driver/Src/stm32f1xx_hal_spi.o
                0x00000000080046b0                HAL_SPI_Init
 .text.HAL_TIM_Base_Init
                0x0000000008004764       0xc8 Drivers/STM32F1xx_HAL_Driver/Src/stm32f1xx_hal_tim.o
                0x0000000008004764                HAL_TIM_Base_Init
 .text.HAL_TIM_Base_Start_IT
                0x000000000800482c       0x58 Drivers/STM32F1xx_HAL_Driver/Src/stm32f1xx_hal_tim.o
                0x000000000800482c                HAL_TIM_Base_Start_IT
 .text.HAL_TIM_ConfigClockSource
                0x0000000008004884      0x148 Drivers/STM32F1xx_HAL_Driver/Src/stm32f1xx_hal_tim.o
                0x0000000008004884                HAL_TIM_ConfigClockSource
 .text.HAL_TIMEx_MasterConfigSynchronization
                0x00000000080049cc       0x64 Drivers/STM32F1xx_HAL_Driver/Src/stm32f1xx_hal_tim_ex.o
                0x00000000080049cc                HAL_TIMEx_MasterConfigSynchronization
 .text.HAL_UART_Init
                0x0000000008004a30       0xd4 Drivers/STM32F1xx_HAL_Driver/Src/stm32f1xx_hal_uart.o
                0x0000000008004a30                HAL_UART_Init
 .text.HAL_UART_Receive_IT
                0x0000000008004b04       0x54 Drivers/STM32F1xx_HAL_Driver/Src/stm32f1xx_hal_uart.o
                0x0000000008004b04                HAL_UART_Receive_IT
 .text.HAL_UART_TxCpltCallback
                0x0000000008004b58        0x4 Drivers/STM32F1xx_HAL_Driver/Src/stm32f1xx_hal_uart.o
                0x0000000008004b58                HAL_UART_TxCpltCallback
 .text.HAL_UART_ErrorCallback
                0x0000000008004b5c        0x4 Drivers/STM32F1xx_HAL_Driver/Src/stm32f1xx_hal_uart.o
                0x0000000008004b5c                HAL_UART_ErrorCallback
 .text.UART_DMAAbortOnError
                0x0000000008004b60       0x10 Drivers/STM32F1xx_HAL_Driver/Src/stm32f1xx_hal_uart.o
 .text.HAL_UARTEx_RxEventCallback
                0x0000000008004b70        0x4 Drivers/STM32F1xx_HAL_Driver/Src/stm32f1xx_hal_uart.o
                0x0000000008004b70                HAL_UARTEx_RxEventCallback
 .text.UART_Receive_IT.part.0
                0x0000000008004b74       0xb8 Drivers/STM32F1xx_HAL_Driver/Src/stm32f1xx_hal_uart.o
 .text.HAL_UART_IRQHandler
                0x0000000008004c2c      0x25c Drivers/STM32F1xx_HAL_Driver/Src/stm32f1xx_hal_uart.o
                0x0000000008004c2c                HAL_UART_IRQHandler
 .text.__libc_init_array
                0x0000000008004e88       0x48 c:/st/stm32cubeide_1.6.0/stm32cubeide/plugins/com.st.stm32cube.ide.mcu.externaltools.gnu-tools-for-stm32.9-2020-q2-update.win32_1.5.0.202011040924/tools/bin/../lib/gcc/arm-none-eabi/9.3.1/../../../../arm-none-eabi/lib/thumb/v7-m/nofp\libc_nano.a(lib_a-init.o)
                0x0000000008004e88                __libc_init_array
 .text.memset   0x0000000008004ed0       0x10 c:/st/stm32cubeide_1.6.0/stm32cubeide/plugins/com.st.stm32cube.ide.mcu.externaltools.gnu-tools-for-stm32.9-2020-q2-update.win32_1.5.0.202011040924/tools/bin/../lib/gcc/arm-none-eabi/9.3.1/../../../../arm-none-eabi/lib/thumb/v7-m/nofp\libc_nano.a(lib_a-memset.o)
                0x0000000008004ed0                memset
 .text.stpcpy   0x0000000008004ee0       0x12 c:/st/stm32cubeide_1.6.0/stm32cubeide/plugins/com.st.stm32cube.ide.mcu.externaltools.gnu-tools-for-stm32.9-2020-q2-update.win32_1.5.0.202011040924/tools/bin/../lib/gcc/arm-none-eabi/9.3.1/../../../../arm-none-eabi/lib/thumb/v7-m/nofp\libc_nano.a(lib_a-stpcpy.o)
                0x0000000008004ee0                stpcpy
 .text.strcat   0x0000000008004ef2       0x1e c:/st/stm32cubeide_1.6.0/stm32cubeide/plugins/com.st.stm32cube.ide.mcu.externaltools.gnu-tools-for-stm32.9-2020-q2-update.win32_1.5.0.202011040924/tools/bin/../lib/gcc/arm-none-eabi/9.3.1/../../../../arm-none-eabi/lib/thumb/v7-m/nofp\libc_nano.a(lib_a-strcat.o)
                0x0000000008004ef2                strcat
 .text.strcpy   0x0000000008004f10       0x10 c:/st/stm32cubeide_1.6.0/stm32cubeide/plugins/com.st.stm32cube.ide.mcu.externaltools.gnu-tools-for-stm32.9-2020-q2-update.win32_1.5.0.202011040924/tools/bin/../lib/gcc/arm-none-eabi/9.3.1/../../../../arm-none-eabi/lib/thumb/v7-m/nofp\libc_nano.a(lib_a-strcpy.o)
                0x0000000008004f10                strcpy
 *(.glue_7)
 .glue_7        0x0000000008004f20        0x0 linker stubs
 *(.glue_7t)
 .glue_7t       0x0000000008004f20        0x0 linker stubs
 *(.eh_frame)
 .eh_frame      0x0000000008004f20        0x0 c:/st/stm32cubeide_1.6.0/stm32cubeide/plugins/com.st.stm32cube.ide.mcu.externaltools.gnu-tools-for-stm32.9-2020-q2-update.win32_1.5.0.202011040924/tools/bin/../lib/gcc/arm-none-eabi/9.3.1/thumb/v7-m/nofp/crtbegin.o
 *(.init)
 .init          0x0000000008004f20        0x4 c:/st/stm32cubeide_1.6.0/stm32cubeide/plugins/com.st.stm32cube.ide.mcu.externaltools.gnu-tools-for-stm32.9-2020-q2-update.win32_1.5.0.202011040924/tools/bin/../lib/gcc/arm-none-eabi/9.3.1/thumb/v7-m/nofp/crti.o
                0x0000000008004f20                _init
 .init          0x0000000008004f24        0x8 c:/st/stm32cubeide_1.6.0/stm32cubeide/plugins/com.st.stm32cube.ide.mcu.externaltools.gnu-tools-for-stm32.9-2020-q2-update.win32_1.5.0.202011040924/tools/bin/../lib/gcc/arm-none-eabi/9.3.1/thumb/v7-m/nofp/crtn.o
 *(.fini)
 .fini          0x0000000008004f2c        0x4 c:/st/stm32cubeide_1.6.0/stm32cubeide/plugins/com.st.stm32cube.ide.mcu.externaltools.gnu-tools-for-stm32.9-2020-q2-update.win32_1.5.0.202011040924/tools/bin/../lib/gcc/arm-none-eabi/9.3.1/thumb/v7-m/nofp/crti.o
                0x0000000008004f2c                _fini
 .fini          0x0000000008004f30        0x8 c:/st/stm32cubeide_1.6.0/stm32cubeide/plugins/com.st.stm32cube.ide.mcu.externaltools.gnu-tools-for-stm32.9-2020-q2-update.win32_1.5.0.202011040924/tools/bin/../lib/gcc/arm-none-eabi/9.3.1/thumb/v7-m/nofp/crtn.o
                0x0000000008004f38                . = ALIGN (0x4)
                0x0000000008004f38                _etext = .

.vfp11_veneer   0x0000000008004f38        0x0
 .vfp11_veneer  0x0000000008004f38        0x0 linker stubs

.v4_bx          0x0000000008004f38        0x0
 .v4_bx         0x0000000008004f38        0x0 linker stubs

.iplt           0x0000000008004f38        0x0
 .iplt          0x0000000008004f38        0x0 c:/st/stm32cubeide_1.6.0/stm32cubeide/plugins/com.st.stm32cube.ide.mcu.externaltools.gnu-tools-for-stm32.9-2020-q2-update.win32_1.5.0.202011040924/tools/bin/../lib/gcc/arm-none-eabi/9.3.1/thumb/v7-m/nofp/crtbegin.o

.rodata         0x0000000008004f38     0x15d4
                0x0000000008004f38                . = ALIGN (0x4)
 *(.rodata)
 .rodata        0x0000000008004f38        0xe Core/Src/synth.o
 *(.rodata*)
 *fill*         0x0000000008004f46        0x2 
 .rodata.NOTE_FREQ_TABLE
                0x0000000008004f48      0x100 Core/Src/phase.o
 .rodata.SINE_MOD_TABLE
                0x0000000008005048      0x100 Core/Src/synth.o
 .rodata.SINE_TABLE
                0x0000000008005148      0x100 Core/Src/synth.o
 .rodata.AHBPrescTable
                0x0000000008005248       0x10 Core/Src/system_stm32f1xx.o
                0x0000000008005248                AHBPrescTable
 .rodata.APBPrescTable
                0x0000000008005258        0x8 Core/Src/system_stm32f1xx.o
                0x0000000008005258                APBPrescTable
 .rodata.str1.4
                0x0000000008005260     0x1005 Core/Src/ui.o
 *fill*         0x0000000008006265        0x3 
 .rodata.menu_algo_transitions
                0x0000000008006268       0x20 Core/Src/ui_fsm.o
                0x0000000008006268                menu_algo_transitions
 .rodata.menu_amp_transitions
                0x0000000008006288       0x20 Core/Src/ui_fsm.o
                0x0000000008006288                menu_amp_transitions
 .rodata.menu_detune_transitions
                0x00000000080062a8       0x20 Core/Src/ui_fsm.o
                0x00000000080062a8                menu_detune_transitions
 .rodata.menu_env_op_transitions
                0x00000000080062c8       0x20 Core/Src/ui_fsm.o
                0x00000000080062c8                menu_env_op_transitions
 .rodata.menu_env_transitions
                0x00000000080062e8       0x20 Core/Src/ui_fsm.o
                0x00000000080062e8                menu_env_transitions
 .rodata.menu_instr_transitions
                0x0000000008006308       0x20 Core/Src/ui_fsm.o
                0x0000000008006308                menu_instr_transitions
 .rodata.menu_ratio_transitions
                0x0000000008006328       0x20 Core/Src/ui_fsm.o
                0x0000000008006328                menu_ratio_transitions
 .rodata.set_algo_transitions
                0x0000000008006348       0x20 Core/Src/ui_fsm.o
                0x0000000008006348                set_algo_transitions
 .rodata.set_amp_transitions
                0x0000000008006368       0x30 Core/Src/ui_fsm.o
                0x0000000008006368                set_amp_transitions
 .rodata.set_detune_transitions
                0x0000000008006398       0x30 Core/Src/ui_fsm.o
                0x0000000008006398                set_detune_transitions
 .rodata.set_env_transitions
                0x00000000080063c8       0x30 Core/Src/ui_fsm.o
                0x00000000080063c8                set_env_transitions
 .rodata.set_instr_transitions
                0x00000000080063f8       0x30 Core/Src/ui_fsm.o
                0x00000000080063f8                set_instr_transitions
 .rodata.set_ratio_transitions
                0x0000000008006428       0x30 Core/Src/ui_fsm.o
                0x0000000008006428                set_ratio_transitions
 .rodata.ui_menu_algo
                0x0000000008006458       0x10 Core/Src/ui_fsm.o
                0x0000000008006458                ui_menu_algo
 .rodata.ui_menu_amp
                0x0000000008006468       0x10 Core/Src/ui_fsm.o
                0x0000000008006468                ui_menu_amp
 .rodata.ui_menu_detune
                0x0000000008006478       0x10 Core/Src/ui_fsm.o
                0x0000000008006478                ui_menu_detune
 .rodata.ui_menu_env
                0x0000000008006488       0x10 Core/Src/ui_fsm.o
                0x0000000008006488                ui_menu_env
 .rodata.ui_menu_env_op
                0x0000000008006498       0x10 Core/Src/ui_fsm.o
                0x0000000008006498                ui_menu_env_op
 .rodata.ui_menu_instr
                0x00000000080064a8       0x10 Core/Src/ui_fsm.o
                0x00000000080064a8                ui_menu_instr
 .rodata.ui_menu_ratio
                0x00000000080064b8       0x10 Core/Src/ui_fsm.o
                0x00000000080064b8                ui_menu_ratio
 .rodata.ui_set
                0x00000000080064c8       0x10 Core/Src/ui_fsm.o
                0x00000000080064c8                ui_set
 .rodata.ui_set_algo
                0x00000000080064d8       0x10 Core/Src/ui_fsm.o
                0x00000000080064d8                ui_set_algo
 .rodata.ui_set_env
                0x00000000080064e8       0x10 Core/Src/ui_fsm.o
                0x00000000080064e8                ui_set_env
 .rodata.HAL_RCC_ClockConfig.str1.4
                0x00000000080064f8       0x11 Drivers/STM32F1xx_HAL_Driver/Src/stm32f1xx_hal_rcc.o
                0x000000000800650c                . = ALIGN (0x4)
 *fill*         0x0000000008006509        0x3 

.rel.dyn        0x000000000800650c        0x0
 .rel.iplt      0x000000000800650c        0x0 c:/st/stm32cubeide_1.6.0/stm32cubeide/plugins/com.st.stm32cube.ide.mcu.externaltools.gnu-tools-for-stm32.9-2020-q2-update.win32_1.5.0.202011040924/tools/bin/../lib/gcc/arm-none-eabi/9.3.1/thumb/v7-m/nofp/crtbegin.o

.ARM.extab      0x000000000800650c        0x0
                0x000000000800650c                . = ALIGN (0x4)
 *(.ARM.extab* .gnu.linkonce.armextab.*)
                0x000000000800650c                . = ALIGN (0x4)

.ARM            0x000000000800650c        0x0
                0x000000000800650c                . = ALIGN (0x4)
                0x000000000800650c                __exidx_start = .
 *(.ARM.exidx*)
                0x000000000800650c                __exidx_end = .
                0x000000000800650c                . = ALIGN (0x4)

.preinit_array  0x000000000800650c        0x0
                0x000000000800650c                . = ALIGN (0x4)
                0x000000000800650c                PROVIDE (__preinit_array_start = .)
 *(.preinit_array*)
                0x000000000800650c                PROVIDE (__preinit_array_end = .)
                0x000000000800650c                . = ALIGN (0x4)

.init_array     0x000000000800650c        0x4
                0x000000000800650c                . = ALIGN (0x4)
                0x000000000800650c                PROVIDE (__init_array_start = .)
 *(SORT_BY_NAME(.init_array.*))
 *(.init_array*)
 .init_array    0x000000000800650c        0x4 c:/st/stm32cubeide_1.6.0/stm32cubeide/plugins/com.st.stm32cube.ide.mcu.externaltools.gnu-tools-for-stm32.9-2020-q2-update.win32_1.5.0.202011040924/tools/bin/../lib/gcc/arm-none-eabi/9.3.1/thumb/v7-m/nofp/crtbegin.o
                0x0000000008006510                PROVIDE (__init_array_end = .)
                0x0000000008006510                . = ALIGN (0x4)

.fini_array     0x0000000008006510        0x4
                0x0000000008006510                . = ALIGN (0x4)
                [!provide]                        PROVIDE (__fini_array_start = .)
 *(SORT_BY_NAME(.fini_array.*))
 *(.fini_array*)
 .fini_array    0x0000000008006510        0x4 c:/st/stm32cubeide_1.6.0/stm32cubeide/plugins/com.st.stm32cube.ide.mcu.externaltools.gnu-tools-for-stm32.9-2020-q2-update.win32_1.5.0.202011040924/tools/bin/../lib/gcc/arm-none-eabi/9.3.1/thumb/v7-m/nofp/crtbegin.o
                [!provide]                        PROVIDE (__fini_array_end = .)
                0x0000000008006514                . = ALIGN (0x4)
                0x0000000008006514                _sidata = LOADADDR (.data)

.data           0x0000000020000000      0x8a8 load address 0x0000000008006514
                0x0000000020000000                . = ALIGN (0x4)
                0x0000000020000000                _sdata = .
 *(.data)
 *(.data*)
 .data.SystemCoreClock
                0x0000000020000000        0x4 Core/Src/system_stm32f1xx.o
                0x0000000020000000                SystemCoreClock
 .data.HEX_TO_STRING
                0x0000000020000004      0x204 Core/Src/ui.o
                0x0000000020000004                HEX_TO_STRING
 .data.HEX_TO_STRING_DETUNE
                0x0000000020000208      0x400 Core/Src/ui.o
                0x0000000020000208                HEX_TO_STRING_DETUNE
 .data.HEX_TO_STRING_RATIO
                0x0000000020000608      0x204 Core/Src/ui.o
                0x0000000020000608                HEX_TO_STRING_RATIO
 .data.fsm_transition_table
                0x000000002000080c       0x34 Core/Src/ui_fsm.o
                0x000000002000080c                fsm_transition_table
 .data.ui_string_table
                0x0000000020000840       0x30 Core/Src/ui_fsm.o
                0x0000000020000840                ui_string_table
 .data.ui_string_table_converted
                0x0000000020000870       0x30 Core/Src/ui_fsm.o
                0x0000000020000870                ui_string_table_converted
 .data.uwTickFreq
                0x00000000200008a0        0x1 Drivers/STM32F1xx_HAL_Driver/Src/stm32f1xx_hal.o
                0x00000000200008a0                uwTickFreq
 *fill*         0x00000000200008a1        0x3 
 .data.uwTickPrio
                0x00000000200008a4        0x4 Drivers/STM32F1xx_HAL_Driver/Src/stm32f1xx_hal.o
                0x00000000200008a4                uwTickPrio
 *(.RamFunc)
 *(.RamFunc*)
                0x00000000200008a8                . = ALIGN (0x4)
                0x00000000200008a8                _edata = .

.igot.plt       0x00000000200008a8        0x0 load address 0x0000000008006dbc
 .igot.plt      0x00000000200008a8        0x0 c:/st/stm32cubeide_1.6.0/stm32cubeide/plugins/com.st.stm32cube.ide.mcu.externaltools.gnu-tools-for-stm32.9-2020-q2-update.win32_1.5.0.202011040924/tools/bin/../lib/gcc/arm-none-eabi/9.3.1/thumb/v7-m/nofp/crtbegin.o
                0x00000000200008a8                . = ALIGN (0x4)

.bss            0x00000000200008a8      0xc3c load address 0x0000000008006dbc
                0x00000000200008a8                _sbss = .
                0x00000000200008a8                __bss_start__ = _sbss
 *(.bss)
 .bss           0x00000000200008a8       0x1c c:/st/stm32cubeide_1.6.0/stm32cubeide/plugins/com.st.stm32cube.ide.mcu.externaltools.gnu-tools-for-stm32.9-2020-q2-update.win32_1.5.0.202011040924/tools/bin/../lib/gcc/arm-none-eabi/9.3.1/thumb/v7-m/nofp/crtbegin.o
 *(.bss*)
 *(COMMON)
 COMMON         0x00000000200008c4      0x204 Core/Src/audio_out.o
                0x00000000200008c4                op
                0x0000000020000a84                op_sustain
                0x0000000020000a88                algo
                0x0000000020000a8a                env_period
                0x0000000020000a8c                op_release
                0x0000000020000a90                op_attack
                0x0000000020000a94                op_release_inc
                0x0000000020000a9c                audio_spi
                0x0000000020000aa0                op_amp
                0x0000000020000aa4                op_decay_inc
                0x0000000020000aac                op_detune
                0x0000000020000ab0                op_attack_inc
                0x0000000020000ab8                op_pitch_bend
                0x0000000020000abc                op_decay
                0x0000000020000ac0                output_volume
                0x0000000020000ac4                op_ratio
 COMMON         0x0000000020000ac8      0xa15 Core/Src/main.o
                0x0000000020000ac8                fsm_op
                0x0000000020000acc                hi2c2
                0x0000000020000b20                inc_dec
                0x0000000020000b24                display_i2c
                0x0000000020000b28                ui_menu_env_op_converted
                0x0000000020000bf4                temp
                0x0000000020000bf8                midi_buffer_write
                0x0000000020000bf9                fsm_env_op
                0x0000000020000bfc                ui_set_converted
                0x0000000020000cc8                present_state
                0x0000000020000ccc                hdma_i2c2_tx
                0x0000000020000d10                ui_menu_amp_converted
                0x0000000020000ddc                ui_menu_env_converted
                0x0000000020000ea8                ui_menu_algo_converted
                0x0000000020000f74                huart1
                0x0000000020000fb8                midi_buffer
                0x0000000020001038                ui_menu_instr_converted
                0x0000000020001104                data
                0x0000000020001108                ui_set_algo_converted
                0x00000000200011d4                ui_menu_ratio_converted
                0x00000000200012a0                hspi1
                0x00000000200012f8                htim2
                0x0000000020001340                midi_buffer_read
                0x0000000020001344                ui_menu_detune_converted
                0x0000000020001410                ui_set_env_converted
                0x00000000200014dc                status
 *fill*         0x00000000200014dd        0x3 
 COMMON         0x00000000200014e0        0x4 Drivers/STM32F1xx_HAL_Driver/Src/stm32f1xx_hal.o
                0x00000000200014e0                uwTick
                0x00000000200014e4                . = ALIGN (0x4)
                0x00000000200014e4                _ebss = .
                0x00000000200014e4                __bss_end__ = _ebss

._user_heap_stack
                0x00000000200014e4      0x604 load address 0x0000000008006dbc
                0x00000000200014e8                . = ALIGN (0x8)
 *fill*         0x00000000200014e4        0x4 
                [!provide]                        PROVIDE (end = .)
                0x00000000200014e8                PROVIDE (_end = .)
                0x00000000200016e8                . = (. + _Min_Heap_Size)
 *fill*         0x00000000200014e8      0x200 
                0x0000000020001ae8                . = (. + _Min_Stack_Size)
 *fill*         0x00000000200016e8      0x400 
                0x0000000020001ae8                . = ALIGN (0x8)

/DISCARD/
 libc.a(*)
 libm.a(*)
 libgcc.a(*)

.ARM.attributes
                0x0000000000000000       0x29
 *(.ARM.attributes)
 .ARM.attributes
                0x0000000000000000       0x1d c:/st/stm32cubeide_1.6.0/stm32cubeide/plugins/com.st.stm32cube.ide.mcu.externaltools.gnu-tools-for-stm32.9-2020-q2-update.win32_1.5.0.202011040924/tools/bin/../lib/gcc/arm-none-eabi/9.3.1/thumb/v7-m/nofp/crti.o
 .ARM.attributes
                0x000000000000001d       0x2d c:/st/stm32cubeide_1.6.0/stm32cubeide/plugins/com.st.stm32cube.ide.mcu.externaltools.gnu-tools-for-stm32.9-2020-q2-update.win32_1.5.0.202011040924/tools/bin/../lib/gcc/arm-none-eabi/9.3.1/thumb/v7-m/nofp/crtbegin.o
 .ARM.attributes
                0x000000000000004a       0x2d Core/Src/audio_out.o
 .ARM.attributes
                0x0000000000000077       0x2d Core/Src/main.o
 .ARM.attributes
                0x00000000000000a4       0x2d Core/Src/midi.o
 .ARM.attributes
                0x00000000000000d1       0x2d Core/Src/phase.o
 .ARM.attributes
                0x00000000000000fe       0x2d Core/Src/stm32f1xx_hal_msp.o
 .ARM.attributes
                0x000000000000012b       0x2d Core/Src/stm32f1xx_it.o
 .ARM.attributes
                0x0000000000000158       0x2d Core/Src/synth.o
 .ARM.attributes
                0x0000000000000185       0x2d Core/Src/system_stm32f1xx.o
 .ARM.attributes
                0x00000000000001b2       0x2d Core/Src/ui.o
 .ARM.attributes
                0x00000000000001df       0x2d Core/Src/ui_fsm.o
 .ARM.attributes
                0x000000000000020c       0x21 Core/Startup/startup_stm32f103cbtx.o
 .ARM.attributes
                0x000000000000022d       0x2d Drivers/STM32F1xx_HAL_Driver/Src/stm32f1xx_hal.o
 .ARM.attributes
                0x000000000000025a       0x2d Drivers/STM32F1xx_HAL_Driver/Src/stm32f1xx_hal_cortex.o
 .ARM.attributes
                0x0000000000000287       0x2d Drivers/STM32F1xx_HAL_Driver/Src/stm32f1xx_hal_dma.o
 .ARM.attributes
                0x00000000000002b4       0x2d Drivers/STM32F1xx_HAL_Driver/Src/stm32f1xx_hal_gpio.o
 .ARM.attributes
                0x00000000000002e1       0x2d Drivers/STM32F1xx_HAL_Driver/Src/stm32f1xx_hal_i2c.o
 .ARM.attributes
                0x000000000000030e       0x2d Drivers/STM32F1xx_HAL_Driver/Src/stm32f1xx_hal_rcc.o
 .ARM.attributes
                0x000000000000033b       0x2d Drivers/STM32F1xx_HAL_Driver/Src/stm32f1xx_hal_spi.o
 .ARM.attributes
                0x0000000000000368       0x2d Drivers/STM32F1xx_HAL_Driver/Src/stm32f1xx_hal_tim.o
 .ARM.attributes
                0x0000000000000395       0x2d Drivers/STM32F1xx_HAL_Driver/Src/stm32f1xx_hal_tim_ex.o
 .ARM.attributes
                0x00000000000003c2       0x2d Drivers/STM32F1xx_HAL_Driver/Src/stm32f1xx_hal_uart.o
 .ARM.attributes
                0x00000000000003ef       0x2d c:/st/stm32cubeide_1.6.0/stm32cubeide/plugins/com.st.stm32cube.ide.mcu.externaltools.gnu-tools-for-stm32.9-2020-q2-update.win32_1.5.0.202011040924/tools/bin/../lib/gcc/arm-none-eabi/9.3.1/../../../../arm-none-eabi/lib/thumb/v7-m/nofp\libc_nano.a(lib_a-init.o)
 .ARM.attributes
                0x000000000000041c       0x2d c:/st/stm32cubeide_1.6.0/stm32cubeide/plugins/com.st.stm32cube.ide.mcu.externaltools.gnu-tools-for-stm32.9-2020-q2-update.win32_1.5.0.202011040924/tools/bin/../lib/gcc/arm-none-eabi/9.3.1/../../../../arm-none-eabi/lib/thumb/v7-m/nofp\libc_nano.a(lib_a-memset.o)
 .ARM.attributes
                0x0000000000000449       0x2d c:/st/stm32cubeide_1.6.0/stm32cubeide/plugins/com.st.stm32cube.ide.mcu.externaltools.gnu-tools-for-stm32.9-2020-q2-update.win32_1.5.0.202011040924/tools/bin/../lib/gcc/arm-none-eabi/9.3.1/../../../../arm-none-eabi/lib/thumb/v7-m/nofp\libc_nano.a(lib_a-stpcpy.o)
 .ARM.attributes
                0x0000000000000476       0x2d c:/st/stm32cubeide_1.6.0/stm32cubeide/plugins/com.st.stm32cube.ide.mcu.externaltools.gnu-tools-for-stm32.9-2020-q2-update.win32_1.5.0.202011040924/tools/bin/../lib/gcc/arm-none-eabi/9.3.1/../../../../arm-none-eabi/lib/thumb/v7-m/nofp\libc_nano.a(lib_a-strcat.o)
 .ARM.attributes
                0x00000000000004a3       0x2d c:/st/stm32cubeide_1.6.0/stm32cubeide/plugins/com.st.stm32cube.ide.mcu.externaltools.gnu-tools-for-stm32.9-2020-q2-update.win32_1.5.0.202011040924/tools/bin/../lib/gcc/arm-none-eabi/9.3.1/../../../../arm-none-eabi/lib/thumb/v7-m/nofp\libc_nano.a(lib_a-strcpy.o)
 .ARM.attributes
                0x00000000000004d0       0x1d c:/st/stm32cubeide_1.6.0/stm32cubeide/plugins/com.st.stm32cube.ide.mcu.externaltools.gnu-tools-for-stm32.9-2020-q2-update.win32_1.5.0.202011040924/tools/bin/../lib/gcc/arm-none-eabi/9.3.1/thumb/v7-m/nofp/crtn.o
OUTPUT(fm_synth.elf elf32-littlearm)
LOAD linker stubs
LOAD c:/st/stm32cubeide_1.6.0/stm32cubeide/plugins/com.st.stm32cube.ide.mcu.externaltools.gnu-tools-for-stm32.9-2020-q2-update.win32_1.5.0.202011040924/tools/bin/../lib/gcc/arm-none-eabi/9.3.1/../../../../arm-none-eabi/lib/thumb/v7-m/nofp\libc.a
LOAD c:/st/stm32cubeide_1.6.0/stm32cubeide/plugins/com.st.stm32cube.ide.mcu.externaltools.gnu-tools-for-stm32.9-2020-q2-update.win32_1.5.0.202011040924/tools/bin/../lib/gcc/arm-none-eabi/9.3.1/../../../../arm-none-eabi/lib/thumb/v7-m/nofp\libm.a
LOAD c:/st/stm32cubeide_1.6.0/stm32cubeide/plugins/com.st.stm32cube.ide.mcu.externaltools.gnu-tools-for-stm32.9-2020-q2-update.win32_1.5.0.202011040924/tools/bin/../lib/gcc/arm-none-eabi/9.3.1/thumb/v7-m/nofp\libgcc.a

.debug_info     0x0000000000000000    0x1ecf5
 .debug_info    0x0000000000000000     0x1028 Core/Src/audio_out.o
 .debug_info    0x0000000000001028     0x2e74 Core/Src/main.o
 .debug_info    0x0000000000003e9c      0xec6 Core/Src/midi.o
 .debug_info    0x0000000000004d62      0x494 Core/Src/phase.o
 .debug_info    0x00000000000051f6     0x169b Core/Src/stm32f1xx_hal_msp.o
 .debug_info    0x0000000000006891      0xe53 Core/Src/stm32f1xx_it.o
 .debug_info    0x00000000000076e4     0x1061 Core/Src/synth.o
 .debug_info    0x0000000000008745      0x2cd Core/Src/system_stm32f1xx.o
 .debug_info    0x0000000000008a12      0xd48 Core/Src/ui.o
 .debug_info    0x000000000000975a     0x2ed3 Core/Src/ui_fsm.o
 .debug_info    0x000000000000c62d       0x22 Core/Startup/startup_stm32f103cbtx.o
 .debug_info    0x000000000000c64f      0x869 Drivers/STM32F1xx_HAL_Driver/Src/stm32f1xx_hal.o
 .debug_info    0x000000000000ceb8      0xe3c Drivers/STM32F1xx_HAL_Driver/Src/stm32f1xx_hal_cortex.o
 .debug_info    0x000000000000dcf4      0x953 Drivers/STM32F1xx_HAL_Driver/Src/stm32f1xx_hal_dma.o
 .debug_info    0x000000000000e647      0x761 Drivers/STM32F1xx_HAL_Driver/Src/stm32f1xx_hal_gpio.o
 .debug_info    0x000000000000eda8     0x46ca Drivers/STM32F1xx_HAL_Driver/Src/stm32f1xx_hal_i2c.o
 .debug_info    0x0000000000013472      0xb65 Drivers/STM32F1xx_HAL_Driver/Src/stm32f1xx_hal_rcc.o
 .debug_info    0x0000000000013fd7     0x2256 Drivers/STM32F1xx_HAL_Driver/Src/stm32f1xx_hal_spi.o
 .debug_info    0x000000000001622d     0x4e73 Drivers/STM32F1xx_HAL_Driver/Src/stm32f1xx_hal_tim.o
 .debug_info    0x000000000001b0a0     0x1c2d Drivers/STM32F1xx_HAL_Driver/Src/stm32f1xx_hal_tim_ex.o
 .debug_info    0x000000000001cccd     0x2028 Drivers/STM32F1xx_HAL_Driver/Src/stm32f1xx_hal_uart.o

.debug_abbrev   0x0000000000000000     0x3bad
 .debug_abbrev  0x0000000000000000      0x231 Core/Src/audio_out.o
 .debug_abbrev  0x0000000000000231      0x475 Core/Src/main.o
 .debug_abbrev  0x00000000000006a6      0x32d Core/Src/midi.o
 .debug_abbrev  0x00000000000009d3      0x122 Core/Src/phase.o
 .debug_abbrev  0x0000000000000af5      0x270 Core/Src/stm32f1xx_hal_msp.o
 .debug_abbrev  0x0000000000000d65      0x223 Core/Src/stm32f1xx_it.o
 .debug_abbrev  0x0000000000000f88      0x2fe Core/Src/synth.o
 .debug_abbrev  0x0000000000001286      0x154 Core/Src/system_stm32f1xx.o
 .debug_abbrev  0x00000000000013da      0x2a4 Core/Src/ui.o
 .debug_abbrev  0x000000000000167e      0x4d9 Core/Src/ui_fsm.o
 .debug_abbrev  0x0000000000001b57       0x12 Core/Startup/startup_stm32f103cbtx.o
 .debug_abbrev  0x0000000000001b69      0x27e Drivers/STM32F1xx_HAL_Driver/Src/stm32f1xx_hal.o
 .debug_abbrev  0x0000000000001de7      0x35e Drivers/STM32F1xx_HAL_Driver/Src/stm32f1xx_hal_cortex.o
 .debug_abbrev  0x0000000000002145      0x280 Drivers/STM32F1xx_HAL_Driver/Src/stm32f1xx_hal_dma.o
 .debug_abbrev  0x00000000000023c5      0x228 Drivers/STM32F1xx_HAL_Driver/Src/stm32f1xx_hal_gpio.o
 .debug_abbrev  0x00000000000025ed      0x453 Drivers/STM32F1xx_HAL_Driver/Src/stm32f1xx_hal_i2c.o
 .debug_abbrev  0x0000000000002a40      0x32b Drivers/STM32F1xx_HAL_Driver/Src/stm32f1xx_hal_rcc.o
 .debug_abbrev  0x0000000000002d6b      0x368 Drivers/STM32F1xx_HAL_Driver/Src/stm32f1xx_hal_spi.o
 .debug_abbrev  0x00000000000030d3      0x3ab Drivers/STM32F1xx_HAL_Driver/Src/stm32f1xx_hal_tim.o
 .debug_abbrev  0x000000000000347e      0x355 Drivers/STM32F1xx_HAL_Driver/Src/stm32f1xx_hal_tim_ex.o
 .debug_abbrev  0x00000000000037d3      0x3da Drivers/STM32F1xx_HAL_Driver/Src/stm32f1xx_hal_uart.o

.debug_loc      0x0000000000000000    0x17304
 .debug_loc     0x0000000000000000       0x4a Core/Src/audio_out.o
 .debug_loc     0x000000000000004a      0x123 Core/Src/main.o
 .debug_loc     0x000000000000016d      0x1fe Core/Src/midi.o
 .debug_loc     0x000000000000036b       0x9b Core/Src/phase.o
 .debug_loc     0x0000000000000406      0x147 Core/Src/stm32f1xx_hal_msp.o
 .debug_loc     0x000000000000054d     0x2931 Core/Src/synth.o
 .debug_loc     0x0000000000002e7e       0xe7 Core/Src/system_stm32f1xx.o
 .debug_loc     0x0000000000002f65      0x2c5 Core/Src/ui.o
 .debug_loc     0x000000000000322a      0xb54 Core/Src/ui_fsm.o
 .debug_loc     0x0000000000003d7e      0x168 Drivers/STM32F1xx_HAL_Driver/Src/stm32f1xx_hal.o
 .debug_loc     0x0000000000003ee6      0x75e Drivers/STM32F1xx_HAL_Driver/Src/stm32f1xx_hal_cortex.o
 .debug_loc     0x0000000000004644      0xa9d Drivers/STM32F1xx_HAL_Driver/Src/stm32f1xx_hal_dma.o
 .debug_loc     0x00000000000050e1      0x4a1 Drivers/STM32F1xx_HAL_Driver/Src/stm32f1xx_hal_gpio.o
 .debug_loc     0x0000000000005582     0x4bc0 Drivers/STM32F1xx_HAL_Driver/Src/stm32f1xx_hal_i2c.o
 .debug_loc     0x000000000000a142      0x6fe Drivers/STM32F1xx_HAL_Driver/Src/stm32f1xx_hal_rcc.o
 .debug_loc     0x000000000000a840     0x21c1 Drivers/STM32F1xx_HAL_Driver/Src/stm32f1xx_hal_spi.o
 .debug_loc     0x000000000000ca01     0x6f67 Drivers/STM32F1xx_HAL_Driver/Src/stm32f1xx_hal_tim.o
 .debug_loc     0x0000000000013968     0x185e Drivers/STM32F1xx_HAL_Driver/Src/stm32f1xx_hal_tim_ex.o
 .debug_loc     0x00000000000151c6     0x213e Drivers/STM32F1xx_HAL_Driver/Src/stm32f1xx_hal_uart.o

.debug_aranges  0x0000000000000000      0xed8
 .debug_aranges
                0x0000000000000000       0x28 Core/Src/audio_out.o
 .debug_aranges
                0x0000000000000028       0x48 Core/Src/main.o
 .debug_aranges
                0x0000000000000070       0x48 Core/Src/midi.o
 .debug_aranges
                0x00000000000000b8       0x28 Core/Src/phase.o
 .debug_aranges
                0x00000000000000e0       0x60 Core/Src/stm32f1xx_hal_msp.o
 .debug_aranges
                0x0000000000000140       0x88 Core/Src/stm32f1xx_it.o
 .debug_aranges
                0x00000000000001c8       0x48 Core/Src/synth.o
 .debug_aranges
                0x0000000000000210       0x28 Core/Src/system_stm32f1xx.o
 .debug_aranges
                0x0000000000000238       0x50 Core/Src/ui.o
 .debug_aranges
                0x0000000000000288      0x140 Core/Src/ui_fsm.o
 .debug_aranges
                0x00000000000003c8       0x28 Core/Startup/startup_stm32f103cbtx.o
 .debug_aranges
                0x00000000000003f0       0xd8 Drivers/STM32F1xx_HAL_Driver/Src/stm32f1xx_hal.o
 .debug_aranges
                0x00000000000004c8       0x90 Drivers/STM32F1xx_HAL_Driver/Src/stm32f1xx_hal_cortex.o
 .debug_aranges
                0x0000000000000558       0x78 Drivers/STM32F1xx_HAL_Driver/Src/stm32f1xx_hal_dma.o
 .debug_aranges
                0x00000000000005d0       0x58 Drivers/STM32F1xx_HAL_Driver/Src/stm32f1xx_hal_gpio.o
 .debug_aranges
                0x0000000000000628      0x198 Drivers/STM32F1xx_HAL_Driver/Src/stm32f1xx_hal_i2c.o
 .debug_aranges
                0x00000000000007c0       0x88 Drivers/STM32F1xx_HAL_Driver/Src/stm32f1xx_hal_rcc.o
 .debug_aranges
                0x0000000000000848      0x180 Drivers/STM32F1xx_HAL_Driver/Src/stm32f1xx_hal_spi.o
 .debug_aranges
                0x00000000000009c8      0x278 Drivers/STM32F1xx_HAL_Driver/Src/stm32f1xx_hal_tim.o
 .debug_aranges
                0x0000000000000c40      0x110 Drivers/STM32F1xx_HAL_Driver/Src/stm32f1xx_hal_tim_ex.o
 .debug_aranges
                0x0000000000000d50      0x188 Drivers/STM32F1xx_HAL_Driver/Src/stm32f1xx_hal_uart.o

.debug_ranges   0x0000000000000000     0x3c28
 .debug_ranges  0x0000000000000000       0x18 Core/Src/audio_out.o
 .debug_ranges  0x0000000000000018      0x250 Core/Src/main.o
 .debug_ranges  0x0000000000000268       0xb0 Core/Src/midi.o
 .debug_ranges  0x0000000000000318       0x18 Core/Src/phase.o
 .debug_ranges  0x0000000000000330      0x188 Core/Src/stm32f1xx_hal_msp.o
 .debug_ranges  0x00000000000004b8       0x78 Core/Src/stm32f1xx_it.o
 .debug_ranges  0x0000000000000530      0x8f8 Core/Src/synth.o
 .debug_ranges  0x0000000000000e28       0x18 Core/Src/system_stm32f1xx.o
 .debug_ranges  0x0000000000000e40      0x130 Core/Src/ui.o
 .debug_ranges  0x0000000000000f70      0x608 Core/Src/ui_fsm.o
 .debug_ranges  0x0000000000001578       0x20 Core/Startup/startup_stm32f103cbtx.o
 .debug_ranges  0x0000000000001598       0xc8 Drivers/STM32F1xx_HAL_Driver/Src/stm32f1xx_hal.o
 .debug_ranges  0x0000000000001660      0x180 Drivers/STM32F1xx_HAL_Driver/Src/stm32f1xx_hal_cortex.o
 .debug_ranges  0x00000000000017e0       0xc8 Drivers/STM32F1xx_HAL_Driver/Src/stm32f1xx_hal_dma.o
 .debug_ranges  0x00000000000018a8       0x68 Drivers/STM32F1xx_HAL_Driver/Src/stm32f1xx_hal_gpio.o
 .debug_ranges  0x0000000000001910      0xdf0 Drivers/STM32F1xx_HAL_Driver/Src/stm32f1xx_hal_i2c.o
 .debug_ranges  0x0000000000002700      0x138 Drivers/STM32F1xx_HAL_Driver/Src/stm32f1xx_hal_rcc.o
 .debug_ranges  0x0000000000002838      0x418 Drivers/STM32F1xx_HAL_Driver/Src/stm32f1xx_hal_spi.o
 .debug_ranges  0x0000000000002c50      0x918 Drivers/STM32F1xx_HAL_Driver/Src/stm32f1xx_hal_tim.o
 .debug_ranges  0x0000000000003568      0x260 Drivers/STM32F1xx_HAL_Driver/Src/stm32f1xx_hal_tim_ex.o
 .debug_ranges  0x00000000000037c8      0x460 Drivers/STM32F1xx_HAL_Driver/Src/stm32f1xx_hal_uart.o

.debug_macro    0x0000000000000000    0x18c33
 .debug_macro   0x0000000000000000      0x1e7 Core/Src/audio_out.o
 .debug_macro   0x00000000000001e7      0xa9c Core/Src/audio_out.o
 .debug_macro   0x0000000000000c83      0x22d Core/Src/audio_out.o
 .debug_macro   0x0000000000000eb0       0x2e Core/Src/audio_out.o
 .debug_macro   0x0000000000000ede       0x22 Core/Src/audio_out.o
 .debug_macro   0x0000000000000f00       0x22 Core/Src/audio_out.o
 .debug_macro   0x0000000000000f22       0x8e Core/Src/audio_out.o
 .debug_macro   0x0000000000000fb0       0x51 Core/Src/audio_out.o
 .debug_macro   0x0000000000001001      0x103 Core/Src/audio_out.o
 .debug_macro   0x0000000000001104       0x6a Core/Src/audio_out.o
 .debug_macro   0x000000000000116e      0x1df Core/Src/audio_out.o
 .debug_macro   0x000000000000134d       0x1c Core/Src/audio_out.o
 .debug_macro   0x0000000000001369       0x22 Core/Src/audio_out.o
 .debug_macro   0x000000000000138b       0xc3 Core/Src/audio_out.o
 .debug_macro   0x000000000000144e      0xd23 Core/Src/audio_out.o
 .debug_macro   0x0000000000002171     0xe09e Core/Src/audio_out.o
 .debug_macro   0x000000000001020f       0x6d Core/Src/audio_out.o
 .debug_macro   0x000000000001027c     0x3468 Core/Src/audio_out.o
 .debug_macro   0x00000000000136e4      0x174 Core/Src/audio_out.o
 .debug_macro   0x0000000000013858       0x5c Core/Src/audio_out.o
 .debug_macro   0x00000000000138b4      0x5be Core/Src/audio_out.o
 .debug_macro   0x0000000000013e72      0x289 Core/Src/audio_out.o
 .debug_macro   0x00000000000140fb      0x1cb Core/Src/audio_out.o
 .debug_macro   0x00000000000142c6      0x114 Core/Src/audio_out.o
 .debug_macro   0x00000000000143da      0x1b2 Core/Src/audio_out.o
 .debug_macro   0x000000000001458c       0x27 Core/Src/audio_out.o
 .debug_macro   0x00000000000145b3      0x136 Core/Src/audio_out.o
 .debug_macro   0x00000000000146e9      0x1bc Core/Src/audio_out.o
 .debug_macro   0x00000000000148a5       0x34 Core/Src/audio_out.o
 .debug_macro   0x00000000000148d9       0x3c Core/Src/audio_out.o
 .debug_macro   0x0000000000014915       0x57 Core/Src/audio_out.o
 .debug_macro   0x000000000001496c       0x88 Core/Src/audio_out.o
 .debug_macro   0x00000000000149f4      0x241 Core/Src/audio_out.o
 .debug_macro   0x0000000000014c35      0x287 Core/Src/audio_out.o
 .debug_macro   0x0000000000014ebc      0x141 Core/Src/audio_out.o
 .debug_macro   0x0000000000014ffd      0x217 Core/Src/audio_out.o
 .debug_macro   0x0000000000015214      0x8d1 Core/Src/audio_out.o
 .debug_macro   0x0000000000015ae5      0x279 Core/Src/audio_out.o
 .debug_macro   0x0000000000015d5e       0x83 Core/Src/audio_out.o
 .debug_macro   0x0000000000015de1       0x16 Core/Src/audio_out.o
 .debug_macro   0x0000000000015df7       0x1c Core/Src/audio_out.o
 .debug_macro   0x0000000000015e13       0x34 Core/Src/audio_out.o
 .debug_macro   0x0000000000015e47       0x10 Core/Src/audio_out.o
 .debug_macro   0x0000000000015e57      0x2e4 Core/Src/main.o
 .debug_macro   0x000000000001613b       0x10 Core/Src/main.o
 .debug_macro   0x000000000001614b       0x16 Core/Src/main.o
 .debug_macro   0x0000000000016161       0x52 Core/Src/main.o
 .debug_macro   0x00000000000161b3       0x18 Core/Src/main.o
 .debug_macro   0x00000000000161cb       0x3c Core/Src/main.o
 .debug_macro   0x0000000000016207       0x34 Core/Src/main.o
 .debug_macro   0x000000000001623b       0x16 Core/Src/main.o
 .debug_macro   0x0000000000016251       0x43 Core/Src/main.o
 .debug_macro   0x0000000000016294       0x34 Core/Src/main.o
 .debug_macro   0x00000000000162c8       0x10 Core/Src/main.o
 .debug_macro   0x00000000000162d8       0x58 Core/Src/main.o
 .debug_macro   0x0000000000016330       0x71 Core/Src/main.o
 .debug_macro   0x00000000000163a1       0x1c Core/Src/main.o
 .debug_macro   0x00000000000163bd      0x12a Core/Src/main.o
 .debug_macro   0x00000000000164e7      0x333 Core/Src/main.o
 .debug_macro   0x000000000001681a       0x10 Core/Src/main.o
 .debug_macro   0x000000000001682a       0x35 Core/Src/main.o
 .debug_macro   0x000000000001685f       0x20 Core/Src/main.o
 .debug_macro   0x000000000001687f      0x10c Core/Src/main.o
 .debug_macro   0x000000000001698b       0x2e Core/Src/main.o
 .debug_macro   0x00000000000169b9      0x1e7 Core/Src/midi.o
 .debug_macro   0x0000000000016ba0      0x1c6 Core/Src/phase.o
 .debug_macro   0x0000000000016d66       0x10 Core/Src/phase.o
 .debug_macro   0x0000000000016d76      0x1c1 Core/Src/stm32f1xx_hal_msp.o
 .debug_macro   0x0000000000016f37      0x1cb Core/Src/stm32f1xx_it.o
 .debug_macro   0x0000000000017102      0x1d8 Core/Src/synth.o
 .debug_macro   0x00000000000172da      0x1b7 Core/Src/system_stm32f1xx.o
 .debug_macro   0x0000000000017491      0x1c6 Core/Src/ui.o
 .debug_macro   0x0000000000017657      0x106 Core/Src/ui.o
 .debug_macro   0x000000000001775d      0x2be Core/Src/ui_fsm.o
 .debug_macro   0x0000000000017a1b      0x1db Drivers/STM32F1xx_HAL_Driver/Src/stm32f1xx_hal.o
 .debug_macro   0x0000000000017bf6      0x1b7 Drivers/STM32F1xx_HAL_Driver/Src/stm32f1xx_hal_cortex.o
 .debug_macro   0x0000000000017dad      0x1b7 Drivers/STM32F1xx_HAL_Driver/Src/stm32f1xx_hal_dma.o
 .debug_macro   0x0000000000017f64      0x222 Drivers/STM32F1xx_HAL_Driver/Src/stm32f1xx_hal_gpio.o
 .debug_macro   0x0000000000018186      0x1fe Drivers/STM32F1xx_HAL_Driver/Src/stm32f1xx_hal_i2c.o
 .debug_macro   0x0000000000018384      0x1c9 Drivers/STM32F1xx_HAL_Driver/Src/stm32f1xx_hal_rcc.o
 .debug_macro   0x000000000001854d      0x1bf Drivers/STM32F1xx_HAL_Driver/Src/stm32f1xx_hal_spi.o
 .debug_macro   0x000000000001870c      0x1b8 Drivers/STM32F1xx_HAL_Driver/Src/stm32f1xx_hal_tim.o
 .debug_macro   0x00000000000188c4      0x1b7 Drivers/STM32F1xx_HAL_Driver/Src/stm32f1xx_hal_tim_ex.o
 .debug_macro   0x0000000000018a7b      0x1b8 Drivers/STM32F1xx_HAL_Driver/Src/stm32f1xx_hal_uart.o

.debug_line     0x0000000000000000    0x2178d
 .debug_line    0x0000000000000000      0x73f Core/Src/audio_out.o
 .debug_line    0x000000000000073f      0xe86 Core/Src/main.o
 .debug_line    0x00000000000015c5      0xa4b Core/Src/midi.o
 .debug_line    0x0000000000002010      0x6c7 Core/Src/phase.o
 .debug_line    0x00000000000026d7      0x9b7 Core/Src/stm32f1xx_hal_msp.o
 .debug_line    0x000000000000308e      0x835 Core/Src/stm32f1xx_it.o
 .debug_line    0x00000000000038c3     0x23ec Core/Src/synth.o
 .debug_line    0x0000000000005caf      0x72e Core/Src/system_stm32f1xx.o
 .debug_line    0x00000000000063dd      0x95e Core/Src/ui.o
 .debug_line    0x0000000000006d3b     0x1b0b Core/Src/ui_fsm.o
 .debug_line    0x0000000000008846       0x87 Core/Startup/startup_stm32f103cbtx.o
 .debug_line    0x00000000000088cd      0x9fc Drivers/STM32F1xx_HAL_Driver/Src/stm32f1xx_hal.o
 .debug_line    0x00000000000092c9      0xbc8 Drivers/STM32F1xx_HAL_Driver/Src/stm32f1xx_hal_cortex.o
 .debug_line    0x0000000000009e91     0x11c6 Drivers/STM32F1xx_HAL_Driver/Src/stm32f1xx_hal_dma.o
 .debug_line    0x000000000000b057      0xb71 Drivers/STM32F1xx_HAL_Driver/Src/stm32f1xx_hal_gpio.o
 .debug_line    0x000000000000bbc8     0x6ab2 Drivers/STM32F1xx_HAL_Driver/Src/stm32f1xx_hal_i2c.o
 .debug_line    0x000000000001267a     0x128a Drivers/STM32F1xx_HAL_Driver/Src/stm32f1xx_hal_rcc.o
 .debug_line    0x0000000000013904     0x2fb3 Drivers/STM32F1xx_HAL_Driver/Src/stm32f1xx_hal_spi.o
 .debug_line    0x00000000000168b7     0x6115 Drivers/STM32F1xx_HAL_Driver/Src/stm32f1xx_hal_tim.o
 .debug_line    0x000000000001c9cc     0x1e95 Drivers/STM32F1xx_HAL_Driver/Src/stm32f1xx_hal_tim_ex.o
 .debug_line    0x000000000001e861     0x2f2c Drivers/STM32F1xx_HAL_Driver/Src/stm32f1xx_hal_uart.o

.debug_str      0x0000000000000000    0x8e918
 .debug_str     0x0000000000000000    0x8667d Core/Src/audio_out.o
                                      0x86abd (size before relaxing)
 .debug_str     0x000000000008667d     0x4528 Core/Src/main.o
                                      0x8b1c5 (size before relaxing)
 .debug_str     0x000000000008aba5       0xc4 Core/Src/midi.o
                                      0x86895 (size before relaxing)
 .debug_str     0x000000000008ac69       0x3f Core/Src/phase.o
                                      0x861c1 (size before relaxing)
 .debug_str     0x000000000008aca8      0x13d Core/Src/stm32f1xx_hal_msp.o
                                      0x8709f (size before relaxing)
 .debug_str     0x000000000008ade5      0x1a6 Core/Src/stm32f1xx_it.o
                                      0x86bcb (size before relaxing)
 .debug_str     0x000000000008af8b       0xa0 Core/Src/synth.o
                                      0x86486 (size before relaxing)
 .debug_str     0x000000000008b02b       0x52 Core/Src/system_stm32f1xx.o
                                      0x8617d (size before relaxing)
 .debug_str     0x000000000008b07d      0x105 Core/Src/ui.o
                                      0x86af2 (size before relaxing)
 .debug_str     0x000000000008b182      0x2f0 Core/Src/ui_fsm.o
                                      0x8a680 (size before relaxing)
 .debug_str     0x000000000008b472       0x36 Core/Startup/startup_stm32f103cbtx.o
                                         0x71 (size before relaxing)
 .debug_str     0x000000000008b4a8      0x30b Drivers/STM32F1xx_HAL_Driver/Src/stm32f1xx_hal.o
                                      0x86853 (size before relaxing)
 .debug_str     0x000000000008b7b3      0x294 Drivers/STM32F1xx_HAL_Driver/Src/stm32f1xx_hal_cortex.o
                                      0x86816 (size before relaxing)
 .debug_str     0x000000000008ba47      0x201 Drivers/STM32F1xx_HAL_Driver/Src/stm32f1xx_hal_dma.o
                                      0x86564 (size before relaxing)
 .debug_str     0x000000000008bc48      0x2b6 Drivers/STM32F1xx_HAL_Driver/Src/stm32f1xx_hal_gpio.o
                                      0x86541 (size before relaxing)
 .debug_str     0x000000000008befe      0xb05 Drivers/STM32F1xx_HAL_Driver/Src/stm32f1xx_hal_i2c.o
                                      0x8720d (size before relaxing)
 .debug_str     0x000000000008ca03      0x209 Drivers/STM32F1xx_HAL_Driver/Src/stm32f1xx_hal_rcc.o
                                      0x865a1 (size before relaxing)
 .debug_str     0x000000000008cc0c      0x521 Drivers/STM32F1xx_HAL_Driver/Src/stm32f1xx_hal_spi.o
                                      0x86ac5 (size before relaxing)
 .debug_str     0x000000000008d12d      0xdb1 Drivers/STM32F1xx_HAL_Driver/Src/stm32f1xx_hal_tim.o
                                      0x8759f (size before relaxing)
 .debug_str     0x000000000008dede      0x4b0 Drivers/STM32F1xx_HAL_Driver/Src/stm32f1xx_hal_tim_ex.o
                                      0x86da0 (size before relaxing)
 .debug_str     0x000000000008e38e      0x58a Drivers/STM32F1xx_HAL_Driver/Src/stm32f1xx_hal_uart.o
                                      0x86be3 (size before relaxing)

.comment        0x0000000000000000       0x53
 .comment       0x0000000000000000       0x53 Core/Src/audio_out.o
                                         0x54 (size before relaxing)
 .comment       0x0000000000000053       0x54 Core/Src/main.o
 .comment       0x0000000000000053       0x54 Core/Src/midi.o
 .comment       0x0000000000000053       0x54 Core/Src/phase.o
 .comment       0x0000000000000053       0x54 Core/Src/stm32f1xx_hal_msp.o
 .comment       0x0000000000000053       0x54 Core/Src/stm32f1xx_it.o
 .comment       0x0000000000000053       0x54 Core/Src/synth.o
 .comment       0x0000000000000053       0x54 Core/Src/system_stm32f1xx.o
 .comment       0x0000000000000053       0x54 Core/Src/ui.o
 .comment       0x0000000000000053       0x54 Core/Src/ui_fsm.o
 .comment       0x0000000000000053       0x54 Drivers/STM32F1xx_HAL_Driver/Src/stm32f1xx_hal.o
 .comment       0x0000000000000053       0x54 Drivers/STM32F1xx_HAL_Driver/Src/stm32f1xx_hal_cortex.o
 .comment       0x0000000000000053       0x54 Drivers/STM32F1xx_HAL_Driver/Src/stm32f1xx_hal_dma.o
 .comment       0x0000000000000053       0x54 Drivers/STM32F1xx_HAL_Driver/Src/stm32f1xx_hal_gpio.o
 .comment       0x0000000000000053       0x54 Drivers/STM32F1xx_HAL_Driver/Src/stm32f1xx_hal_i2c.o
 .comment       0x0000000000000053       0x54 Drivers/STM32F1xx_HAL_Driver/Src/stm32f1xx_hal_rcc.o
 .comment       0x0000000000000053       0x54 Drivers/STM32F1xx_HAL_Driver/Src/stm32f1xx_hal_spi.o
 .comment       0x0000000000000053       0x54 Drivers/STM32F1xx_HAL_Driver/Src/stm32f1xx_hal_tim.o
 .comment       0x0000000000000053       0x54 Drivers/STM32F1xx_HAL_Driver/Src/stm32f1xx_hal_tim_ex.o
 .comment       0x0000000000000053       0x54 Drivers/STM32F1xx_HAL_Driver/Src/stm32f1xx_hal_uart.o

.debug_frame    0x0000000000000000     0x3950
 .debug_frame   0x0000000000000000       0x44 Core/Src/audio_out.o
 .debug_frame   0x0000000000000044       0xa0 Core/Src/main.o
 .debug_frame   0x00000000000000e4      0x124 Core/Src/midi.o
 .debug_frame   0x0000000000000208       0x30 Core/Src/phase.o
 .debug_frame   0x0000000000000238      0x120 Core/Src/stm32f1xx_hal_msp.o
 .debug_frame   0x0000000000000358      0x128 Core/Src/stm32f1xx_it.o
 .debug_frame   0x0000000000000480       0xcc Core/Src/synth.o
 .debug_frame   0x000000000000054c       0x30 Core/Src/system_stm32f1xx.o
 .debug_frame   0x000000000000057c       0xf0 Core/Src/ui.o
 .debug_frame   0x000000000000066c      0x4f8 Core/Src/ui_fsm.o
 .debug_frame   0x0000000000000b64      0x1d4 Drivers/STM32F1xx_HAL_Driver/Src/stm32f1xx_hal.o
 .debug_frame   0x0000000000000d38      0x138 Drivers/STM32F1xx_HAL_Driver/Src/stm32f1xx_hal_cortex.o
 .debug_frame   0x0000000000000e70      0x198 Drivers/STM32F1xx_HAL_Driver/Src/stm32f1xx_hal_dma.o
 .debug_frame   0x0000000000001008       0xec Drivers/STM32F1xx_HAL_Driver/Src/stm32f1xx_hal_gpio.o
 .debug_frame   0x00000000000010f4      0x8e4 Drivers/STM32F1xx_HAL_Driver/Src/stm32f1xx_hal_i2c.o
 .debug_frame   0x00000000000019d8      0x1b0 Drivers/STM32F1xx_HAL_Driver/Src/stm32f1xx_hal_rcc.o
 .debug_frame   0x0000000000001b88      0x654 Drivers/STM32F1xx_HAL_Driver/Src/stm32f1xx_hal_spi.o
 .debug_frame   0x00000000000021dc      0xc48 Drivers/STM32F1xx_HAL_Driver/Src/stm32f1xx_hal_tim.o
 .debug_frame   0x0000000000002e24      0x450 Drivers/STM32F1xx_HAL_Driver/Src/stm32f1xx_hal_tim_ex.o
 .debug_frame   0x0000000000003274      0x628 Drivers/STM32F1xx_HAL_Driver/Src/stm32f1xx_hal_uart.o
 .debug_frame   0x000000000000389c       0x2c c:/st/stm32cubeide_1.6.0/stm32cubeide/plugins/com.st.stm32cube.ide.mcu.externaltools.gnu-tools-for-stm32.9-2020-q2-update.win32_1.5.0.202011040924/tools/bin/../lib/gcc/arm-none-eabi/9.3.1/../../../../arm-none-eabi/lib/thumb/v7-m/nofp\libc_nano.a(lib_a-init.o)
 .debug_frame   0x00000000000038c8       0x20 c:/st/stm32cubeide_1.6.0/stm32cubeide/plugins/com.st.stm32cube.ide.mcu.externaltools.gnu-tools-for-stm32.9-2020-q2-update.win32_1.5.0.202011040924/tools/bin/../lib/gcc/arm-none-eabi/9.3.1/../../../../arm-none-eabi/lib/thumb/v7-m/nofp\libc_nano.a(lib_a-memset.o)
 .debug_frame   0x00000000000038e8       0x20 c:/st/stm32cubeide_1.6.0/stm32cubeide/plugins/com.st.stm32cube.ide.mcu.externaltools.gnu-tools-for-stm32.9-2020-q2-update.win32_1.5.0.202011040924/tools/bin/../lib/gcc/arm-none-eabi/9.3.1/../../../../arm-none-eabi/lib/thumb/v7-m/nofp\libc_nano.a(lib_a-stpcpy.o)
 .debug_frame   0x0000000000003908       0x28 c:/st/stm32cubeide_1.6.0/stm32cubeide/plugins/com.st.stm32cube.ide.mcu.externaltools.gnu-tools-for-stm32.9-2020-q2-update.win32_1.5.0.202011040924/tools/bin/../lib/gcc/arm-none-eabi/9.3.1/../../../../arm-none-eabi/lib/thumb/v7-m/nofp\libc_nano.a(lib_a-strcat.o)
 .debug_frame   0x0000000000003930       0x20 c:/st/stm32cubeide_1.6.0/stm32cubeide/plugins/com.st.stm32cube.ide.mcu.externaltools.gnu-tools-for-stm32.9-2020-q2-update.win32_1.5.0.202011040924/tools/bin/../lib/gcc/arm-none-eabi/9.3.1/../../../../arm-none-eabi/lib/thumb/v7-m/nofp\libc_nano.a(lib_a-strcpy.o)
