Archive member included to satisfy reference by file (symbol)

c:/st/stm32cubeide_1.6.0/stm32cubeide/plugins/com.st.stm32cube.ide.mcu.externaltools.gnu-tools-for-stm32.9-2020-q2-update.win32_1.5.0.202011040924/tools/bin/../lib/gcc/arm-none-eabi/9.3.1/../../../../arm-none-eabi/lib/thumb/v7-m/nofp\libc_nano.a(lib_a-errno.o)
                              Core/Src/syscalls.o (__errno)
c:/st/stm32cubeide_1.6.0/stm32cubeide/plugins/com.st.stm32cube.ide.mcu.externaltools.gnu-tools-for-stm32.9-2020-q2-update.win32_1.5.0.202011040924/tools/bin/../lib/gcc/arm-none-eabi/9.3.1/../../../../arm-none-eabi/lib/thumb/v7-m/nofp\libc_nano.a(lib_a-exit.o)
                              c:/st/stm32cubeide_1.6.0/stm32cubeide/plugins/com.st.stm32cube.ide.mcu.externaltools.gnu-tools-for-stm32.9-2020-q2-update.win32_1.5.0.202011040924/tools/bin/../lib/gcc/arm-none-eabi/9.3.1/../../../../arm-none-eabi/lib/thumb/v7-m/nofp/crt0.o (exit)
c:/st/stm32cubeide_1.6.0/stm32cubeide/plugins/com.st.stm32cube.ide.mcu.externaltools.gnu-tools-for-stm32.9-2020-q2-update.win32_1.5.0.202011040924/tools/bin/../lib/gcc/arm-none-eabi/9.3.1/../../../../arm-none-eabi/lib/thumb/v7-m/nofp\libc_nano.a(lib_a-impure.o)
                              c:/st/stm32cubeide_1.6.0/stm32cubeide/plugins/com.st.stm32cube.ide.mcu.externaltools.gnu-tools-for-stm32.9-2020-q2-update.win32_1.5.0.202011040924/tools/bin/../lib/gcc/arm-none-eabi/9.3.1/../../../../arm-none-eabi/lib/thumb/v7-m/nofp\libc_nano.a(lib_a-exit.o) (_global_impure_ptr)
c:/st/stm32cubeide_1.6.0/stm32cubeide/plugins/com.st.stm32cube.ide.mcu.externaltools.gnu-tools-for-stm32.9-2020-q2-update.win32_1.5.0.202011040924/tools/bin/../lib/gcc/arm-none-eabi/9.3.1/../../../../arm-none-eabi/lib/thumb/v7-m/nofp\libc_nano.a(lib_a-init.o)
                              c:/st/stm32cubeide_1.6.0/stm32cubeide/plugins/com.st.stm32cube.ide.mcu.externaltools.gnu-tools-for-stm32.9-2020-q2-update.win32_1.5.0.202011040924/tools/bin/../lib/gcc/arm-none-eabi/9.3.1/../../../../arm-none-eabi/lib/thumb/v7-m/nofp/crt0.o (__libc_init_array)
c:/st/stm32cubeide_1.6.0/stm32cubeide/plugins/com.st.stm32cube.ide.mcu.externaltools.gnu-tools-for-stm32.9-2020-q2-update.win32_1.5.0.202011040924/tools/bin/../lib/gcc/arm-none-eabi/9.3.1/../../../../arm-none-eabi/lib/thumb/v7-m/nofp\libc_nano.a(lib_a-memset.o)
                              c:/st/stm32cubeide_1.6.0/stm32cubeide/plugins/com.st.stm32cube.ide.mcu.externaltools.gnu-tools-for-stm32.9-2020-q2-update.win32_1.5.0.202011040924/tools/bin/../lib/gcc/arm-none-eabi/9.3.1/../../../../arm-none-eabi/lib/thumb/v7-m/nofp/crt0.o (memset)

Allocating common symbols
Common symbol       size              file

op                  0x1c0             Core/Src/audio_out.o
op_sustain          0x4               Core/Src/audio_out.o
algo                0x1               Core/Src/audio_out.o
env_period          0x2               Core/Src/audio_out.o
fsm_op              0x1               Core/Src/main.o
hi2c2               0x54              Core/Src/main.o
inc_dec             0x1               Core/Src/main.o
op_release          0x4               Core/Src/audio_out.o
display_i2c         0x4               Core/Src/main.o
ui_menu_env_op_converted
                    0xcc              Core/Src/main.o
uwTick              0x4               Drivers/STM32F1xx_HAL_Driver/Src/stm32f1xx_hal.o
temp                0x4               Core/Src/main.o
op_attack           0x4               Core/Src/audio_out.o
midi_buffer_write   0x1               Core/Src/main.o
pFlash              0x20              Drivers/STM32F1xx_HAL_Driver/Src/stm32f1xx_hal_flash.o
fsm_env_op          0x1               Core/Src/main.o
ui_set_converted    0xcc              Core/Src/main.o
present_state       0x1               Core/Src/main.o
op_release_inc      0x8               Core/Src/audio_out.o
hdma_i2c2_tx        0x44              Core/Src/main.o
ui_menu_amp_converted
                    0xcc              Core/Src/main.o
ui_menu_env_converted
                    0xcc              Core/Src/main.o
ui_menu_algo_converted
                    0xcc              Core/Src/main.o
huart1              0x44              Core/Src/main.o
audio_spi           0x4               Core/Src/audio_out.o
midi_buffer         0x80              Core/Src/main.o
ui_menu_instr_converted
                    0xcc              Core/Src/main.o
op_amp              0x4               Core/Src/audio_out.o
op_decay_inc        0x8               Core/Src/audio_out.o
data                0x2               Core/Src/main.o
op_attack_inc       0x8               Core/Src/audio_out.o
ui_menu_ratio_converted
                    0xcc              Core/Src/main.o
hspi1               0x58              Core/Src/main.o
ui_menu_lfo_converted
                    0xcc              Core/Src/main.o
htim2               0x48              Core/Src/main.o
ui_menu_fdbk_converted
                    0xcc              Core/Src/main.o
midi_buffer_read    0x1               Core/Src/main.o
ui_menu_detune_converted
[...]
Memory Configuration

Name             Origin             Length             Attributes
RAM              0x0000000020000000 0x0000000000005000 xrw
FLASH            0x0000000008000000 0x0000000000020000 xr
*default*        0x0000000000000000 0xffffffffffffffff

Linker script and memory map

LOAD c:/st/stm32cubeide_1.6.0/stm32cubeide/plugins/com.st.stm32cube.ide.mcu.externaltools.gnu-tools-for-stm32.9-2020-q2-update.win32_1.5.0.202011040924/tools/bin/../lib/gcc/arm-none-eabi/9.3.1/thumb/v7-m/nofp/crti.o
LOAD c:/st/stm32cubeide_1.6.0/stm32cubeide/plugins/com.st.stm32cube.ide.mcu.externaltools.gnu-tools-for-stm32.9-2020-q2-update.win32_1.5.0.202011040924/tools/bin/../lib/gcc/arm-none-eabi/9.3.1/thumb/v7-m/nofp/crtbegin.o
LOAD c:/st/stm32cubeide_1.6.0/stm32cubeide/plugins/com.st.stm32cube.ide.mcu.externaltools.gnu-tools-for-stm32.9-2020-q2-update.win32_1.5.0.202011040924/tools/bin/../lib/gcc/arm-none-eabi/9.3.1/../../../../arm-none-eabi/lib/thumb/v7-m/nofp/crt0.o
LOAD Core/Src/audio_out.o
LOAD Core/Src/envelope.o
LOAD Core/Src/main.o
LOAD Core/Src/midi.o
LOAD Core/Src/phase.o
LOAD Core/Src/stm32f1xx_hal_msp.o
LOAD Core/Src/stm32f1xx_it.o
LOAD Core/Src/synth.o
LOAD Core/Src/syscalls.o
LOAD Core/Src/sysmem.o
LOAD Core/Src/system_stm32f1xx.o
LOAD Core/Src/ui.o
LOAD Core/Src/ui_fsm.o
LOAD Core/Startup/startup_stm32f103cbtx.o
LOAD Drivers/STM32F1xx_HAL_Driver/Src/stm32f1xx_hal.o
LOAD Drivers/STM32F1xx_HAL_Driver/Src/stm32f1xx_hal_cortex.o
LOAD Drivers/STM32F1xx_HAL_Driver/Src/stm32f1xx_hal_dma.o
LOAD Drivers/STM32F1xx_HAL_Driver/Src/stm32f1xx_hal_exti.o
LOAD Drivers/STM32F1xx_HAL_Driver/Src/stm32f1xx_hal_flash.o
LOAD Drivers/STM32F1xx_HAL_Driver/Src/stm32f1xx_hal_flash_ex.o
LOAD Drivers/STM32F1xx_HAL_Driver/Src/stm32f1xx_hal_gpio.o
LOAD Drivers/STM32F1xx_HAL_Driver/Src/stm32f1xx_hal_gpio_ex.o
LOAD Drivers/STM32F1xx_HAL_Driver/Src/stm32f1xx_hal_i2c.o
LOAD Drivers/STM32F1xx_HAL_Driver/Src/stm32f1xx_hal_pwr.o
LOAD Drivers/STM32F1xx_HAL_Driver/Src/stm32f1xx_hal_rcc.o
LOAD Drivers/STM32F1xx_HAL_Driver/Src/stm32f1xx_hal_rcc_ex.o
LOAD Drivers/STM32F1xx_HAL_Driver/Src/stm32f1xx_hal_spi.o
LOAD Drivers/STM32F1xx_HAL_Driver/Src/stm32f1xx_hal_tim.o
LOAD Drivers/STM32F1xx_HAL_Driver/Src/stm32f1xx_hal_tim_ex.o
LOAD Drivers/STM32F1xx_HAL_Driver/Src/stm32f1xx_hal_uart.o
START GROUP
LOAD c:/st/stm32cubeide_1.6.0/stm32cubeide/plugins/com.st.stm32cube.ide.mcu.externaltools.gnu-tools-for-stm32.9-2020-q2-update.win32_1.5.0.202011040924/tools/bin/../lib/gcc/arm-none-eabi/9.3.1/../../../../arm-none-eabi/lib/thumb/v7-m/nofp\libc_nano.a
LOAD c:/st/stm32cubeide_1.6.0/stm32cubeide/plugins/com.st.stm32cube.ide.mcu.externaltools.gnu-tools-for-stm32.9-2020-q2-update.win32_1.5.0.202011040924/tools/bin/../lib/gcc/arm-none-eabi/9.3.1/../../../../arm-none-eabi/lib/thumb/v7-m/nofp\libm.a
END GROUP
START GROUP
LOAD c:/st/stm32cubeide_1.6.0/stm32cubeide/plugins/com.st.stm32cube.ide.mcu.externaltools.gnu-tools-for-stm32.9-2020-q2-update.win32_1.5.0.202011040924/tools/bin/../lib/gcc/arm-none-eabi/9.3.1/thumb/v7-m/nofp\libgcc.a
LOAD c:/st/stm32cubeide_1.6.0/stm32cubeide/plugins/com.st.stm32cube.ide.mcu.externaltools.gnu-tools-for-stm32.9-2020-q2-update.win32_1.5.0.202011040924/tools/bin/../lib/gcc/arm-none-eabi/9.3.1/../../../../arm-none-eabi/lib/thumb/v7-m/nofp\libc_nano.a
END GROUP
START GROUP
LOAD c:/st/stm32cubeide_1.6.0/stm32cubeide/plugins/com.st.stm32cube.ide.mcu.externaltools.gnu-tools-for-stm32.9-2020-q2-update.win32_1.5.0.202011040924/tools/bin/../lib/gcc/arm-none-eabi/9.3.1/thumb/v7-m/nofp\libgcc.a
LOAD c:/st/stm32cubeide_1.6.0/stm32cubeide/plugins/com.st.stm32cube.ide.mcu.externaltools.gnu-tools-for-stm32.9-2020-q2-update.win32_1.5.0.202011040924/tools/bin/../lib/gcc/arm-none-eabi/9.3.1/../../../../arm-none-eabi/lib/thumb/v7-m/nofp\libc_nano.a
LOAD c:/st/stm32cubeide_1.6.0/stm32cubeide/plugins/com.st.stm32cube.ide.mcu.externaltools.gnu-tools-for-stm32.9-2020-q2-update.win32_1.5.0.202011040924/tools/bin/../lib/gcc/arm-none-eabi/9.3.1/../../../../arm-none-eabi/lib/thumb/v7-m/nofp\libnosys.a
END GROUP
START GROUP
LOAD c:/st/stm32cubeide_1.6.0/stm32cubeide/plugins/com.st.stm32cube.ide.mcu.externaltools.gnu-tools-for-stm32.9-2020-q2-update.win32_1.5.0.202011040924/tools/bin/../lib/gcc/arm-none-eabi/9.3.1/thumb/v7-m/nofp\libgcc.a
LOAD c:/st/stm32cubeide_1.6.0/stm32cubeide/plugins/com.st.stm32cube.ide.mcu.externaltools.gnu-tools-for-stm32.9-2020-q2-update.win32_1.5.0.202011040924/tools/bin/../lib/gcc/arm-none-eabi/9.3.1/../../../../arm-none-eabi/lib/thumb/v7-m/nofp\libc_nano.a
LOAD c:/st/stm32cubeide_1.6.0/stm32cubeide/plugins/com.st.stm32cube.ide.mcu.externaltools.gnu-tools-for-stm32.9-2020-q2-update.win32_1.5.0.202011040924/tools/bin/../lib/gcc/arm-none-eabi/9.3.1/../../../../arm-none-eabi/lib/thumb/v7-m/nofp\libnosys.a
END GROUP
LOAD c:/st/stm32cubeide_1.6.0/stm32cubeide/plugins/com.st.stm32cube.ide.mcu.externaltools.gnu-tools-for-stm32.9-2020-q2-update.win32_1.5.0.202011040924/tools/bin/../lib/gcc/arm-none-eabi/9.3.1/thumb/v7-m/nofp/crtend.o
LOAD c:/st/stm32cubeide_1.6.0/stm32cubeide/plugins/com.st.stm32cube.ide.mcu.externaltools.gnu-tools-for-stm32.9-2020-q2-update.win32_1.5.0.202011040924/tools/bin/../lib/gcc/arm-none-eabi/9.3.1/thumb/v7-m/nofp/crtn.o
                0x0000000020005000                _estack = (ORIGIN (RAM) + LENGTH (RAM))
                0x0000000000000200                _Min_Heap_Size = 0x200
                0x0000000000000400                _Min_Stack_Size = 0x400

.isr_vector     0x0000000008000000      0x10c
                0x0000000008000000                . = ALIGN (0x4)
 *(.isr_vector)
 .isr_vector    0x0000000008000000      0x10c Core/Startup/startup_stm32f103cbtx.o
                0x0000000008000000                g_pfnVectors
                0x000000000800010c                . = ALIGN (0x4)

.text           0x000000000800010c     0x4244
                0x000000000800010c                . = ALIGN (0x4)
 *(.text)
 .text          0x000000000800010c       0x40 c:/st/stm32cubeide_1.6.0/stm32cubeide/plugins/com.st.stm32cube.ide.mcu.externaltools.gnu-tools-for-stm32.9-2020-q2-update.win32_1.5.0.202011040924/tools/bin/../lib/gcc/arm-none-eabi/9.3.1/thumb/v7-m/nofp/crtbegin.o
 *(.text*)
 .text.init_audio_out
                0x000000000800014c       0x28 Core/Src/audio_out.o
                0x000000000800014c                init_audio_out
 .text.update_volume
                0x0000000008000174       0x44 Core/Src/audio_out.o
                0x0000000008000174                update_volume
 .text.SystemClock_Config
                0x00000000080001b8       0x6c Core/Src/main.o
                0x00000000080001b8                SystemClock_Config
 .text.startup.main
                0x0000000008000224      0x208 Core/Src/main.o
                0x0000000008000224                main
 .text.HAL_GPIO_EXTI_Callback
                0x000000000800042c       0x24 Core/Src/main.o
                0x000000000800042c                HAL_GPIO_EXTI_Callback
 .text.HAL_UART_RxCpltCallback
                0x0000000008000450       0x24 Core/Src/main.o
                0x0000000008000450                HAL_UART_RxCpltCallback
 .text.sample   0x0000000008000474       0x20 Core/Src/main.o
                0x0000000008000474                sample
 .text.Error_Handler
                0x0000000008000494        0x4 Core/Src/main.o
                0x0000000008000494                Error_Handler
 .text.init_midi
                0x0000000008000498       0x44 Core/Src/midi.o
                0x0000000008000498                init_midi
 .text.process_midi_byte
                0x00000000080004dc       0xec Core/Src/midi.o
                0x00000000080004dc                process_midi_byte
 .text.note_to_freq
                0x00000000080005c8        0xc Core/Src/phase.o
                0x00000000080005c8                note_to_freq
 .text.calculate_delta
                0x00000000080005d4       0x14 Core/Src/phase.o
                0x00000000080005d4                calculate_delta
 .text.HAL_MspInit
                0x00000000080005e8       0x44 Core/Src/stm32f1xx_hal_msp.o
                0x00000000080005e8                HAL_MspInit
 .text.HAL_I2C_MspInit
                0x000000000800062c       0xb4 Core/Src/stm32f1xx_hal_msp.o
                0x000000000800062c                HAL_I2C_MspInit
 .text.HAL_SPI_MspInit
                0x00000000080006e0       0x68 Core/Src/stm32f1xx_hal_msp.o
                0x00000000080006e0                HAL_SPI_MspInit
 .text.HAL_TIM_Base_MspInit
                0x0000000008000748       0x38 Core/Src/stm32f1xx_hal_msp.o
                0x0000000008000748                HAL_TIM_Base_MspInit
 .text.HAL_UART_MspInit
                0x0000000008000780       0x90 Core/Src/stm32f1xx_hal_msp.o
                0x0000000008000780                HAL_UART_MspInit
 .text.NMI_Handler
                0x0000000008000810        0x4 Core/Src/stm32f1xx_it.o
                0x0000000008000810                NMI_Handler
 .text.HardFault_Handler
                0x0000000008000814        0x4 Core/Src/stm32f1xx_it.o
                0x0000000008000814                HardFault_Handler
 .text.MemManage_Handler
                0x0000000008000818        0x4 Core/Src/stm32f1xx_it.o
                0x0000000008000818                MemManage_Handler
 .text.BusFault_Handler
                0x000000000800081c        0x4 Core/Src/stm32f1xx_it.o
                0x000000000800081c                BusFault_Handler
 .text.UsageFault_Handler
                0x0000000008000820        0x4 Core/Src/stm32f1xx_it.o
                0x0000000008000820                UsageFault_Handler
 .text.SVC_Handler
                0x0000000008000824        0x4 Core/Src/stm32f1xx_it.o
                0x0000000008000824                SVC_Handler
 .text.DebugMon_Handler
                0x0000000008000828        0x4 Core/Src/stm32f1xx_it.o
                0x0000000008000828                DebugMon_Handler
 .text.PendSV_Handler
                0x000000000800082c        0x4 Core/Src/stm32f1xx_it.o
                0x000000000800082c                PendSV_Handler
 .text.SysTick_Handler
                0x0000000008000830        0x4 Core/Src/stm32f1xx_it.o
                0x0000000008000830                SysTick_Handler
 .text.DMA1_Channel4_IRQHandler
                0x0000000008000834        0xc Core/Src/stm32f1xx_it.o
                0x0000000008000834                DMA1_Channel4_IRQHandler
 .text.EXTI9_5_IRQHandler
                0x0000000008000840       0x1c Core/Src/stm32f1xx_it.o
                0x0000000008000840                EXTI9_5_IRQHandler
 .text.TIM2_IRQHandler
                0x000000000800085c        0x4 Core/Src/stm32f1xx_it.o
                0x000000000800085c                TIM2_IRQHandler
 .text.I2C2_EV_IRQHandler
                0x0000000008000860        0xc Core/Src/stm32f1xx_it.o
                0x0000000008000860                I2C2_EV_IRQHandler
 .text.USART1_IRQHandler
                0x000000000800086c        0xc Core/Src/stm32f1xx_it.o
                0x000000000800086c                USART1_IRQHandler
 .text.modulate
                0x0000000008000878      0x3f4 Core/Src/synth.o
 .text.init_synth
                0x0000000008000c6c      0x35c Core/Src/synth.o
                0x0000000008000c6c                init_synth
 .text.clear_voices
                0x0000000008000fc8       0x24 Core/Src/synth.o
                0x0000000008000fc8                clear_voices
 .text.add_voice
                0x0000000008000fec      0x1e4 Core/Src/synth.o
                0x0000000008000fec                add_voice
 .text.release_voice
                0x00000000080011d0       0x7c Core/Src/synth.o
                0x00000000080011d0                release_voice
 .text.synth_sample
                0x000000000800124c      0x398 Core/Src/synth.o
                0x000000000800124c                synth_sample
 .text.SystemInit
                0x00000000080015e4        0x4 Core/Src/system_stm32f1xx.o
                0x00000000080015e4                SystemInit
 .text.display_send_command
                0x00000000080015e8       0xa8 Core/Src/ui.o
                0x00000000080015e8                display_send_command
 .text.init_display
                0x0000000008001690       0x34 Core/Src/ui.o
                0x0000000008001690                init_display
 .text.display_i2c_dma_write
                0x00000000080016c4       0x18 Core/Src/ui.o
                0x00000000080016c4                display_i2c_dma_write
 .text.display_convert_cmd
                0x00000000080016dc       0x50 Core/Src/ui.o
                0x00000000080016dc                display_convert_cmd
 .text.display_convert_data
                0x000000000800172c       0x50 Core/Src/ui.o
                0x000000000800172c                display_convert_data
 .text.input_invalid
                0x000000000800177c        0x4 Core/Src/ui_fsm.o
                0x000000000800177c                input_invalid
 .text.change_inc_dec
                0x0000000008001780       0x14 Core/Src/ui_fsm.o
                0x0000000008001780                change_inc_dec
 .text.select_menu_amp
                0x0000000008001794        0xc Core/Src/ui_fsm.o
                0x0000000008001794                select_menu_amp
 .text.select_menu_ratio
                0x00000000080017a0        0xc Core/Src/ui_fsm.o
                0x00000000080017a0                select_menu_ratio
 .text.select_menu_detune
                0x00000000080017ac        0xc Core/Src/ui_fsm.o
                0x00000000080017ac                select_menu_detune
 .text.select_menu_env
                0x00000000080017b8        0xc Core/Src/ui_fsm.o
                0x00000000080017b8                select_menu_env
 .text.select_menu_fdbk
                0x00000000080017c4        0xc Core/Src/ui_fsm.o
                0x00000000080017c4                select_menu_fdbk
 .text.select_menu_lfo
                0x00000000080017d0        0xc Core/Src/ui_fsm.o
                0x00000000080017d0                select_menu_lfo
 .text.select_menu_algo
                0x00000000080017dc        0xc Core/Src/ui_fsm.o
                0x00000000080017dc                select_menu_algo
 .text.select_menu_instr
                0x00000000080017e8        0xc Core/Src/ui_fsm.o
                0x00000000080017e8                select_menu_instr
 .text.temp_set_instr
                0x00000000080017f4        0x4 Core/Src/ui_fsm.o
                0x00000000080017f4                temp_set_instr
 .text.enter_menu_amp
                0x00000000080017f8        0x4 Core/Src/ui_fsm.o
                0x00000000080017f8                enter_menu_amp
 .text.enter_menu_ratio
                0x00000000080017fc        0x4 Core/Src/ui_fsm.o
                0x00000000080017fc                enter_menu_ratio
 .text.enter_menu_detune
                0x0000000008001800        0x4 Core/Src/ui_fsm.o
                0x0000000008001800                enter_menu_detune
 .text.enter_menu_env
                0x0000000008001804        0x4 Core/Src/ui_fsm.o
                0x0000000008001804                enter_menu_env
 .text.enter_menu_env_op
                0x0000000008001808        0x4 Core/Src/ui_fsm.o
                0x0000000008001808                enter_menu_env_op
 .text.enter_menu_fdbk
                0x000000000800180c        0x4 Core/Src/ui_fsm.o
                0x000000000800180c                enter_menu_fdbk
 .text.enter_menu_lfo
                0x0000000008001810        0x4 Core/Src/ui_fsm.o
                0x0000000008001810                enter_menu_lfo
 .text.enter_menu_algo
                0x0000000008001814        0x4 Core/Src/ui_fsm.o
                0x0000000008001814                enter_menu_algo
 .text.enter_menu_instr
                0x0000000008001818        0x4 Core/Src/ui_fsm.o
                0x0000000008001818                enter_menu_instr
 .text.inc_menu_env_op
                0x000000000800181c        0x4 Core/Src/ui_fsm.o
                0x000000000800181c                inc_menu_env_op
 .text.inc_set_amp
                0x0000000008001820        0x4 Core/Src/ui_fsm.o
                0x0000000008001820                inc_set_amp
 .text.inc_set_ratio
                0x0000000008001824        0x4 Core/Src/ui_fsm.o
                0x0000000008001824                inc_set_ratio
 .text.inc_set_detune
                0x0000000008001828        0x4 Core/Src/ui_fsm.o
                0x0000000008001828                inc_set_detune
 .text.inc_set_env
                0x000000000800182c        0x4 Core/Src/ui_fsm.o
                0x000000000800182c                inc_set_env
 .text.inc_set_fdbk
                0x0000000008001830        0x4 Core/Src/ui_fsm.o
                0x0000000008001830                inc_set_fdbk
 .text.inc_set_lfo
                0x0000000008001834        0x4 Core/Src/ui_fsm.o
                0x0000000008001834                inc_set_lfo
 .text.inc_set_algo
                0x0000000008001838        0x4 Core/Src/ui_fsm.o
                0x0000000008001838                inc_set_algo
 .text.inc_set_instr
                0x000000000800183c        0x4 Core/Src/ui_fsm.o
                0x000000000800183c                inc_set_instr
 .text.dec_set_amp
                0x0000000008001840        0x4 Core/Src/ui_fsm.o
                0x0000000008001840                dec_set_amp
 .text.dec_set_ratio
                0x0000000008001844        0x4 Core/Src/ui_fsm.o
                0x0000000008001844                dec_set_ratio
 .text.dec_set_detune
                0x0000000008001848        0x4 Core/Src/ui_fsm.o
                0x0000000008001848                dec_set_detune
 .text.dec_set_env
                0x000000000800184c        0x4 Core/Src/ui_fsm.o
                0x000000000800184c                dec_set_env
 .text.dec_set_fdbk
                0x0000000008001850        0x4 Core/Src/ui_fsm.o
                0x0000000008001850                dec_set_fdbk
 .text.dec_set_lfo
                0x0000000008001854        0x4 Core/Src/ui_fsm.o
                0x0000000008001854                dec_set_lfo
 .text.dec_set_algo
                0x0000000008001858        0x4 Core/Src/ui_fsm.o
                0x0000000008001858                dec_set_algo
 .text.dec_set_instr
                0x000000000800185c        0x4 Core/Src/ui_fsm.o
                0x000000000800185c                dec_set_instr
 .text.temp_set_amp
                0x0000000008001860        0x4 Core/Src/ui_fsm.o
                0x0000000008001860                temp_set_amp
 .text.temp_set_ratio
                0x0000000008001864        0x4 Core/Src/ui_fsm.o
                0x0000000008001864                temp_set_ratio
 .text.temp_set_detune
                0x0000000008001868        0x4 Core/Src/ui_fsm.o
                0x0000000008001868                temp_set_detune
 .text.temp_set_env
                0x000000000800186c        0x4 Core/Src/ui_fsm.o
                0x000000000800186c                temp_set_env
 .text.temp_set_fdbk
                0x0000000008001870        0x4 Core/Src/ui_fsm.o
                0x0000000008001870                temp_set_fdbk
 .text.temp_set_lfo
                0x0000000008001874        0x4 Core/Src/ui_fsm.o
                0x0000000008001874                temp_set_lfo
 .text.temp_set_algo
                0x0000000008001878        0x4 Core/Src/ui_fsm.o
                0x0000000008001878                temp_set_algo
 .text.init_ui  0x000000000800187c       0xa8 Core/Src/ui_fsm.o
                0x000000000800187c                init_ui
 .text.fsm      0x0000000008001924       0x50 Core/Src/ui_fsm.o
                0x0000000008001924                fsm
 .text.Reset_Handler
                0x0000000008001974       0x48 Core/Startup/startup_stm32f103cbtx.o
                0x0000000008001974                Reset_Handler
 .text.Default_Handler
                0x00000000080019bc        0x2 Core/Startup/startup_stm32f103cbtx.o
                0x00000000080019bc                RTC_Alarm_IRQHandler
                0x00000000080019bc                EXTI2_IRQHandler
                0x00000000080019bc                TIM1_CC_IRQHandler
                0x00000000080019bc                PVD_IRQHandler
                0x00000000080019bc                EXTI3_IRQHandler
                0x00000000080019bc                EXTI0_IRQHandler
                0x00000000080019bc                ADC1_2_IRQHandler
                0x00000000080019bc                SPI1_IRQHandler
                0x00000000080019bc                TAMPER_IRQHandler
                0x00000000080019bc                USART3_IRQHandler
                0x00000000080019bc                RTC_IRQHandler
                0x00000000080019bc                DMA1_Channel7_IRQHandler
                0x00000000080019bc                CAN1_RX1_IRQHandler
                0x00000000080019bc                TIM4_IRQHandler
                0x00000000080019bc                I2C1_EV_IRQHandler
                0x00000000080019bc                DMA1_Channel6_IRQHandler
                0x00000000080019bc                TIM3_IRQHandler
                0x00000000080019bc                RCC_IRQHandler
                0x00000000080019bc                TIM1_TRG_COM_IRQHandler
                0x00000000080019bc                DMA1_Channel1_IRQHandler
                0x00000000080019bc                Default_Handler
                0x00000000080019bc                EXTI15_10_IRQHandler
                0x00000000080019bc                SPI2_IRQHandler
                0x00000000080019bc                DMA1_Channel5_IRQHandler
                0x00000000080019bc                EXTI4_IRQHandler
                0x00000000080019bc                USB_LP_CAN1_RX0_IRQHandler
                0x00000000080019bc                USB_HP_CAN1_TX_IRQHandler
                0x00000000080019bc                DMA1_Channel3_IRQHandler
                0x00000000080019bc                TIM1_UP_IRQHandler
                0x00000000080019bc                WWDG_IRQHandler
                0x00000000080019bc                TIM1_BRK_IRQHandler
                0x00000000080019bc                EXTI1_IRQHandler
                0x00000000080019bc                USART2_IRQHandler
                0x00000000080019bc                I2C2_ER_IRQHandler
                0x00000000080019bc                DMA1_Channel2_IRQHandler
                0x00000000080019bc                CAN1_SCE_IRQHandler
                0x00000000080019bc                FLASH_IRQHandler
                0x00000000080019bc                I2C1_ER_IRQHandler
                0x00000000080019bc                USBWakeUp_IRQHandler
 *fill*         0x00000000080019be        0x2 
 .text.HAL_InitTick
                0x00000000080019c0       0x48 Drivers/STM32F1xx_HAL_Driver/Src/stm32f1xx_hal.o
                0x00000000080019c0                HAL_InitTick
 .text.HAL_Init
                0x0000000008001a08       0x24 Drivers/STM32F1xx_HAL_Driver/Src/stm32f1xx_hal.o
                0x0000000008001a08                HAL_Init
 .text.HAL_IncTick
                0x0000000008001a2c       0x18 Drivers/STM32F1xx_HAL_Driver/Src/stm32f1xx_hal.o
                0x0000000008001a2c                HAL_IncTick
 .text.HAL_GetTick
                0x0000000008001a44        0xc Drivers/STM32F1xx_HAL_Driver/Src/stm32f1xx_hal.o
                0x0000000008001a44                HAL_GetTick
 .text.HAL_Delay
                0x0000000008001a50       0x24 Drivers/STM32F1xx_HAL_Driver/Src/stm32f1xx_hal.o
                0x0000000008001a50                HAL_Delay
 .text.HAL_NVIC_SetPriorityGrouping
                0x0000000008001a74       0x24 Drivers/STM32F1xx_HAL_Driver/Src/stm32f1xx_hal_cortex.o
                0x0000000008001a74                HAL_NVIC_SetPriorityGrouping
 .text.HAL_NVIC_SetPriority
                0x0000000008001a98       0x70 Drivers/STM32F1xx_HAL_Driver/Src/stm32f1xx_hal_cortex.o
                0x0000000008001a98                HAL_NVIC_SetPriority
 .text.HAL_NVIC_EnableIRQ
                0x0000000008001b08       0x1c Drivers/STM32F1xx_HAL_Driver/Src/stm32f1xx_hal_cortex.o
                0x0000000008001b08                HAL_NVIC_EnableIRQ
 .text.HAL_SYSTICK_Config
                0x0000000008001b24       0x30 Drivers/STM32F1xx_HAL_Driver/Src/stm32f1xx_hal_cortex.o
                0x0000000008001b24                HAL_SYSTICK_Config
 .text.HAL_DMA_Init
                0x0000000008001b54       0x64 Drivers/STM32F1xx_HAL_Driver/Src/stm32f1xx_hal_dma.o
                0x0000000008001b54                HAL_DMA_Init
 .text.HAL_DMA_Start_IT
                0x0000000008001bb8       0x84 Drivers/STM32F1xx_HAL_Driver/Src/stm32f1xx_hal_dma.o
                0x0000000008001bb8                HAL_DMA_Start_IT
 .text.HAL_DMA_Abort
                0x0000000008001c3c       0x44 Drivers/STM32F1xx_HAL_Driver/Src/stm32f1xx_hal_dma.o
                0x0000000008001c3c                HAL_DMA_Abort
 .text.HAL_DMA_Abort_IT
                0x0000000008001c80       0x94 Drivers/STM32F1xx_HAL_Driver/Src/stm32f1xx_hal_dma.o
                0x0000000008001c80                HAL_DMA_Abort_IT
 .text.HAL_DMA_IRQHandler
                0x0000000008001d14      0x128 Drivers/STM32F1xx_HAL_Driver/Src/stm32f1xx_hal_dma.o
                0x0000000008001d14                HAL_DMA_IRQHandler
 .text.HAL_DMA_GetState
                0x0000000008001e3c        0x8 Drivers/STM32F1xx_HAL_Driver/Src/stm32f1xx_hal_dma.o
                0x0000000008001e3c                HAL_DMA_GetState
 .text.HAL_GPIO_Init
                0x0000000008001e44      0x218 Drivers/STM32F1xx_HAL_Driver/Src/stm32f1xx_hal_gpio.o
                0x0000000008001e44                HAL_GPIO_Init
 .text.HAL_GPIO_WritePin
                0x000000000800205c        0x8 Drivers/STM32F1xx_HAL_Driver/Src/stm32f1xx_hal_gpio.o
                0x000000000800205c                HAL_GPIO_WritePin
 .text.HAL_GPIO_TogglePin
                0x0000000008002064       0x14 Drivers/STM32F1xx_HAL_Driver/Src/stm32f1xx_hal_gpio.o
                0x0000000008002064                HAL_GPIO_TogglePin
 .text.HAL_GPIO_EXTI_IRQHandler
                0x0000000008002078       0x18 Drivers/STM32F1xx_HAL_Driver/Src/stm32f1xx_hal_gpio.o
                0x0000000008002078                HAL_GPIO_EXTI_IRQHandler
 .text.I2C_WaitOnMasterAddressFlagUntilTimeout.constprop.0
                0x0000000008002090       0x8c Drivers/STM32F1xx_HAL_Driver/Src/stm32f1xx_hal_i2c.o
 .text.I2C_WaitOnMasterAddressFlagUntilTimeout.constprop.1
                0x000000000800211c       0x8c Drivers/STM32F1xx_HAL_Driver/Src/stm32f1xx_hal_i2c.o
 .text.HAL_I2C_Init
                0x00000000080021a8      0x188 Drivers/STM32F1xx_HAL_Driver/Src/stm32f1xx_hal_i2c.o
                0x00000000080021a8                HAL_I2C_Init
 .text.HAL_I2C_Master_Transmit
                0x0000000008002330      0x298 Drivers/STM32F1xx_HAL_Driver/Src/stm32f1xx_hal_i2c.o
                0x0000000008002330                HAL_I2C_Master_Transmit
 .text.HAL_I2C_Master_Transmit_DMA
                0x00000000080025c8      0x164 Drivers/STM32F1xx_HAL_Driver/Src/stm32f1xx_hal_i2c.o
                0x00000000080025c8                HAL_I2C_Master_Transmit_DMA
 .text.HAL_I2C_MasterTxCpltCallback
                0x000000000800272c        0x4 Drivers/STM32F1xx_HAL_Driver/Src/stm32f1xx_hal_i2c.o
                0x000000000800272c                HAL_I2C_MasterTxCpltCallback
 .text.HAL_I2C_MasterRxCpltCallback
                0x0000000008002730        0x4 Drivers/STM32F1xx_HAL_Driver/Src/stm32f1xx_hal_i2c.o
                0x0000000008002730                HAL_I2C_MasterRxCpltCallback
 .text.HAL_I2C_SlaveTxCpltCallback
                0x0000000008002734        0x4 Drivers/STM32F1xx_HAL_Driver/Src/stm32f1xx_hal_i2c.o
                0x0000000008002734                HAL_I2C_SlaveTxCpltCallback
 .text.HAL_I2C_SlaveRxCpltCallback
                0x0000000008002738        0x4 Drivers/STM32F1xx_HAL_Driver/Src/stm32f1xx_hal_i2c.o
                0x0000000008002738                HAL_I2C_SlaveRxCpltCallback
 .text.HAL_I2C_AddrCallback
                0x000000000800273c        0x4 Drivers/STM32F1xx_HAL_Driver/Src/stm32f1xx_hal_i2c.o
                0x000000000800273c                HAL_I2C_AddrCallback
 .text.HAL_I2C_ListenCpltCallback
                0x0000000008002740        0x4 Drivers/STM32F1xx_HAL_Driver/Src/stm32f1xx_hal_i2c.o
                0x0000000008002740                HAL_I2C_ListenCpltCallback
 .text.HAL_I2C_MemTxCpltCallback
                0x0000000008002744        0x4 Drivers/STM32F1xx_HAL_Driver/Src/stm32f1xx_hal_i2c.o
                0x0000000008002744                HAL_I2C_MemTxCpltCallback
 .text.I2C_MemoryTransmit_TXE_BTF
                0x0000000008002748       0xb8 Drivers/STM32F1xx_HAL_Driver/Src/stm32f1xx_hal_i2c.o
 .text.HAL_I2C_MemRxCpltCallback
                0x0000000008002800        0x4 Drivers/STM32F1xx_HAL_Driver/Src/stm32f1xx_hal_i2c.o
                0x0000000008002800                HAL_I2C_MemRxCpltCallback
 .text.HAL_I2C_ErrorCallback
                0x0000000008002804        0x4 Drivers/STM32F1xx_HAL_Driver/Src/stm32f1xx_hal_i2c.o
                0x0000000008002804                HAL_I2C_ErrorCallback
 .text.I2C_DMAError
                0x0000000008002808       0x3c Drivers/STM32F1xx_HAL_Driver/Src/stm32f1xx_hal_i2c.o
 .text.I2C_DMAXferCplt
                0x0000000008002844      0x110 Drivers/STM32F1xx_HAL_Driver/Src/stm32f1xx_hal_i2c.o
 .text.HAL_I2C_AbortCpltCallback
                0x0000000008002954        0x4 Drivers/STM32F1xx_HAL_Driver/Src/stm32f1xx_hal_i2c.o
                0x0000000008002954                HAL_I2C_AbortCpltCallback
 .text.I2C_DMAAbort
                0x0000000008002958       0xf4 Drivers/STM32F1xx_HAL_Driver/Src/stm32f1xx_hal_i2c.o
 .text.I2C_ITError
                0x0000000008002a4c      0x16c Drivers/STM32F1xx_HAL_Driver/Src/stm32f1xx_hal_i2c.o
 .text.HAL_I2C_EV_IRQHandler
                0x0000000008002bb8      0x974 Drivers/STM32F1xx_HAL_Driver/Src/stm32f1xx_hal_i2c.o
                0x0000000008002bb8                HAL_I2C_EV_IRQHandler
 .text.HAL_RCC_OscConfig
                0x000000000800352c      0x400 Drivers/STM32F1xx_HAL_Driver/Src/stm32f1xx_hal_rcc.o
                0x000000000800352c                HAL_RCC_OscConfig
 .text.HAL_RCC_ClockConfig
                0x000000000800392c      0x19c Drivers/STM32F1xx_HAL_Driver/Src/stm32f1xx_hal_rcc.o
                0x000000000800392c                HAL_RCC_ClockConfig
 .text.HAL_RCC_GetPCLK1Freq
                0x0000000008003ac8       0x20 Drivers/STM32F1xx_HAL_Driver/Src/stm32f1xx_hal_rcc.o
                0x0000000008003ac8                HAL_RCC_GetPCLK1Freq
 .text.HAL_RCC_GetPCLK2Freq
                0x0000000008003ae8       0x20 Drivers/STM32F1xx_HAL_Driver/Src/stm32f1xx_hal_rcc.o
                0x0000000008003ae8                HAL_RCC_GetPCLK2Freq
 .text.HAL_SPI_Init
                0x0000000008003b08       0xb4 Drivers/STM32F1xx_HAL_Driver/Src/stm32f1xx_hal_spi.o
                0x0000000008003b08                HAL_SPI_Init
 .text.HAL_TIM_Base_Init
                0x0000000008003bbc       0xc8 Drivers/STM32F1xx_HAL_Driver/Src/stm32f1xx_hal_tim.o
                0x0000000008003bbc                HAL_TIM_Base_Init
 .text.HAL_TIM_Base_Start_IT
                0x0000000008003c84       0x58 Drivers/STM32F1xx_HAL_Driver/Src/stm32f1xx_hal_tim.o
                0x0000000008003c84                HAL_TIM_Base_Start_IT
 .text.HAL_TIM_ConfigClockSource
                0x0000000008003cdc      0x148 Drivers/STM32F1xx_HAL_Driver/Src/stm32f1xx_hal_tim.o
                0x0000000008003cdc                HAL_TIM_ConfigClockSource
 .text.HAL_TIMEx_MasterConfigSynchronization
                0x0000000008003e24       0x64 Drivers/STM32F1xx_HAL_Driver/Src/stm32f1xx_hal_tim_ex.o
                0x0000000008003e24                HAL_TIMEx_MasterConfigSynchronization
 .text.HAL_UART_Init
                0x0000000008003e88       0xd4 Drivers/STM32F1xx_HAL_Driver/Src/stm32f1xx_hal_uart.o
                0x0000000008003e88                HAL_UART_Init
 .text.HAL_UART_Receive_IT
                0x0000000008003f5c       0x54 Drivers/STM32F1xx_HAL_Driver/Src/stm32f1xx_hal_uart.o
                0x0000000008003f5c                HAL_UART_Receive_IT
 .text.HAL_UART_TxCpltCallback
                0x0000000008003fb0        0x4 Drivers/STM32F1xx_HAL_Driver/Src/stm32f1xx_hal_uart.o
                0x0000000008003fb0                HAL_UART_TxCpltCallback
 .text.HAL_UART_ErrorCallback
                0x0000000008003fb4        0x4 Drivers/STM32F1xx_HAL_Driver/Src/stm32f1xx_hal_uart.o
                0x0000000008003fb4                HAL_UART_ErrorCallback
 .text.UART_DMAAbortOnError
                0x0000000008003fb8       0x10 Drivers/STM32F1xx_HAL_Driver/Src/stm32f1xx_hal_uart.o
 .text.HAL_UARTEx_RxEventCallback
                0x0000000008003fc8        0x4 Drivers/STM32F1xx_HAL_Driver/Src/stm32f1xx_hal_uart.o
                0x0000000008003fc8                HAL_UARTEx_RxEventCallback
 .text.UART_Receive_IT.part.0
                0x0000000008003fcc       0xb8 Drivers/STM32F1xx_HAL_Driver/Src/stm32f1xx_hal_uart.o
 .text.HAL_UART_IRQHandler
                0x0000000008004084      0x25c Drivers/STM32F1xx_HAL_Driver/Src/stm32f1xx_hal_uart.o
                0x0000000008004084                HAL_UART_IRQHandler
 .text.__libc_init_array
                0x00000000080042e0       0x48 c:/st/stm32cubeide_1.6.0/stm32cubeide/plugins/com.st.stm32cube.ide.mcu.externaltools.gnu-tools-for-stm32.9-2020-q2-update.win32_1.5.0.202011040924/tools/bin/../lib/gcc/arm-none-eabi/9.3.1/../../../../arm-none-eabi/lib/thumb/v7-m/nofp\libc_nano.a(lib_a-init.o)
                0x00000000080042e0                __libc_init_array
 .text.memset   0x0000000008004328       0x10 c:/st/stm32cubeide_1.6.0/stm32cubeide/plugins/com.st.stm32cube.ide.mcu.externaltools.gnu-tools-for-stm32.9-2020-q2-update.win32_1.5.0.202011040924/tools/bin/../lib/gcc/arm-none-eabi/9.3.1/../../../../arm-none-eabi/lib/thumb/v7-m/nofp\libc_nano.a(lib_a-memset.o)
                0x0000000008004328                memset
 *(.glue_7)
 .glue_7        0x0000000008004338        0x0 linker stubs
 *(.glue_7t)
 .glue_7t       0x0000000008004338        0x0 linker stubs
 *(.eh_frame)
 .eh_frame      0x0000000008004338        0x0 c:/st/stm32cubeide_1.6.0/stm32cubeide/plugins/com.st.stm32cube.ide.mcu.externaltools.gnu-tools-for-stm32.9-2020-q2-update.win32_1.5.0.202011040924/tools/bin/../lib/gcc/arm-none-eabi/9.3.1/thumb/v7-m/nofp/crtbegin.o
 *(.init)
 .init          0x0000000008004338        0x4 c:/st/stm32cubeide_1.6.0/stm32cubeide/plugins/com.st.stm32cube.ide.mcu.externaltools.gnu-tools-for-stm32.9-2020-q2-update.win32_1.5.0.202011040924/tools/bin/../lib/gcc/arm-none-eabi/9.3.1/thumb/v7-m/nofp/crti.o
                0x0000000008004338                _init
 .init          0x000000000800433c        0x8 c:/st/stm32cubeide_1.6.0/stm32cubeide/plugins/com.st.stm32cube.ide.mcu.externaltools.gnu-tools-for-stm32.9-2020-q2-update.win32_1.5.0.202011040924/tools/bin/../lib/gcc/arm-none-eabi/9.3.1/thumb/v7-m/nofp/crtn.o
 *(.fini)
 .fini          0x0000000008004344        0x4 c:/st/stm32cubeide_1.6.0/stm32cubeide/plugins/com.st.stm32cube.ide.mcu.externaltools.gnu-tools-for-stm32.9-2020-q2-update.win32_1.5.0.202011040924/tools/bin/../lib/gcc/arm-none-eabi/9.3.1/thumb/v7-m/nofp/crti.o
                0x0000000008004344                _fini
 .fini          0x0000000008004348        0x8 c:/st/stm32cubeide_1.6.0/stm32cubeide/plugins/com.st.stm32cube.ide.mcu.externaltools.gnu-tools-for-stm32.9-2020-q2-update.win32_1.5.0.202011040924/tools/bin/../lib/gcc/arm-none-eabi/9.3.1/thumb/v7-m/nofp/crtn.o
                0x0000000008004350                . = ALIGN (0x4)
                0x0000000008004350                _etext = .

.vfp11_veneer   0x0000000008004350        0x0
 .vfp11_veneer  0x0000000008004350        0x0 linker stubs

.v4_bx          0x0000000008004350        0x0
 .v4_bx         0x0000000008004350        0x0 linker stubs

.iplt           0x0000000008004350        0x0
 .iplt          0x0000000008004350        0x0 c:/st/stm32cubeide_1.6.0/stm32cubeide/plugins/com.st.stm32cube.ide.mcu.externaltools.gnu-tools-for-stm32.9-2020-q2-update.win32_1.5.0.202011040924/tools/bin/../lib/gcc/arm-none-eabi/9.3.1/thumb/v7-m/nofp/crtbegin.o

.rodata         0x0000000008004350      0x67c
                0x0000000008004350                . = ALIGN (0x4)
 *(.rodata)
 .rodata        0x0000000008004350        0xe Core/Src/synth.o
 *(.rodata*)
 *fill*         0x000000000800435e        0x2 
 .rodata.NOTE_FREQ_TABLE
                0x0000000008004360      0x100 Core/Src/phase.o
 .rodata.SINE_MOD_TABLE
                0x0000000008004460      0x100 Core/Src/synth.o
 .rodata.SINE_TABLE
                0x0000000008004560      0x100 Core/Src/synth.o
 .rodata.AHBPrescTable
                0x0000000008004660       0x10 Core/Src/system_stm32f1xx.o
                0x0000000008004660                AHBPrescTable
 .rodata.APBPrescTable
                0x0000000008004670        0x8 Core/Src/system_stm32f1xx.o
                0x0000000008004670                APBPrescTable
 .rodata.menu_algo_transitions
                0x0000000008004678       0x20 Core/Src/ui_fsm.o
                0x0000000008004678                menu_algo_transitions
 .rodata.menu_amp_transitions
                0x0000000008004698       0x20 Core/Src/ui_fsm.o
                0x0000000008004698                menu_amp_transitions
 .rodata.menu_detune_transitions
                0x00000000080046b8       0x20 Core/Src/ui_fsm.o
                0x00000000080046b8                menu_detune_transitions
 .rodata.menu_env_op_transitions
                0x00000000080046d8       0x20 Core/Src/ui_fsm.o
                0x00000000080046d8                menu_env_op_transitions
 .rodata.menu_env_transitions
                0x00000000080046f8       0x20 Core/Src/ui_fsm.o
                0x00000000080046f8                menu_env_transitions
 .rodata.menu_fdbk_transitions
                0x0000000008004718       0x20 Core/Src/ui_fsm.o
                0x0000000008004718                menu_fdbk_transitions
 .rodata.menu_instr_transitions
                0x0000000008004738       0x20 Core/Src/ui_fsm.o
                0x0000000008004738                menu_instr_transitions
 .rodata.menu_lfo_transitions
                0x0000000008004758       0x20 Core/Src/ui_fsm.o
                0x0000000008004758                menu_lfo_transitions
 .rodata.menu_ratio_transitions
                0x0000000008004778       0x20 Core/Src/ui_fsm.o
                0x0000000008004778                menu_ratio_transitions
 .rodata.set_algo_transitions
                0x0000000008004798       0x30 Core/Src/ui_fsm.o
                0x0000000008004798                set_algo_transitions
 .rodata.set_amp_transitions
                0x00000000080047c8       0x30 Core/Src/ui_fsm.o
                0x00000000080047c8                set_amp_transitions
 .rodata.set_detune_transitions
                0x00000000080047f8       0x30 Core/Src/ui_fsm.o
                0x00000000080047f8                set_detune_transitions
 .rodata.set_env_transitions
                0x0000000008004828       0x30 Core/Src/ui_fsm.o
                0x0000000008004828                set_env_transitions
 .rodata.set_fdbk_transitions
                0x0000000008004858       0x30 Core/Src/ui_fsm.o
                0x0000000008004858                set_fdbk_transitions
 .rodata.set_instr_transitions
                0x0000000008004888       0x30 Core/Src/ui_fsm.o
                0x0000000008004888                set_instr_transitions
 .rodata.set_lfo_transitions
                0x00000000080048b8       0x30 Core/Src/ui_fsm.o
                0x00000000080048b8                set_lfo_transitions
 .rodata.set_ratio_transitions
                0x00000000080048e8       0x30 Core/Src/ui_fsm.o
                0x00000000080048e8                set_ratio_transitions
 .rodata.ui_menu_algo
                0x0000000008004918       0x10 Core/Src/ui_fsm.o
                0x0000000008004918                ui_menu_algo
 .rodata.ui_menu_amp
                0x0000000008004928       0x10 Core/Src/ui_fsm.o
                0x0000000008004928                ui_menu_amp
 .rodata.ui_menu_detune
                0x0000000008004938       0x10 Core/Src/ui_fsm.o
                0x0000000008004938                ui_menu_detune
 .rodata.ui_menu_env
                0x0000000008004948       0x10 Core/Src/ui_fsm.o
                0x0000000008004948                ui_menu_env
 .rodata.ui_menu_env_op
                0x0000000008004958       0x10 Core/Src/ui_fsm.o
                0x0000000008004958                ui_menu_env_op
 .rodata.ui_menu_fdbk
                0x0000000008004968       0x10 Core/Src/ui_fsm.o
                0x0000000008004968                ui_menu_fdbk
 .rodata.ui_menu_instr
                0x0000000008004978       0x10 Core/Src/ui_fsm.o
                0x0000000008004978                ui_menu_instr
 .rodata.ui_menu_lfo
                0x0000000008004988       0x10 Core/Src/ui_fsm.o
                0x0000000008004988                ui_menu_lfo
 .rodata.ui_menu_ratio
                0x0000000008004998       0x10 Core/Src/ui_fsm.o
                0x0000000008004998                ui_menu_ratio
 .rodata.ui_set
                0x00000000080049a8       0x10 Core/Src/ui_fsm.o
                0x00000000080049a8                ui_set
 .rodata.HAL_RCC_ClockConfig.str1.4
                0x00000000080049b8       0x11 Drivers/STM32F1xx_HAL_Driver/Src/stm32f1xx_hal_rcc.o
                0x00000000080049cc                . = ALIGN (0x4)
 *fill*         0x00000000080049c9        0x3 

.rel.dyn        0x00000000080049cc        0x0
 .rel.iplt      0x00000000080049cc        0x0 c:/st/stm32cubeide_1.6.0/stm32cubeide/plugins/com.st.stm32cube.ide.mcu.externaltools.gnu-tools-for-stm32.9-2020-q2-update.win32_1.5.0.202011040924/tools/bin/../lib/gcc/arm-none-eabi/9.3.1/thumb/v7-m/nofp/crtbegin.o

.ARM.extab      0x00000000080049cc        0x0
                0x00000000080049cc                . = ALIGN (0x4)
 *(.ARM.extab* .gnu.linkonce.armextab.*)
                0x00000000080049cc                . = ALIGN (0x4)

.ARM            0x00000000080049cc        0x0
                0x00000000080049cc                . = ALIGN (0x4)
                0x00000000080049cc                __exidx_start = .
 *(.ARM.exidx*)
                0x00000000080049cc                __exidx_end = .
                0x00000000080049cc                . = ALIGN (0x4)

.preinit_array  0x00000000080049cc        0x0
                0x00000000080049cc                . = ALIGN (0x4)
                0x00000000080049cc                PROVIDE (__preinit_array_start = .)
 *(.preinit_array*)
                0x00000000080049cc                PROVIDE (__preinit_array_end = .)
                0x00000000080049cc                . = ALIGN (0x4)

.init_array     0x00000000080049cc        0x4
                0x00000000080049cc                . = ALIGN (0x4)
                0x00000000080049cc                PROVIDE (__init_array_start = .)
 *(SORT_BY_NAME(.init_array.*))
 *(.init_array*)
 .init_array    0x00000000080049cc        0x4 c:/st/stm32cubeide_1.6.0/stm32cubeide/plugins/com.st.stm32cube.ide.mcu.externaltools.gnu-tools-for-stm32.9-2020-q2-update.win32_1.5.0.202011040924/tools/bin/../lib/gcc/arm-none-eabi/9.3.1/thumb/v7-m/nofp/crtbegin.o
                0x00000000080049d0                PROVIDE (__init_array_end = .)
                0x00000000080049d0                . = ALIGN (0x4)

.fini_array     0x00000000080049d0        0x4
                0x00000000080049d0                . = ALIGN (0x4)
                [!provide]                        PROVIDE (__fini_array_start = .)
 *(SORT_BY_NAME(.fini_array.*))
 *(.fini_array*)
 .fini_array    0x00000000080049d0        0x4 c:/st/stm32cubeide_1.6.0/stm32cubeide/plugins/com.st.stm32cube.ide.mcu.externaltools.gnu-tools-for-stm32.9-2020-q2-update.win32_1.5.0.202011040924/tools/bin/../lib/gcc/arm-none-eabi/9.3.1/thumb/v7-m/nofp/crtbegin.o
                [!provide]                        PROVIDE (__fini_array_end = .)
                0x00000000080049d4                . = ALIGN (0x4)
                0x00000000080049d4                _sidata = LOADADDR (.data)

.data           0x0000000020000000       0xa0 load address 0x00000000080049d4
                0x0000000020000000                . = ALIGN (0x4)
                0x0000000020000000                _sdata = .
 *(.data)
 *(.data*)
 .data.SystemCoreClock
                0x0000000020000000        0x4 Core/Src/system_stm32f1xx.o
                0x0000000020000000                SystemCoreClock
 .data.fsm_transition_table
                0x0000000020000004       0x44 Core/Src/ui_fsm.o
                0x0000000020000004                fsm_transition_table
 .data.ui_string_table
                0x0000000020000048       0x28 Core/Src/ui_fsm.o
                0x0000000020000048                ui_string_table
 .data.ui_string_table_converted
                0x0000000020000070       0x28 Core/Src/ui_fsm.o
                0x0000000020000070                ui_string_table_converted
 .data.uwTickFreq
                0x0000000020000098        0x1 Drivers/STM32F1xx_HAL_Driver/Src/stm32f1xx_hal.o
                0x0000000020000098                uwTickFreq
 *fill*         0x0000000020000099        0x3 
 .data.uwTickPrio
                0x000000002000009c        0x4 Drivers/STM32F1xx_HAL_Driver/Src/stm32f1xx_hal.o
                0x000000002000009c                uwTickPrio
 *(.RamFunc)
 *(.RamFunc*)
                0x00000000200000a0                . = ALIGN (0x4)
                0x00000000200000a0                _edata = .

.igot.plt       0x00000000200000a0        0x0 load address 0x0000000008004a74
 .igot.plt      0x00000000200000a0        0x0 c:/st/stm32cubeide_1.6.0/stm32cubeide/plugins/com.st.stm32cube.ide.mcu.externaltools.gnu-tools-for-stm32.9-2020-q2-update.win32_1.5.0.202011040924/tools/bin/../lib/gcc/arm-none-eabi/9.3.1/thumb/v7-m/nofp/crtbegin.o
                0x00000000200000a0                . = ALIGN (0x4)

.bss            0x00000000200000a0      0xc34 load address 0x0000000008004a74
                0x00000000200000a0                _sbss = .
                0x00000000200000a0                __bss_start__ = _sbss
 *(.bss)
 .bss           0x00000000200000a0       0x1c c:/st/stm32cubeide_1.6.0/stm32cubeide/plugins/com.st.stm32cube.ide.mcu.externaltools.gnu-tools-for-stm32.9-2020-q2-update.win32_1.5.0.202011040924/tools/bin/../lib/gcc/arm-none-eabi/9.3.1/thumb/v7-m/nofp/crtbegin.o
 *(.bss*)
 *(COMMON)
 COMMON         0x00000000200000bc      0x1fc Core/Src/audio_out.o
                0x00000000200000bc                op
                0x000000002000027c                op_sustain
                0x0000000020000280                algo
                0x0000000020000282                env_period
                0x0000000020000284                op_release
                0x0000000020000288                op_attack
                0x000000002000028c                op_release_inc
                0x0000000020000294                audio_spi
                0x0000000020000298                op_amp
                0x000000002000029c                op_decay_inc
                0x00000000200002a4                op_attack_inc
                0x00000000200002ac                op_decay
                0x00000000200002b0                output_volume
                0x00000000200002b4                op_ratio
 COMMON         0x00000000200002b8      0xa15 Core/Src/main.o
                0x00000000200002b8                fsm_op
                0x00000000200002bc                hi2c2
                0x0000000020000310                inc_dec
                0x0000000020000314                display_i2c
                0x0000000020000318                ui_menu_env_op_converted
                0x00000000200003e4                temp
                0x00000000200003e8                midi_buffer_write
                0x00000000200003e9                fsm_env_op
                0x00000000200003ec                ui_set_converted
                0x00000000200004b8                present_state
                0x00000000200004bc                hdma_i2c2_tx
                0x0000000020000500                ui_menu_amp_converted
                0x00000000200005cc                ui_menu_env_converted
                0x0000000020000698                ui_menu_algo_converted
                0x0000000020000764                huart1
                0x00000000200007a8                midi_buffer
                0x0000000020000828                ui_menu_instr_converted
                0x00000000200008f4                data
                0x00000000200008f8                ui_menu_ratio_converted
                0x00000000200009c4                hspi1
                0x0000000020000a1c                ui_menu_lfo_converted
                0x0000000020000ae8                htim2
                0x0000000020000b30                ui_menu_fdbk_converted
                0x0000000020000bfc                midi_buffer_read
                0x0000000020000c00                ui_menu_detune_converted
                0x0000000020000ccc                status
 *fill*         0x0000000020000ccd        0x3 
 COMMON         0x0000000020000cd0        0x4 Drivers/STM32F1xx_HAL_Driver/Src/stm32f1xx_hal.o
                0x0000000020000cd0                uwTick
                0x0000000020000cd4                . = ALIGN (0x4)
                0x0000000020000cd4                _ebss = .
                0x0000000020000cd4                __bss_end__ = _ebss

._user_heap_stack
                0x0000000020000cd4      0x604 load address 0x0000000008004a74
                0x0000000020000cd8                . = ALIGN (0x8)
 *fill*         0x0000000020000cd4        0x4 
                [!provide]                        PROVIDE (end = .)
                0x0000000020000cd8                PROVIDE (_end = .)
                0x0000000020000ed8                . = (. + _Min_Heap_Size)
 *fill*         0x0000000020000cd8      0x200 
                0x00000000200012d8                . = (. + _Min_Stack_Size)
 *fill*         0x0000000020000ed8      0x400 
                0x00000000200012d8                . = ALIGN (0x8)

/DISCARD/
 libc.a(*)
 libm.a(*)
 libgcc.a(*)

.ARM.attributes
                0x0000000000000000       0x29
 *(.ARM.attributes)
 .ARM.attributes
                0x0000000000000000       0x1d c:/st/stm32cubeide_1.6.0/stm32cubeide/plugins/com.st.stm32cube.ide.mcu.externaltools.gnu-tools-for-stm32.9-2020-q2-update.win32_1.5.0.202011040924/tools/bin/../lib/gcc/arm-none-eabi/9.3.1/thumb/v7-m/nofp/crti.o
 .ARM.attributes
                0x000000000000001d       0x2d c:/st/stm32cubeide_1.6.0/stm32cubeide/plugins/com.st.stm32cube.ide.mcu.externaltools.gnu-tools-for-stm32.9-2020-q2-update.win32_1.5.0.202011040924/tools/bin/../lib/gcc/arm-none-eabi/9.3.1/thumb/v7-m/nofp/crtbegin.o
 .ARM.attributes
                0x000000000000004a       0x2d Core/Src/audio_out.o
 .ARM.attributes
                0x0000000000000077       0x2d Core/Src/main.o
 .ARM.attributes
                0x00000000000000a4       0x2d Core/Src/midi.o
 .ARM.attributes
                0x00000000000000d1       0x2d Core/Src/phase.o
 .ARM.attributes
                0x00000000000000fe       0x2d Core/Src/stm32f1xx_hal_msp.o
 .ARM.attributes
                0x000000000000012b       0x2d Core/Src/stm32f1xx_it.o
 .ARM.attributes
                0x0000000000000158       0x2d Core/Src/synth.o
 .ARM.attributes
                0x0000000000000185       0x2d Core/Src/system_stm32f1xx.o
 .ARM.attributes
                0x00000000000001b2       0x2d Core/Src/ui.o
 .ARM.attributes
                0x00000000000001df       0x2d Core/Src/ui_fsm.o
 .ARM.attributes
                0x000000000000020c       0x21 Core/Startup/startup_stm32f103cbtx.o
 .ARM.attributes
                0x000000000000022d       0x2d Drivers/STM32F1xx_HAL_Driver/Src/stm32f1xx_hal.o
 .ARM.attributes
                0x000000000000025a       0x2d Drivers/STM32F1xx_HAL_Driver/Src/stm32f1xx_hal_cortex.o
 .ARM.attributes
                0x0000000000000287       0x2d Drivers/STM32F1xx_HAL_Driver/Src/stm32f1xx_hal_dma.o
 .ARM.attributes
                0x00000000000002b4       0x2d Drivers/STM32F1xx_HAL_Driver/Src/stm32f1xx_hal_gpio.o
 .ARM.attributes
                0x00000000000002e1       0x2d Drivers/STM32F1xx_HAL_Driver/Src/stm32f1xx_hal_i2c.o
 .ARM.attributes
                0x000000000000030e       0x2d Drivers/STM32F1xx_HAL_Driver/Src/stm32f1xx_hal_rcc.o
 .ARM.attributes
                0x000000000000033b       0x2d Drivers/STM32F1xx_HAL_Driver/Src/stm32f1xx_hal_spi.o
 .ARM.attributes
                0x0000000000000368       0x2d Drivers/STM32F1xx_HAL_Driver/Src/stm32f1xx_hal_tim.o
 .ARM.attributes
                0x0000000000000395       0x2d Drivers/STM32F1xx_HAL_Driver/Src/stm32f1xx_hal_tim_ex.o
 .ARM.attributes
                0x00000000000003c2       0x2d Drivers/STM32F1xx_HAL_Driver/Src/stm32f1xx_hal_uart.o
 .ARM.attributes
                0x00000000000003ef       0x2d c:/st/stm32cubeide_1.6.0/stm32cubeide/plugins/com.st.stm32cube.ide.mcu.externaltools.gnu-tools-for-stm32.9-2020-q2-update.win32_1.5.0.202011040924/tools/bin/../lib/gcc/arm-none-eabi/9.3.1/../../../../arm-none-eabi/lib/thumb/v7-m/nofp\libc_nano.a(lib_a-init.o)
 .ARM.attributes
                0x000000000000041c       0x2d c:/st/stm32cubeide_1.6.0/stm32cubeide/plugins/com.st.stm32cube.ide.mcu.externaltools.gnu-tools-for-stm32.9-2020-q2-update.win32_1.5.0.202011040924/tools/bin/../lib/gcc/arm-none-eabi/9.3.1/../../../../arm-none-eabi/lib/thumb/v7-m/nofp\libc_nano.a(lib_a-memset.o)
 .ARM.attributes
                0x0000000000000449       0x1d c:/st/stm32cubeide_1.6.0/stm32cubeide/plugins/com.st.stm32cube.ide.mcu.externaltools.gnu-tools-for-stm32.9-2020-q2-update.win32_1.5.0.202011040924/tools/bin/../lib/gcc/arm-none-eabi/9.3.1/thumb/v7-m/nofp/crtn.o
OUTPUT(fm_synth.elf elf32-littlearm)
LOAD linker stubs
LOAD c:/st/stm32cubeide_1.6.0/stm32cubeide/plugins/com.st.stm32cube.ide.mcu.externaltools.gnu-tools-for-stm32.9-2020-q2-update.win32_1.5.0.202011040924/tools/bin/../lib/gcc/arm-none-eabi/9.3.1/../../../../arm-none-eabi/lib/thumb/v7-m/nofp\libc.a
LOAD c:/st/stm32cubeide_1.6.0/stm32cubeide/plugins/com.st.stm32cube.ide.mcu.externaltools.gnu-tools-for-stm32.9-2020-q2-update.win32_1.5.0.202011040924/tools/bin/../lib/gcc/arm-none-eabi/9.3.1/../../../../arm-none-eabi/lib/thumb/v7-m/nofp\libm.a
LOAD c:/st/stm32cubeide_1.6.0/stm32cubeide/plugins/com.st.stm32cube.ide.mcu.externaltools.gnu-tools-for-stm32.9-2020-q2-update.win32_1.5.0.202011040924/tools/bin/../lib/gcc/arm-none-eabi/9.3.1/thumb/v7-m/nofp\libgcc.a

.debug_info     0x0000000000000000    0x1c293
 .debug_info    0x0000000000000000      0xff4 Core/Src/audio_out.o
 .debug_info    0x0000000000000ff4     0x2499 Core/Src/main.o
 .debug_info    0x000000000000348d      0xdb9 Core/Src/midi.o
 .debug_info    0x0000000000004246      0x494 Core/Src/phase.o
 .debug_info    0x00000000000046da     0x169c Core/Src/stm32f1xx_hal_msp.o
 .debug_info    0x0000000000005d76      0xdda Core/Src/stm32f1xx_it.o
 .debug_info    0x0000000000006b50     0x102d Core/Src/synth.o
 .debug_info    0x0000000000007b7d      0x2cd Core/Src/system_stm32f1xx.o
 .debug_info    0x0000000000007e4a      0xcdd Core/Src/ui.o
 .debug_info    0x0000000000008b27     0x10a4 Core/Src/ui_fsm.o
 .debug_info    0x0000000000009bcb       0x22 Core/Startup/startup_stm32f103cbtx.o
 .debug_info    0x0000000000009bed      0x869 Drivers/STM32F1xx_HAL_Driver/Src/stm32f1xx_hal.o
 .debug_info    0x000000000000a456      0xe3c Drivers/STM32F1xx_HAL_Driver/Src/stm32f1xx_hal_cortex.o
 .debug_info    0x000000000000b292      0x953 Drivers/STM32F1xx_HAL_Driver/Src/stm32f1xx_hal_dma.o
 .debug_info    0x000000000000bbe5      0x761 Drivers/STM32F1xx_HAL_Driver/Src/stm32f1xx_hal_gpio.o
 .debug_info    0x000000000000c346     0x46ca Drivers/STM32F1xx_HAL_Driver/Src/stm32f1xx_hal_i2c.o
 .debug_info    0x0000000000010a10      0xb65 Drivers/STM32F1xx_HAL_Driver/Src/stm32f1xx_hal_rcc.o
 .debug_info    0x0000000000011575     0x2256 Drivers/STM32F1xx_HAL_Driver/Src/stm32f1xx_hal_spi.o
 .debug_info    0x00000000000137cb     0x4e73 Drivers/STM32F1xx_HAL_Driver/Src/stm32f1xx_hal_tim.o
 .debug_info    0x000000000001863e     0x1c2d Drivers/STM32F1xx_HAL_Driver/Src/stm32f1xx_hal_tim_ex.o
 .debug_info    0x000000000001a26b     0x2028 Drivers/STM32F1xx_HAL_Driver/Src/stm32f1xx_hal_uart.o

.debug_abbrev   0x0000000000000000     0x38ba
 .debug_abbrev  0x0000000000000000      0x231 Core/Src/audio_out.o
 .debug_abbrev  0x0000000000000231      0x3ee Core/Src/main.o
 .debug_abbrev  0x000000000000061f      0x2b9 Core/Src/midi.o
 .debug_abbrev  0x00000000000008d8      0x122 Core/Src/phase.o
 .debug_abbrev  0x00000000000009fa      0x270 Core/Src/stm32f1xx_hal_msp.o
 .debug_abbrev  0x0000000000000c6a      0x223 Core/Src/stm32f1xx_it.o
 .debug_abbrev  0x0000000000000e8d      0x2fe Core/Src/synth.o
 .debug_abbrev  0x000000000000118b      0x154 Core/Src/system_stm32f1xx.o
 .debug_abbrev  0x00000000000012df      0x290 Core/Src/ui.o
 .debug_abbrev  0x000000000000156f      0x2f5 Core/Src/ui_fsm.o
 .debug_abbrev  0x0000000000001864       0x12 Core/Startup/startup_stm32f103cbtx.o
 .debug_abbrev  0x0000000000001876      0x27e Drivers/STM32F1xx_HAL_Driver/Src/stm32f1xx_hal.o
 .debug_abbrev  0x0000000000001af4      0x35e Drivers/STM32F1xx_HAL_Driver/Src/stm32f1xx_hal_cortex.o
 .debug_abbrev  0x0000000000001e52      0x280 Drivers/STM32F1xx_HAL_Driver/Src/stm32f1xx_hal_dma.o
 .debug_abbrev  0x00000000000020d2      0x228 Drivers/STM32F1xx_HAL_Driver/Src/stm32f1xx_hal_gpio.o
 .debug_abbrev  0x00000000000022fa      0x453 Drivers/STM32F1xx_HAL_Driver/Src/stm32f1xx_hal_i2c.o
 .debug_abbrev  0x000000000000274d      0x32b Drivers/STM32F1xx_HAL_Driver/Src/stm32f1xx_hal_rcc.o
 .debug_abbrev  0x0000000000002a78      0x368 Drivers/STM32F1xx_HAL_Driver/Src/stm32f1xx_hal_spi.o
 .debug_abbrev  0x0000000000002de0      0x3ab Drivers/STM32F1xx_HAL_Driver/Src/stm32f1xx_hal_tim.o
 .debug_abbrev  0x000000000000318b      0x355 Drivers/STM32F1xx_HAL_Driver/Src/stm32f1xx_hal_tim_ex.o
 .debug_abbrev  0x00000000000034e0      0x3da Drivers/STM32F1xx_HAL_Driver/Src/stm32f1xx_hal_uart.o

.debug_loc      0x0000000000000000    0x1642a
 .debug_loc     0x0000000000000000       0x4a Core/Src/audio_out.o
 .debug_loc     0x000000000000004a       0x84 Core/Src/main.o
 .debug_loc     0x00000000000000ce       0x88 Core/Src/midi.o
 .debug_loc     0x0000000000000156       0x9b Core/Src/phase.o
 .debug_loc     0x00000000000001f1      0x147 Core/Src/stm32f1xx_hal_msp.o
 .debug_loc     0x0000000000000338     0x26cf Core/Src/synth.o
 .debug_loc     0x0000000000002a07       0xe7 Core/Src/system_stm32f1xx.o
 .debug_loc     0x0000000000002aee      0x2c5 Core/Src/ui.o
 .debug_loc     0x0000000000002db3       0xf1 Core/Src/ui_fsm.o
 .debug_loc     0x0000000000002ea4      0x168 Drivers/STM32F1xx_HAL_Driver/Src/stm32f1xx_hal.o
 .debug_loc     0x000000000000300c      0x75e Drivers/STM32F1xx_HAL_Driver/Src/stm32f1xx_hal_cortex.o
 .debug_loc     0x000000000000376a      0xa9d Drivers/STM32F1xx_HAL_Driver/Src/stm32f1xx_hal_dma.o
 .debug_loc     0x0000000000004207      0x4a1 Drivers/STM32F1xx_HAL_Driver/Src/stm32f1xx_hal_gpio.o
 .debug_loc     0x00000000000046a8     0x4bc0 Drivers/STM32F1xx_HAL_Driver/Src/stm32f1xx_hal_i2c.o
 .debug_loc     0x0000000000009268      0x6fe Drivers/STM32F1xx_HAL_Driver/Src/stm32f1xx_hal_rcc.o
 .debug_loc     0x0000000000009966     0x21c1 Drivers/STM32F1xx_HAL_Driver/Src/stm32f1xx_hal_spi.o
 .debug_loc     0x000000000000bb27     0x6f67 Drivers/STM32F1xx_HAL_Driver/Src/stm32f1xx_hal_tim.o
 .debug_loc     0x0000000000012a8e     0x185e Drivers/STM32F1xx_HAL_Driver/Src/stm32f1xx_hal_tim_ex.o
 .debug_loc     0x00000000000142ec     0x213e Drivers/STM32F1xx_HAL_Driver/Src/stm32f1xx_hal_uart.o

.debug_aranges  0x0000000000000000      0xdf8
 .debug_aranges
                0x0000000000000000       0x28 Core/Src/audio_out.o
 .debug_aranges
                0x0000000000000028       0x48 Core/Src/main.o
 .debug_aranges
                0x0000000000000070       0x40 Core/Src/midi.o
 .debug_aranges
                0x00000000000000b0       0x28 Core/Src/phase.o
 .debug_aranges
                0x00000000000000d8       0x60 Core/Src/stm32f1xx_hal_msp.o
 .debug_aranges
                0x0000000000000138       0x78 Core/Src/stm32f1xx_it.o
 .debug_aranges
                0x00000000000001b0       0x48 Core/Src/synth.o
 .debug_aranges
                0x00000000000001f8       0x28 Core/Src/system_stm32f1xx.o
 .debug_aranges
                0x0000000000000220       0x50 Core/Src/ui.o
 .debug_aranges
                0x0000000000000270       0x78 Core/Src/ui_fsm.o
 .debug_aranges
                0x00000000000002e8       0x28 Core/Startup/startup_stm32f103cbtx.o
 .debug_aranges
                0x0000000000000310       0xd8 Drivers/STM32F1xx_HAL_Driver/Src/stm32f1xx_hal.o
 .debug_aranges
                0x00000000000003e8       0x90 Drivers/STM32F1xx_HAL_Driver/Src/stm32f1xx_hal_cortex.o
 .debug_aranges
                0x0000000000000478       0x78 Drivers/STM32F1xx_HAL_Driver/Src/stm32f1xx_hal_dma.o
 .debug_aranges
                0x00000000000004f0       0x58 Drivers/STM32F1xx_HAL_Driver/Src/stm32f1xx_hal_gpio.o
 .debug_aranges
                0x0000000000000548      0x198 Drivers/STM32F1xx_HAL_Driver/Src/stm32f1xx_hal_i2c.o
 .debug_aranges
                0x00000000000006e0       0x88 Drivers/STM32F1xx_HAL_Driver/Src/stm32f1xx_hal_rcc.o
 .debug_aranges
                0x0000000000000768      0x180 Drivers/STM32F1xx_HAL_Driver/Src/stm32f1xx_hal_spi.o
 .debug_aranges
                0x00000000000008e8      0x278 Drivers/STM32F1xx_HAL_Driver/Src/stm32f1xx_hal_tim.o
 .debug_aranges
                0x0000000000000b60      0x110 Drivers/STM32F1xx_HAL_Driver/Src/stm32f1xx_hal_tim_ex.o
 .debug_aranges
                0x0000000000000c70      0x188 Drivers/STM32F1xx_HAL_Driver/Src/stm32f1xx_hal_uart.o

.debug_ranges   0x0000000000000000     0x35a8
 .debug_ranges  0x0000000000000000       0x18 Core/Src/audio_out.o
 .debug_ranges  0x0000000000000018      0x1f0 Core/Src/main.o
 .debug_ranges  0x0000000000000208       0x30 Core/Src/midi.o
 .debug_ranges  0x0000000000000238       0x18 Core/Src/phase.o
 .debug_ranges  0x0000000000000250      0x190 Core/Src/stm32f1xx_hal_msp.o
 .debug_ranges  0x00000000000003e0       0x68 Core/Src/stm32f1xx_it.o
 .debug_ranges  0x0000000000000448      0x8e8 Core/Src/synth.o
 .debug_ranges  0x0000000000000d30       0x18 Core/Src/system_stm32f1xx.o
 .debug_ranges  0x0000000000000d48      0x130 Core/Src/ui.o
 .debug_ranges  0x0000000000000e78       0x80 Core/Src/ui_fsm.o
 .debug_ranges  0x0000000000000ef8       0x20 Core/Startup/startup_stm32f103cbtx.o
 .debug_ranges  0x0000000000000f18       0xc8 Drivers/STM32F1xx_HAL_Driver/Src/stm32f1xx_hal.o
 .debug_ranges  0x0000000000000fe0      0x180 Drivers/STM32F1xx_HAL_Driver/Src/stm32f1xx_hal_cortex.o
 .debug_ranges  0x0000000000001160       0xc8 Drivers/STM32F1xx_HAL_Driver/Src/stm32f1xx_hal_dma.o
 .debug_ranges  0x0000000000001228       0x68 Drivers/STM32F1xx_HAL_Driver/Src/stm32f1xx_hal_gpio.o
 .debug_ranges  0x0000000000001290      0xdf0 Drivers/STM32F1xx_HAL_Driver/Src/stm32f1xx_hal_i2c.o
 .debug_ranges  0x0000000000002080      0x138 Drivers/STM32F1xx_HAL_Driver/Src/stm32f1xx_hal_rcc.o
 .debug_ranges  0x00000000000021b8      0x418 Drivers/STM32F1xx_HAL_Driver/Src/stm32f1xx_hal_spi.o
 .debug_ranges  0x00000000000025d0      0x918 Drivers/STM32F1xx_HAL_Driver/Src/stm32f1xx_hal_tim.o
 .debug_ranges  0x0000000000002ee8      0x260 Drivers/STM32F1xx_HAL_Driver/Src/stm32f1xx_hal_tim_ex.o
 .debug_ranges  0x0000000000003148      0x460 Drivers/STM32F1xx_HAL_Driver/Src/stm32f1xx_hal_uart.o

.debug_macro    0x0000000000000000    0x182ae
 .debug_macro   0x0000000000000000      0x1e7 Core/Src/audio_out.o
 .debug_macro   0x00000000000001e7      0xa9c Core/Src/audio_out.o
 .debug_macro   0x0000000000000c83      0x22d Core/Src/audio_out.o
 .debug_macro   0x0000000000000eb0       0x2e Core/Src/audio_out.o
 .debug_macro   0x0000000000000ede       0x22 Core/Src/audio_out.o
 .debug_macro   0x0000000000000f00       0x22 Core/Src/audio_out.o
 .debug_macro   0x0000000000000f22       0x8e Core/Src/audio_out.o
 .debug_macro   0x0000000000000fb0       0x51 Core/Src/audio_out.o
 .debug_macro   0x0000000000001001      0x103 Core/Src/audio_out.o
 .debug_macro   0x0000000000001104       0x6a Core/Src/audio_out.o
 .debug_macro   0x000000000000116e      0x1df Core/Src/audio_out.o
 .debug_macro   0x000000000000134d       0x1c Core/Src/audio_out.o
 .debug_macro   0x0000000000001369       0x22 Core/Src/audio_out.o
 .debug_macro   0x000000000000138b       0xc3 Core/Src/audio_out.o
 .debug_macro   0x000000000000144e      0xd23 Core/Src/audio_out.o
 .debug_macro   0x0000000000002171     0xe09e Core/Src/audio_out.o
 .debug_macro   0x000000000001020f       0x6d Core/Src/audio_out.o
 .debug_macro   0x000000000001027c     0x3468 Core/Src/audio_out.o
 .debug_macro   0x00000000000136e4      0x174 Core/Src/audio_out.o
 .debug_macro   0x0000000000013858       0x5c Core/Src/audio_out.o
 .debug_macro   0x00000000000138b4      0x5be Core/Src/audio_out.o
 .debug_macro   0x0000000000013e72      0x289 Core/Src/audio_out.o
 .debug_macro   0x00000000000140fb      0x1cb Core/Src/audio_out.o
 .debug_macro   0x00000000000142c6      0x114 Core/Src/audio_out.o
 .debug_macro   0x00000000000143da      0x1b2 Core/Src/audio_out.o
 .debug_macro   0x000000000001458c       0x27 Core/Src/audio_out.o
 .debug_macro   0x00000000000145b3      0x136 Core/Src/audio_out.o
 .debug_macro   0x00000000000146e9      0x1bc Core/Src/audio_out.o
 .debug_macro   0x00000000000148a5       0x34 Core/Src/audio_out.o
 .debug_macro   0x00000000000148d9       0x3c Core/Src/audio_out.o
 .debug_macro   0x0000000000014915       0x57 Core/Src/audio_out.o
 .debug_macro   0x000000000001496c       0x88 Core/Src/audio_out.o
 .debug_macro   0x00000000000149f4      0x241 Core/Src/audio_out.o
 .debug_macro   0x0000000000014c35      0x287 Core/Src/audio_out.o
 .debug_macro   0x0000000000014ebc      0x141 Core/Src/audio_out.o
 .debug_macro   0x0000000000014ffd      0x217 Core/Src/audio_out.o
 .debug_macro   0x0000000000015214      0x8d1 Core/Src/audio_out.o
 .debug_macro   0x0000000000015ae5      0x279 Core/Src/audio_out.o
 .debug_macro   0x0000000000015d5e       0x83 Core/Src/audio_out.o
 .debug_macro   0x0000000000015de1       0x16 Core/Src/audio_out.o
 .debug_macro   0x0000000000015df7       0x1c Core/Src/audio_out.o
 .debug_macro   0x0000000000015e13       0x1c Core/Src/audio_out.o
 .debug_macro   0x0000000000015e2f       0x10 Core/Src/audio_out.o
 .debug_macro   0x0000000000015e3f      0x217 Core/Src/main.o
 .debug_macro   0x0000000000016056       0x16 Core/Src/main.o
 .debug_macro   0x000000000001606c       0xd0 Core/Src/main.o
 .debug_macro   0x000000000001613c       0x22 Core/Src/main.o
 .debug_macro   0x000000000001615e      0x1e8 Core/Src/midi.o
 .debug_macro   0x0000000000016346      0x1c6 Core/Src/phase.o
 .debug_macro   0x000000000001650c       0x10 Core/Src/phase.o
 .debug_macro   0x000000000001651c      0x1c1 Core/Src/stm32f1xx_hal_msp.o
 .debug_macro   0x00000000000166dd      0x1cb Core/Src/stm32f1xx_it.o
 .debug_macro   0x00000000000168a8      0x1d8 Core/Src/synth.o
 .debug_macro   0x0000000000016a80      0x1b7 Core/Src/system_stm32f1xx.o
 .debug_macro   0x0000000000016c37      0x1c6 Core/Src/ui.o
 .debug_macro   0x0000000000016dfd       0xca Core/Src/ui.o
 .debug_macro   0x0000000000016ec7      0x1cf Core/Src/ui_fsm.o
 .debug_macro   0x0000000000017096      0x1db Drivers/STM32F1xx_HAL_Driver/Src/stm32f1xx_hal.o
 .debug_macro   0x0000000000017271      0x1b7 Drivers/STM32F1xx_HAL_Driver/Src/stm32f1xx_hal_cortex.o
 .debug_macro   0x0000000000017428      0x1b7 Drivers/STM32F1xx_HAL_Driver/Src/stm32f1xx_hal_dma.o
 .debug_macro   0x00000000000175df      0x222 Drivers/STM32F1xx_HAL_Driver/Src/stm32f1xx_hal_gpio.o
 .debug_macro   0x0000000000017801      0x1fe Drivers/STM32F1xx_HAL_Driver/Src/stm32f1xx_hal_i2c.o
 .debug_macro   0x00000000000179ff      0x1c9 Drivers/STM32F1xx_HAL_Driver/Src/stm32f1xx_hal_rcc.o
 .debug_macro   0x0000000000017bc8      0x1bf Drivers/STM32F1xx_HAL_Driver/Src/stm32f1xx_hal_spi.o
 .debug_macro   0x0000000000017d87      0x1b8 Drivers/STM32F1xx_HAL_Driver/Src/stm32f1xx_hal_tim.o
 .debug_macro   0x0000000000017f3f      0x1b7 Drivers/STM32F1xx_HAL_Driver/Src/stm32f1xx_hal_tim_ex.o
 .debug_macro   0x00000000000180f6      0x1b8 Drivers/STM32F1xx_HAL_Driver/Src/stm32f1xx_hal_uart.o

.debug_line     0x0000000000000000    0x200e7
 .debug_line    0x0000000000000000      0x747 Core/Src/audio_out.o
 .debug_line    0x0000000000000747      0xc04 Core/Src/main.o
 .debug_line    0x000000000000134b      0x931 Core/Src/midi.o
 .debug_line    0x0000000000001c7c      0x6c7 Core/Src/phase.o
 .debug_line    0x0000000000002343      0x9b9 Core/Src/stm32f1xx_hal_msp.o
 .debug_line    0x0000000000002cfc      0x7fa Core/Src/stm32f1xx_it.o
 .debug_line    0x00000000000034f6     0x2354 Core/Src/synth.o
 .debug_line    0x000000000000584a      0x72e Core/Src/system_stm32f1xx.o
 .debug_line    0x0000000000005f78      0x959 Core/Src/ui.o
 .debug_line    0x00000000000068d1      0x8cf Core/Src/ui_fsm.o
 .debug_line    0x00000000000071a0       0x87 Core/Startup/startup_stm32f103cbtx.o
 .debug_line    0x0000000000007227      0x9fc Drivers/STM32F1xx_HAL_Driver/Src/stm32f1xx_hal.o
 .debug_line    0x0000000000007c23      0xbc8 Drivers/STM32F1xx_HAL_Driver/Src/stm32f1xx_hal_cortex.o
 .debug_line    0x00000000000087eb     0x11c6 Drivers/STM32F1xx_HAL_Driver/Src/stm32f1xx_hal_dma.o
 .debug_line    0x00000000000099b1      0xb71 Drivers/STM32F1xx_HAL_Driver/Src/stm32f1xx_hal_gpio.o
 .debug_line    0x000000000000a522     0x6ab2 Drivers/STM32F1xx_HAL_Driver/Src/stm32f1xx_hal_i2c.o
 .debug_line    0x0000000000010fd4     0x128a Drivers/STM32F1xx_HAL_Driver/Src/stm32f1xx_hal_rcc.o
 .debug_line    0x000000000001225e     0x2fb3 Drivers/STM32F1xx_HAL_Driver/Src/stm32f1xx_hal_spi.o
 .debug_line    0x0000000000015211     0x6115 Drivers/STM32F1xx_HAL_Driver/Src/stm32f1xx_hal_tim.o
 .debug_line    0x000000000001b326     0x1e95 Drivers/STM32F1xx_HAL_Driver/Src/stm32f1xx_hal_tim_ex.o
 .debug_line    0x000000000001d1bb     0x2f2c Drivers/STM32F1xx_HAL_Driver/Src/stm32f1xx_hal_uart.o

.debug_str      0x0000000000000000    0x8b5e5
 .debug_str     0x0000000000000000    0x86634 Core/Src/audio_out.o
                                      0x86a63 (size before relaxing)
 .debug_str     0x0000000000086634     0x12bc Core/Src/main.o
                                      0x87e8f (size before relaxing)
 .debug_str     0x00000000000878f0       0xb0 Core/Src/midi.o
                                      0x867fc (size before relaxing)
 .debug_str     0x00000000000879a0       0x3f Core/Src/phase.o
                                      0x861c1 (size before relaxing)
 .debug_str     0x00000000000879df      0x13d Core/Src/stm32f1xx_hal_msp.o
                                      0x8709f (size before relaxing)
 .debug_str     0x0000000000087b1c      0x180 Core/Src/stm32f1xx_it.o
                                      0x86ba5 (size before relaxing)
 .debug_str     0x0000000000087c9c       0xb3 Core/Src/synth.o
                                      0x86429 (size before relaxing)
 .debug_str     0x0000000000087d4f       0x52 Core/Src/system_stm32f1xx.o
                                      0x8617d (size before relaxing)
 .debug_str     0x0000000000087da1      0x10a Core/Src/ui.o
                                      0x869e9 (size before relaxing)
 .debug_str     0x0000000000087eab      0x2a1 Core/Src/ui_fsm.o
                                      0x870d7 (size before relaxing)
 .debug_str     0x000000000008814c       0x36 Core/Startup/startup_stm32f103cbtx.o
                                         0x71 (size before relaxing)
 .debug_str     0x0000000000088182      0x30b Drivers/STM32F1xx_HAL_Driver/Src/stm32f1xx_hal.o
                                      0x86853 (size before relaxing)
 .debug_str     0x000000000008848d      0x294 Drivers/STM32F1xx_HAL_Driver/Src/stm32f1xx_hal_cortex.o
                                      0x86816 (size before relaxing)
 .debug_str     0x0000000000088721      0x201 Drivers/STM32F1xx_HAL_Driver/Src/stm32f1xx_hal_dma.o
                                      0x86564 (size before relaxing)
 .debug_str     0x0000000000088922      0x2a3 Drivers/STM32F1xx_HAL_Driver/Src/stm32f1xx_hal_gpio.o
                                      0x86541 (size before relaxing)
 .debug_str     0x0000000000088bc5      0xb05 Drivers/STM32F1xx_HAL_Driver/Src/stm32f1xx_hal_i2c.o
                                      0x8720d (size before relaxing)
 .debug_str     0x00000000000896ca      0x209 Drivers/STM32F1xx_HAL_Driver/Src/stm32f1xx_hal_rcc.o
                                      0x865a1 (size before relaxing)
 .debug_str     0x00000000000898d3      0x521 Drivers/STM32F1xx_HAL_Driver/Src/stm32f1xx_hal_spi.o
                                      0x86ac5 (size before relaxing)
 .debug_str     0x0000000000089df4      0xdb1 Drivers/STM32F1xx_HAL_Driver/Src/stm32f1xx_hal_tim.o
                                      0x8759f (size before relaxing)
 .debug_str     0x000000000008aba5      0x4b0 Drivers/STM32F1xx_HAL_Driver/Src/stm32f1xx_hal_tim_ex.o
                                      0x86da0 (size before relaxing)
 .debug_str     0x000000000008b055      0x590 Drivers/STM32F1xx_HAL_Driver/Src/stm32f1xx_hal_uart.o
                                      0x86be3 (size before relaxing)

.comment        0x0000000000000000       0x53
 .comment       0x0000000000000000       0x53 Core/Src/audio_out.o
                                         0x54 (size before relaxing)
 .comment       0x0000000000000053       0x54 Core/Src/main.o
 .comment       0x0000000000000053       0x54 Core/Src/midi.o
 .comment       0x0000000000000053       0x54 Core/Src/phase.o
 .comment       0x0000000000000053       0x54 Core/Src/stm32f1xx_hal_msp.o
 .comment       0x0000000000000053       0x54 Core/Src/stm32f1xx_it.o
 .comment       0x0000000000000053       0x54 Core/Src/synth.o
 .comment       0x0000000000000053       0x54 Core/Src/system_stm32f1xx.o
 .comment       0x0000000000000053       0x54 Core/Src/ui.o
 .comment       0x0000000000000053       0x54 Core/Src/ui_fsm.o
 .comment       0x0000000000000053       0x54 Drivers/STM32F1xx_HAL_Driver/Src/stm32f1xx_hal.o
 .comment       0x0000000000000053       0x54 Drivers/STM32F1xx_HAL_Driver/Src/stm32f1xx_hal_cortex.o
 .comment       0x0000000000000053       0x54 Drivers/STM32F1xx_HAL_Driver/Src/stm32f1xx_hal_dma.o
 .comment       0x0000000000000053       0x54 Drivers/STM32F1xx_HAL_Driver/Src/stm32f1xx_hal_gpio.o
 .comment       0x0000000000000053       0x54 Drivers/STM32F1xx_HAL_Driver/Src/stm32f1xx_hal_i2c.o
 .comment       0x0000000000000053       0x54 Drivers/STM32F1xx_HAL_Driver/Src/stm32f1xx_hal_rcc.o
 .comment       0x0000000000000053       0x54 Drivers/STM32F1xx_HAL_Driver/Src/stm32f1xx_hal_spi.o
 .comment       0x0000000000000053       0x54 Drivers/STM32F1xx_HAL_Driver/Src/stm32f1xx_hal_tim.o
 .comment       0x0000000000000053       0x54 Drivers/STM32F1xx_HAL_Driver/Src/stm32f1xx_hal_tim_ex.o
 .comment       0x0000000000000053       0x54 Drivers/STM32F1xx_HAL_Driver/Src/stm32f1xx_hal_uart.o

.debug_frame    0x0000000000000000     0x3688
 .debug_frame   0x0000000000000000       0x40 Core/Src/audio_out.o
 .debug_frame   0x0000000000000040       0xac Core/Src/main.o
 .debug_frame   0x00000000000000ec       0xc8 Core/Src/midi.o
 .debug_frame   0x00000000000001b4       0x30 Core/Src/phase.o
 .debug_frame   0x00000000000001e4      0x120 Core/Src/stm32f1xx_hal_msp.o
 .debug_frame   0x0000000000000304       0xfc Core/Src/stm32f1xx_it.o
 .debug_frame   0x0000000000000400       0xcc Core/Src/synth.o
 .debug_frame   0x00000000000004cc       0x30 Core/Src/system_stm32f1xx.o
 .debug_frame   0x00000000000004fc       0xf0 Core/Src/ui.o
 .debug_frame   0x00000000000005ec      0x318 Core/Src/ui_fsm.o
 .debug_frame   0x0000000000000904      0x1d4 Drivers/STM32F1xx_HAL_Driver/Src/stm32f1xx_hal.o
 .debug_frame   0x0000000000000ad8      0x138 Drivers/STM32F1xx_HAL_Driver/Src/stm32f1xx_hal_cortex.o
 .debug_frame   0x0000000000000c10      0x198 Drivers/STM32F1xx_HAL_Driver/Src/stm32f1xx_hal_dma.o
 .debug_frame   0x0000000000000da8       0xec Drivers/STM32F1xx_HAL_Driver/Src/stm32f1xx_hal_gpio.o
 .debug_frame   0x0000000000000e94      0x8e4 Drivers/STM32F1xx_HAL_Driver/Src/stm32f1xx_hal_i2c.o
 .debug_frame   0x0000000000001778      0x1b0 Drivers/STM32F1xx_HAL_Driver/Src/stm32f1xx_hal_rcc.o
 .debug_frame   0x0000000000001928      0x654 Drivers/STM32F1xx_HAL_Driver/Src/stm32f1xx_hal_spi.o
 .debug_frame   0x0000000000001f7c      0xc48 Drivers/STM32F1xx_HAL_Driver/Src/stm32f1xx_hal_tim.o
 .debug_frame   0x0000000000002bc4      0x450 Drivers/STM32F1xx_HAL_Driver/Src/stm32f1xx_hal_tim_ex.o
 .debug_frame   0x0000000000003014      0x628 Drivers/STM32F1xx_HAL_Driver/Src/stm32f1xx_hal_uart.o
 .debug_frame   0x000000000000363c       0x2c c:/st/stm32cubeide_1.6.0/stm32cubeide/plugins/com.st.stm32cube.ide.mcu.externaltools.gnu-tools-for-stm32.9-2020-q2-update.win32_1.5.0.202011040924/tools/bin/../lib/gcc/arm-none-eabi/9.3.1/../../../../arm-none-eabi/lib/thumb/v7-m/nofp\libc_nano.a(lib_a-init.o)
 .debug_frame   0x0000000000003668       0x20 c:/st/stm32cubeide_1.6.0/stm32cubeide/plugins/com.st.stm32cube.ide.mcu.externaltools.gnu-tools-for-stm32.9-2020-q2-update.win32_1.5.0.202011040924/tools/bin/../lib/gcc/arm-none-eabi/9.3.1/../../../../arm-none-eabi/lib/thumb/v7-m/nofp\libc_nano.a(lib_a-memset.o)
