stm32f1xx_it.c:73:6:NMI_Handler	0	static
stm32f1xx_it.c:88:6:HardFault_Handler	0	static
stm32f1xx_it.c:103:6:MemManage_Handler	0	static
stm32f1xx_it.c:118:6:BusFault_Handler	0	static
stm32f1xx_it.c:133:6:UsageFault_Handler	0	static
stm32f1xx_it.c:148:6:SVC_Handler	0	static
stm32f1xx_it.c:161:6:DebugMon_Handler	0	static
stm32f1xx_it.c:174:6:PendSV_Handler	0	static
stm32f1xx_it.c:187:6:SysTick_Handler	0	static
stm32f1xx_it.c:208:6:EXTI3_IRQHandler	0	static
stm32f1xx_it.c:222:6:DMA1_Channel4_IRQHandler	0	static
stm32f1xx_it.c:236:6:EXTI9_5_IRQHandler	8	static
stm32f1xx_it.c:253:6:TIM2_IRQHandler	0	static
stm32f1xx_it.c:268:6:I2C2_EV_IRQHandler	0	static
stm32f1xx_it.c:282:6:USART1_IRQHandler	0	static
stm32f1xx_it.c:296:6:EXTI15_10_IRQHandler	8	static
