ui_fsm.c:225:6:input_invalid	0	static
ui_fsm.c:228:6:change_inc_dec	0	static
ui_fsm.c:237:6:select_menu_amp	0	static
ui_fsm.c:241:6:select_menu_ratio	0	static
ui_fsm.c:244:6:select_menu_detune	0	static
ui_fsm.c:248:6:select_menu_env	0	static
ui_fsm.c:252:6:select_menu_fdbk	0	static
ui_fsm.c:256:6:select_menu_lfo	0	static
ui_fsm.c:260:6:select_menu_algo	0	static
ui_fsm.c:264:6:select_menu_instr	0	static
ui_fsm.c:268:6:enter_menu_amp	40	static
ui_fsm.c:282:6:enter_menu_ratio	40	static
ui_fsm.c:296:6:enter_menu_detune	40	static
ui_fsm.c:310:6:enter_menu_env	40	static
ui_fsm.c:322:6:enter_menu_env_op	40	static
ui_fsm.c:345:6:enter_menu_algo	40	static
ui_fsm.c:434:6:temp_set_instr	0	static
ui_fsm.c:337:6:enter_menu_fdbk	0	static
ui_fsm.c:341:6:enter_menu_lfo	0	static
ui_fsm.c:356:6:enter_menu_instr	0	static
ui_fsm.c:360:6:inc_menu_env_op	0	static
ui_fsm.c:363:6:inc_set_amp	0	static
ui_fsm.c:366:6:inc_set_ratio	0	static
ui_fsm.c:369:6:inc_set_detune	0	static
ui_fsm.c:372:6:inc_set_env	0	static
ui_fsm.c:375:6:inc_set_fdbk	0	static
ui_fsm.c:378:6:inc_set_lfo	0	static
ui_fsm.c:381:6:inc_set_algo	0	static
ui_fsm.c:384:6:inc_set_instr	0	static
ui_fsm.c:388:6:dec_set_amp	0	static
ui_fsm.c:391:6:dec_set_ratio	0	static
ui_fsm.c:394:6:dec_set_detune	0	static
ui_fsm.c:397:6:dec_set_env	0	static
ui_fsm.c:400:6:dec_set_fdbk	0	static
ui_fsm.c:403:6:dec_set_lfo	0	static
ui_fsm.c:406:6:dec_set_algo	0	static
ui_fsm.c:409:6:dec_set_instr	0	static
ui_fsm.c:413:6:temp_set_amp	0	static
ui_fsm.c:416:6:temp_set_ratio	0	static
ui_fsm.c:419:6:temp_set_detune	0	static
ui_fsm.c:422:6:temp_set_env	0	static
ui_fsm.c:425:6:temp_set_fdbk	0	static
ui_fsm.c:428:6:temp_set_lfo	0	static
ui_fsm.c:431:6:temp_set_algo	0	static
ui_fsm.c:189:6:init_ui	32	static
ui_fsm.c:217:6:fsm	24	static
