ui_fsm.c:245:6:input_invalid	0	static
ui_fsm.c:248:6:change_inc_dec	0	static
ui_fsm.c:257:6:select_menu_amp	0	static
ui_fsm.c:261:6:select_menu_ratio	0	static
ui_fsm.c:264:6:select_menu_detune	0	static
ui_fsm.c:268:6:select_menu_env	0	static
ui_fsm.c:272:6:select_menu_algo	0	static
ui_fsm.c:276:6:select_menu_instr	0	static
ui_fsm.c:301:6:enter_menu_env	40	static
ui_fsm.c:322:6:inc_menu_env_op	40	static
ui_fsm.c:313:6:enter_menu_algo	40	static
ui_fsm.c:568:6:temp_set_algo	40	static
ui_fsm.c:398:6:inc_set_algo	40	static
ui_fsm.c:280:6:enter_menu_amp	40	static
ui_fsm.c:287:6:enter_menu_ratio	40	static
ui_fsm.c:294:6:enter_menu_detune	40	static
ui_fsm.c:318:6:enter_menu_instr	40	static
ui_fsm.c:535:6:temp_set_detune	40	static
ui_fsm.c:517:6:temp_set_amp	40	static
ui_fsm.c:526:6:temp_set_ratio	40	static
ui_fsm.c:329:6:inc_set_amp	40	static
ui_fsm.c:425:6:dec_set_amp	40	static
ui_fsm.c:350:6:inc_set_detune	40	static
ui_fsm.c:446:6:dec_set_detune	40	static
ui_fsm.c:337:6:inc_set_ratio	40	static
ui_fsm.c:433:6:dec_set_ratio	40	static
ui_fsm.c:494:6:dec_set_instr	72	static
ui_fsm.c:405:6:inc_set_instr	72	static
ui_fsm.c:209:6:init_ui	32	static
ui_fsm.c:237:6:fsm	24	static
ui_fsm.c:575:6:temp_set_instr	0	static
ui_fsm.c:579:6:display_update_menu_amp	40	static
ui_fsm.c:593:6:display_update_menu_ratio	40	static
ui_fsm.c:607:6:display_update_menu_detune	40	static
ui_fsm.c:621:6:display_update_menu_env	40	static
ui_fsm.c:633:6:display_update_menu_env_op	40	static
ui_fsm.c:305:6:enter_menu_env_op	8	static
ui_fsm.c:363:6:inc_set_env	4	static
ui_fsm.c:459:6:dec_set_env	4	static
ui_fsm.c:544:6:temp_set_env	32	static
ui_fsm.c:648:6:display_update_menu_algo	40	static
ui_fsm.c:660:6:display_update_menu_instr	40	static
