ui_fsm.c:223:6:input_invalid	0	static
ui_fsm.c:226:6:change_inc_dec	0	static
ui_fsm.c:544:6:temp_set_algo	0	static
ui_fsm.c:235:6:select_menu_amp	0	static
ui_fsm.c:239:6:select_menu_ratio	0	static
ui_fsm.c:242:6:select_menu_detune	0	static
ui_fsm.c:246:6:select_menu_env	0	static
ui_fsm.c:250:6:select_menu_fdbk	0	static
ui_fsm.c:254:6:select_menu_lfo	0	static
ui_fsm.c:258:6:select_menu_algo	0	static
ui_fsm.c:262:6:select_menu_instr	0	static
ui_fsm.c:299:6:enter_menu_fdbk	0	static
ui_fsm.c:303:6:enter_menu_lfo	0	static
ui_fsm.c:312:6:enter_menu_instr	0	static
ui_fsm.c:392:6:inc_set_fdbk	0	static
ui_fsm.c:396:6:inc_set_lfo	0	static
ui_fsm.c:407:6:inc_set_instr	0	static
ui_fsm.c:480:6:dec_set_fdbk	0	static
ui_fsm.c:484:6:dec_set_lfo	0	static
ui_fsm.c:488:6:dec_set_instr	0	static
ui_fsm.c:536:6:temp_set_fdbk	0	static
ui_fsm.c:540:6:temp_set_lfo	0	static
ui_fsm.c:550:6:temp_set_instr	0	static
ui_fsm.c:287:6:enter_menu_env	40	static
ui_fsm.c:307:6:enter_menu_algo	40	static
ui_fsm.c:316:6:inc_menu_env_op	40	static
ui_fsm.c:400:6:inc_set_algo	40	static
ui_fsm.c:266:6:enter_menu_amp	40	static
ui_fsm.c:273:6:enter_menu_ratio	40	static
ui_fsm.c:280:6:enter_menu_detune	40	static
ui_fsm.c:510:6:temp_set_detune	40	static
ui_fsm.c:492:6:temp_set_amp	40	static
ui_fsm.c:501:6:temp_set_ratio	40	static
ui_fsm.c:323:6:inc_set_amp	40	static
ui_fsm.c:411:6:dec_set_amp	40	static
ui_fsm.c:432:6:dec_set_detune	40	static
ui_fsm.c:344:6:inc_set_detune	40	static
ui_fsm.c:331:6:inc_set_ratio	40	static
ui_fsm.c:419:6:dec_set_ratio	40	static
ui_fsm.c:187:6:init_ui	32	static
ui_fsm.c:215:6:fsm	24	static
ui_fsm.c:554:6:display_update_menu_amp	40	static
ui_fsm.c:568:6:display_update_menu_ratio	40	static
ui_fsm.c:582:6:display_update_menu_detune	40	static
ui_fsm.c:596:6:display_update_menu_env	40	static
ui_fsm.c:608:6:display_update_menu_env_op	40	static
ui_fsm.c:291:6:enter_menu_env_op	8	static
ui_fsm.c:357:6:inc_set_env	4	static
ui_fsm.c:445:6:dec_set_env	4	static
ui_fsm.c:519:6:temp_set_env	16	static
ui_fsm.c:623:6:display_update_menu_fdbk	0	static
ui_fsm.c:627:6:display_update_menu_lfo	0	static
ui_fsm.c:631:6:display_update_menu_algo	40	static
ui_fsm.c:643:6:display_update_menu_instr	0	static
