ui_fsm.c:212:6:input_invalid	0	static
ui_fsm.c:215:6:change_inc_dec	0	static
ui_fsm.c:224:6:select_menu_amp	0	static
ui_fsm.c:228:6:select_menu_ratio	0	static
ui_fsm.c:231:6:select_menu_detune	0	static
ui_fsm.c:235:6:select_menu_env	0	static
ui_fsm.c:239:6:select_menu_algo	0	static
ui_fsm.c:243:6:select_menu_instr	0	static
ui_fsm.c:268:6:enter_menu_env	40	static
ui_fsm.c:289:6:inc_menu_env_op	40	static
ui_fsm.c:280:6:enter_menu_algo	40	static
ui_fsm.c:535:6:temp_set_algo	40	static
ui_fsm.c:365:6:inc_set_algo	40	static
ui_fsm.c:247:6:enter_menu_amp	40	static
ui_fsm.c:254:6:enter_menu_ratio	40	static
ui_fsm.c:261:6:enter_menu_detune	40	static
ui_fsm.c:285:6:enter_menu_instr	40	static
ui_fsm.c:502:6:temp_set_detune	40	static
ui_fsm.c:484:6:temp_set_amp	40	static
ui_fsm.c:493:6:temp_set_ratio	40	static
ui_fsm.c:296:6:inc_set_amp	40	static
ui_fsm.c:392:6:dec_set_amp	40	static
ui_fsm.c:317:6:inc_set_detune	40	static
ui_fsm.c:413:6:dec_set_detune	40	static
ui_fsm.c:304:6:inc_set_ratio	40	static
ui_fsm.c:400:6:dec_set_ratio	40	static
ui_fsm.c:461:6:dec_set_instr	72	static
ui_fsm.c:372:6:inc_set_instr	72	static
ui_fsm.c:176:6:init_ui	32	static
ui_fsm.c:204:6:fsm	24	static
ui_fsm.c:542:6:temp_set_instr	0	static
ui_fsm.c:546:6:display_update_menu_amp	40	static
ui_fsm.c:560:6:display_update_menu_ratio	40	static
ui_fsm.c:574:6:display_update_menu_detune	40	static
ui_fsm.c:588:6:display_update_menu_env	40	static
ui_fsm.c:600:6:display_update_menu_env_op	40	static
ui_fsm.c:272:6:enter_menu_env_op	8	static
ui_fsm.c:330:6:inc_set_env	4	static
ui_fsm.c:426:6:dec_set_env	4	static
ui_fsm.c:511:6:temp_set_env	32	static
ui_fsm.c:615:6:display_update_menu_algo	40	static
ui_fsm.c:627:6:display_update_menu_instr	40	static
