ui_fsm.c:219:6:input_invalid	0	static
ui_fsm.c:222:6:change_inc_dec	0	static
ui_fsm.c:231:6:select_menu_amp	0	static
ui_fsm.c:235:6:select_menu_ratio	0	static
ui_fsm.c:238:6:select_menu_detune	0	static
ui_fsm.c:242:6:select_menu_env	0	static
ui_fsm.c:246:6:select_menu_fdbk	0	static
ui_fsm.c:250:6:select_menu_lfo	0	static
ui_fsm.c:254:6:select_menu_algo	0	static
ui_fsm.c:258:6:select_menu_instr	0	static
ui_fsm.c:369:6:temp_set_instr	0	static
ui_fsm.c:262:6:enter_menu_amp	0	static
ui_fsm.c:266:6:enter_menu_ratio	0	static
ui_fsm.c:270:6:enter_menu_detune	0	static
ui_fsm.c:274:6:enter_menu_env	0	static
ui_fsm.c:278:6:enter_menu_env_op	0	static
ui_fsm.c:282:6:enter_menu_fdbk	0	static
ui_fsm.c:285:6:enter_menu_lfo	0	static
ui_fsm.c:288:6:enter_menu_algo	0	static
ui_fsm.c:291:6:enter_menu_instr	0	static
ui_fsm.c:295:6:inc_menu_env_op	0	static
ui_fsm.c:298:6:inc_set_amp	0	static
ui_fsm.c:301:6:inc_set_ratio	0	static
ui_fsm.c:304:6:inc_set_detune	0	static
ui_fsm.c:307:6:inc_set_env	0	static
ui_fsm.c:310:6:inc_set_fdbk	0	static
ui_fsm.c:313:6:inc_set_lfo	0	static
ui_fsm.c:316:6:inc_set_algo	0	static
ui_fsm.c:319:6:inc_set_instr	0	static
ui_fsm.c:323:6:dec_set_amp	0	static
ui_fsm.c:326:6:dec_set_ratio	0	static
ui_fsm.c:329:6:dec_set_detune	0	static
ui_fsm.c:332:6:dec_set_env	0	static
ui_fsm.c:335:6:dec_set_fdbk	0	static
ui_fsm.c:338:6:dec_set_lfo	0	static
ui_fsm.c:341:6:dec_set_algo	0	static
ui_fsm.c:344:6:dec_set_instr	0	static
ui_fsm.c:348:6:temp_set_amp	0	static
ui_fsm.c:351:6:temp_set_ratio	0	static
ui_fsm.c:354:6:temp_set_detune	0	static
ui_fsm.c:357:6:temp_set_env	0	static
ui_fsm.c:360:6:temp_set_fdbk	0	static
ui_fsm.c:363:6:temp_set_lfo	0	static
ui_fsm.c:366:6:temp_set_algo	0	static
ui_fsm.c:183:6:init_ui	32	static
ui_fsm.c:211:6:fsm	24	static
