ui_fsm.c:185:6:input_invalid	0	static
ui_fsm.c:188:6:change_inc_dec	0	static
ui_fsm.c:466:6:temp_set_algo	0	static
ui_fsm.c:197:6:select_menu_amp	0	static
ui_fsm.c:201:6:select_menu_ratio	0	static
ui_fsm.c:204:6:select_menu_detune	0	static
ui_fsm.c:208:6:select_menu_env	0	static
ui_fsm.c:212:6:select_menu_algo	0	static
ui_fsm.c:216:6:select_menu_instr	0	static
ui_fsm.c:258:6:enter_menu_instr	0	static
ui_fsm.c:345:6:inc_set_instr	0	static
ui_fsm.c:418:6:dec_set_instr	0	static
ui_fsm.c:472:6:temp_set_instr	0	static
ui_fsm.c:241:6:enter_menu_env	40	static
ui_fsm.c:253:6:enter_menu_algo	40	static
ui_fsm.c:338:6:inc_set_algo	40	static
ui_fsm.c:262:6:inc_menu_env_op	40	static
ui_fsm.c:220:6:enter_menu_amp	40	static
ui_fsm.c:227:6:enter_menu_ratio	40	static
ui_fsm.c:234:6:enter_menu_detune	40	static
ui_fsm.c:440:6:temp_set_detune	40	static
ui_fsm.c:422:6:temp_set_amp	40	static
ui_fsm.c:431:6:temp_set_ratio	40	static
ui_fsm.c:269:6:inc_set_amp	40	static
ui_fsm.c:349:6:dec_set_amp	40	static
ui_fsm.c:370:6:dec_set_detune	40	static
ui_fsm.c:290:6:inc_set_detune	40	static
ui_fsm.c:277:6:inc_set_ratio	40	static
ui_fsm.c:357:6:dec_set_ratio	40	static
ui_fsm.c:149:6:init_ui	32	static
ui_fsm.c:177:6:fsm	24	static
ui_fsm.c:476:6:display_update_menu_amp	40	static
ui_fsm.c:490:6:display_update_menu_ratio	40	static
ui_fsm.c:504:6:display_update_menu_detune	40	static
ui_fsm.c:518:6:display_update_menu_env	40	static
ui_fsm.c:530:6:display_update_menu_env_op	40	static
ui_fsm.c:245:6:enter_menu_env_op	8	static
ui_fsm.c:303:6:inc_set_env	4	static
ui_fsm.c:383:6:dec_set_env	4	static
ui_fsm.c:449:6:temp_set_env	16	static
ui_fsm.c:545:6:display_update_menu_algo	40	static
ui_fsm.c:557:6:display_update_menu_instr	0	static
